[0.029s] Invoking command in '/home/feroj/ros2_ws/build/hunter_description': CMAKE_PREFIX_PATH=${CMAKE_PREFIX_PATH}:/opt/ros/humble /usr/bin/cmake /home/feroj/ros2_ws/src/Hunter_ROS2/hunter_description -DCMAKE_INSTALL_PREFIX=/home/feroj/ros2_ws/install/hunter_description
[0.093s] -- The C compiler identification is GNU 11.4.0
[0.235s] -- The CXX compiler identification is GNU 11.4.0
[0.323s] -- Detecting C compiler ABI info
[0.409s] -- Detecting C compiler ABI info - done
[0.416s] -- Check for working C compiler: /usr/bin/cc - skipped
[0.416s] -- Detecting C compile features
[0.417s] -- Detecting C compile features - done
[0.420s] -- Detecting CXX compiler ABI info
[0.512s] -- Detecting CXX compiler ABI info - done
[0.519s] -- Check for working CXX compiler: /usr/bin/c++ - skipped
[0.519s] -- Detecting CXX compile features
[0.520s] -- Detecting CXX compile features - done
[0.522s] -- Found ament_cmake: 1.3.14 (/opt/ros/humble/share/ament_cmake/cmake)
[0.624s] -- Found Python3: /usr/bin/python3 (found version "3.10.12") found components: Interpreter 
[0.688s] -- Found ament_lint_auto: 0.12.15 (/opt/ros/humble/share/ament_lint_auto/cmake)
[0.745s] -- Added test 'flake8' to check Python code syntax and style conventions
[0.745s] -- Added test 'lint_cmake' to check CMake code style
[0.746s] -- Added test 'pep257' to check Python code against some of the docstring style conventions in PEP 257
[0.748s] -- Added test 'xmllint' to check XML markup files
[0.749s] -- Configuring done
[0.755s] -- Generating done
[0.757s] -- Build files have been written to: /home/feroj/ros2_ws/build/hunter_description
[0.761s] Invoked command in '/home/feroj/ros2_ws/build/hunter_description' returned '0': CMAKE_PREFIX_PATH=${CMAKE_PREFIX_PATH}:/opt/ros/humble /usr/bin/cmake /home/feroj/ros2_ws/src/Hunter_ROS2/hunter_description -DCMAKE_INSTALL_PREFIX=/home/feroj/ros2_ws/install/hunter_description
[0.762s] Invoking command in '/home/feroj/ros2_ws/build/hunter_description': CMAKE_PREFIX_PATH=${CMAKE_PREFIX_PATH}:/opt/ros/humble /usr/bin/cmake --build /home/feroj/ros2_ws/build/hunter_description -- -j16 -l16
[0.803s] Invoked command in '/home/feroj/ros2_ws/build/hunter_description' returned '0': CMAKE_PREFIX_PATH=${CMAKE_PREFIX_PATH}:/opt/ros/humble /usr/bin/cmake --build /home/feroj/ros2_ws/build/hunter_description -- -j16 -l16
[0.805s] Invoking command in '/home/feroj/ros2_ws/build/hunter_description': CMAKE_PREFIX_PATH=${CMAKE_PREFIX_PATH}:/opt/ros/humble /usr/bin/cmake --install /home/feroj/ros2_ws/build/hunter_description
[0.807s] -- Install configuration: ""
[0.807s] -- Installing: /home/feroj/ros2_ws/install/hunter_description/share/hunter_description/launch
[0.808s] -- Installing: /home/feroj/ros2_ws/install/hunter_description/share/hunter_description/launch/publish_urdf.launch.py
[0.808s] -- Installing: /home/feroj/ros2_ws/install/hunter_description/share/hunter_description/launch/description.launch.py
[0.808s] -- Installing: /home/feroj/ros2_ws/install/hunter_description/share/hunter_description/rviz
[0.808s] -- Installing: /home/feroj/ros2_ws/install/hunter_description/share/hunter_description/rviz/config.rviz
[0.808s] -- Installing: /home/feroj/ros2_ws/install/hunter_description/share/hunter_description/meshes
[0.808s] -- Installing: /home/feroj/ros2_ws/install/hunter_description/share/hunter_description/meshes/fr_left_link.STL
[0.808s] -- Installing: /home/feroj/ros2_ws/install/hunter_description/share/hunter_description/meshes/fr_steer_left_link.STL
[0.811s] -- Installing: /home/feroj/ros2_ws/install/hunter_description/share/hunter_description/meshes/fr_right_link.STL
[0.813s] -- Installing: /home/feroj/ros2_ws/install/hunter_description/share/hunter_description/meshes/fr_steer_right_link.STL
[0.815s] -- Installing: /home/feroj/ros2_ws/install/hunter_description/share/hunter_description/meshes/base_link.STL
[0.832s] -- Installing: /home/feroj/ros2_ws/install/hunter_description/share/hunter_description/meshes/re_right_link.STL
[0.834s] -- Installing: /home/feroj/ros2_ws/install/hunter_description/share/hunter_description/meshes/realsense.dae
[0.835s] -- Installing: /home/feroj/ros2_ws/install/hunter_description/share/hunter_description/meshes/re_left_link.STL
[0.836s] -- Installing: /home/feroj/ros2_ws/install/hunter_description/share/hunter_description/urdf
[0.836s] -- Installing: /home/feroj/ros2_ws/install/hunter_description/share/hunter_description/urdf/hunter_se_description1.xacro
[0.836s] -- Installing: /home/feroj/ros2_ws/install/hunter_description/share/hunter_description/urdf/hunter_se_description2.xacro
[0.841s] -- Installing: /home/feroj/ros2_ws/install/hunter_description/share/hunter_description/urdf/robot.xacro
[0.841s] -- Installing: /home/feroj/ros2_ws/install/hunter_description/share/hunter_description/urdf/hunter.gazebo.xacro
[0.841s] -- Installing: /home/feroj/ros2_ws/install/hunter_description/share/hunter_description/urdf/hunter_se_description2 (copy).xacro
[0.841s] -- Installing: /home/feroj/ros2_ws/install/hunter_description/share/hunter_description/urdf/hunter_se_description.csv
[0.841s] -- Installing: /home/feroj/ros2_ws/install/hunter_description/share/hunter_description/urdf/hunter_se_description.xacro
[0.841s] -- Installing: /home/feroj/ros2_ws/install/hunter_description/share/ament_index/resource_index/package_run_dependencies/hunter_description
[0.841s] -- Installing: /home/feroj/ros2_ws/install/hunter_description/share/ament_index/resource_index/parent_prefix_path/hunter_description
[0.844s] -- Installing: /home/feroj/ros2_ws/install/hunter_description/share/hunter_description/environment/ament_prefix_path.sh
[0.844s] -- Installing: /home/feroj/ros2_ws/install/hunter_description/share/hunter_description/environment/ament_prefix_path.dsv
[0.844s] -- Installing: /home/feroj/ros2_ws/install/hunter_description/share/hunter_description/environment/path.sh
[0.844s] -- Installing: /home/feroj/ros2_ws/install/hunter_description/share/hunter_description/environment/path.dsv
[0.844s] -- Installing: /home/feroj/ros2_ws/install/hunter_description/share/hunter_description/local_setup.bash
[0.845s] -- Installing: /home/feroj/ros2_ws/install/hunter_description/share/hunter_description/local_setup.sh
[0.845s] -- Installing: /home/feroj/ros2_ws/install/hunter_description/share/hunter_description/local_setup.zsh
[0.845s] -- Installing: /home/feroj/ros2_ws/install/hunter_description/share/hunter_description/local_setup.dsv
[0.845s] -- Installing: /home/feroj/ros2_ws/install/hunter_description/share/hunter_description/package.dsv
[0.845s] -- Installing: /home/feroj/ros2_ws/install/hunter_description/share/ament_index/resource_index/packages/hunter_description
[0.845s] -- Installing: /home/feroj/ros2_ws/install/hunter_description/share/hunter_description/cmake/hunter_descriptionConfig.cmake
[0.845s] -- Installing: /home/feroj/ros2_ws/install/hunter_description/share/hunter_description/cmake/hunter_descriptionConfig-version.cmake
[0.846s] -- Installing: /home/feroj/ros2_ws/install/hunter_description/share/hunter_description/package.xml
[0.850s] Invoked command in '/home/feroj/ros2_ws/build/hunter_description' returned '0': CMAKE_PREFIX_PATH=${CMAKE_PREFIX_PATH}:/opt/ros/humble /usr/bin/cmake --install /home/feroj/ros2_ws/build/hunter_description
