[0.011s] Invoking command in '/home/feroj/ros2_ws/build/capstone_robot': CMAKE_PREFIX_PATH=/home/feroj/ros2_ws/install/hunter_base:/home/feroj/ros2_ws/install/tests:/opt/ros/humble:/home/feroj/ros2_ws/install/ugv_sdk:/home/feroj/ros2_ws/install/hunter_msgs:/home/feroj/ros2_ws/install/hunter_gazebo:/home/feroj/ros2_ws/install/hunter_description:/home/feroj/ros2_ws/install/hunter_control:/home/feroj/ros2_ws/install/capstone_robot /usr/bin/cmake --build /home/feroj/ros2_ws/build/capstone_robot -- -j16 -l16
[0.043s] Invoked command in '/home/feroj/ros2_ws/build/capstone_robot' returned '0': CMAKE_PREFIX_PATH=/home/feroj/ros2_ws/install/hunter_base:/home/feroj/ros2_ws/install/tests:/opt/ros/humble:/home/feroj/ros2_ws/install/ugv_sdk:/home/feroj/ros2_ws/install/hunter_msgs:/home/feroj/ros2_ws/install/hunter_gazebo:/home/feroj/ros2_ws/install/hunter_description:/home/feroj/ros2_ws/install/hunter_control:/home/feroj/ros2_ws/install/capstone_robot /usr/bin/cmake --build /home/feroj/ros2_ws/build/capstone_robot -- -j16 -l16
[0.051s] Invoking command in '/home/feroj/ros2_ws/build/capstone_robot': CMAKE_PREFIX_PATH=/home/feroj/ros2_ws/install/hunter_base:/home/feroj/ros2_ws/install/tests:/opt/ros/humble:/home/feroj/ros2_ws/install/ugv_sdk:/home/feroj/ros2_ws/install/hunter_msgs:/home/feroj/ros2_ws/install/hunter_gazebo:/home/feroj/ros2_ws/install/hunter_description:/home/feroj/ros2_ws/install/hunter_control:/home/feroj/ros2_ws/install/capstone_robot /usr/bin/cmake --install /home/feroj/ros2_ws/build/capstone_robot
[0.057s] -- Install configuration: ""
[0.058s] -- Up-to-date: /home/feroj/ros2_ws/install/capstone_robot/lib/capstone_robot/wasd_teleop.py
[0.058s] -- Up-to-date: /home/feroj/ros2_ws/install/capstone_robot/lib/capstone_robot/obstacle_detector.py
[0.058s] -- Up-to-date: /home/feroj/ros2_ws/install/capstone_robot/lib/capstone_robot/object_distance_viewer.py
[0.058s] -- Up-to-date: /home/feroj/ros2_ws/install/capstone_robot/lib/capstone_robot/spawn_person.py
[0.058s] -- Up-to-date: /home/feroj/ros2_ws/install/capstone_robot/lib/capstone_robot/person_stop_controller.py
[0.059s] -- Up-to-date: /home/feroj/ros2_ws/install/capstone_robot/share/capstone_robot/models
[0.059s] -- Up-to-date: /home/feroj/ros2_ws/install/capstone_robot/share/capstone_robot/models/coco.names
[0.059s] -- Up-to-date: /home/feroj/ros2_ws/install/capstone_robot/share/capstone_robot/models/yolov4-tiny.weights
[0.059s] -- Up-to-date: /home/feroj/ros2_ws/install/capstone_robot/share/capstone_robot/models/person.sdf
[0.059s] -- Up-to-date: /home/feroj/ros2_ws/install/capstone_robot/share/capstone_robot/models/yolov4-tiny.cfg
[0.059s] -- Up-to-date: /home/feroj/ros2_ws/install/capstone_robot/share/ament_index/resource_index/package_run_dependencies/capstone_robot
[0.059s] -- Up-to-date: /home/feroj/ros2_ws/install/capstone_robot/share/ament_index/resource_index/parent_prefix_path/capstone_robot
[0.059s] -- Up-to-date: /home/feroj/ros2_ws/install/capstone_robot/share/capstone_robot/environment/ament_prefix_path.sh
[0.059s] -- Up-to-date: /home/feroj/ros2_ws/install/capstone_robot/share/capstone_robot/environment/ament_prefix_path.dsv
[0.059s] -- Up-to-date: /home/feroj/ros2_ws/install/capstone_robot/share/capstone_robot/environment/path.sh
[0.059s] -- Up-to-date: /home/feroj/ros2_ws/install/capstone_robot/share/capstone_robot/environment/path.dsv
[0.059s] -- Up-to-date: /home/feroj/ros2_ws/install/capstone_robot/share/capstone_robot/local_setup.bash
[0.060s] -- Up-to-date: /home/feroj/ros2_ws/install/capstone_robot/share/capstone_robot/local_setup.sh
[0.060s] -- Up-to-date: /home/feroj/ros2_ws/install/capstone_robot/share/capstone_robot/local_setup.zsh
[0.060s] -- Up-to-date: /home/feroj/ros2_ws/install/capstone_robot/share/capstone_robot/local_setup.dsv
[0.060s] -- Installing: /home/feroj/ros2_ws/install/capstone_robot/share/capstone_robot/package.dsv
[0.060s] -- Up-to-date: /home/feroj/ros2_ws/install/capstone_robot/share/ament_index/resource_index/packages/capstone_robot
[0.060s] -- Up-to-date: /home/feroj/ros2_ws/install/capstone_robot/share/capstone_robot/cmake/capstone_robotConfig.cmake
[0.060s] -- Up-to-date: /home/feroj/ros2_ws/install/capstone_robot/share/capstone_robot/cmake/capstone_robotConfig-version.cmake
[0.060s] -- Up-to-date: /home/feroj/ros2_ws/install/capstone_robot/share/capstone_robot/package.xml
[0.061s] Invoked command in '/home/feroj/ros2_ws/build/capstone_robot' returned '0': CMAKE_PREFIX_PATH=/home/feroj/ros2_ws/install/hunter_base:/home/feroj/ros2_ws/install/tests:/opt/ros/humble:/home/feroj/ros2_ws/install/ugv_sdk:/home/feroj/ros2_ws/install/hunter_msgs:/home/feroj/ros2_ws/install/hunter_gazebo:/home/feroj/ros2_ws/install/hunter_description:/home/feroj/ros2_ws/install/hunter_control:/home/feroj/ros2_ws/install/capstone_robot /usr/bin/cmake --install /home/feroj/ros2_ws/build/capstone_robot
