[0.030s] Invoking command in '/home/feroj/ros2_ws/build/ugv_sdk': /usr/bin/cmake /home/feroj/ros2_ws/src/UGV_SDK -DCATKIN_INSTALL_INTO_PREFIX_ROOT=0 -DCMAKE_INSTALL_PREFIX=/home/feroj/ros2_ws/install/ugv_sdk
[0.104s] -- The C compiler identification is GNU 11.4.0
[0.269s] -- The CXX compiler identification is GNU 11.4.0
[0.336s] -- Detecting C compiler ABI info
[0.418s] -- Detecting C compiler ABI info - done
[0.425s] -- Check for working C compiler: /usr/bin/cc - skipped
[0.426s] -- Detecting C compile features
[0.426s] -- Detecting C compile features - done
[0.429s] -- Detecting CXX compiler ABI info
[0.520s] -- Detecting CXX compiler ABI info - done
[0.527s] -- Check for working CXX compiler: /usr/bin/c++ - skipped
[0.528s] -- Detecting CXX compile features
[0.529s] -- Detecting CXX compile features - done
[0.566s] -- Build package with cmake
[0.566s] -- Setting build type to 'Release' as none was specified.
[0.566s] -- Tests will not be built
[0.571s] -- Looking for pthread.h
[0.669s] -- Looking for pthread.h - found
[0.669s] -- Performing Test CMAKE_HAVE_LIBC_PTHREAD
[0.752s] -- Performing Test CMAKE_HAVE_LIBC_PTHREAD - Success
[0.753s] -- Found Threads: TRUE  
[0.761s] -- Project will be installed to /home/feroj/ros2_ws/install/ugv_sdk with 'make install'
[0.761s] --  - To install LIB components to /home/feroj/ros2_ws/install/ugv_sdk/lib
[0.761s] --  - To install BIN components to /home/feroj/ros2_ws/install/ugv_sdk/bin
[0.761s] --  - To install INCLUDE components to /home/feroj/ros2_ws/install/ugv_sdk/include
[0.761s] --  - To install CMAKE components to /home/feroj/ros2_ws/install/ugv_sdk/share/cmake/ugv_sdk
[0.768s] -- Configuring done
[0.790s] -- Generating done
[0.792s] [33mCMake Warning:
[0.792s]   Manually-specified variables were not used by the project:
[0.792s] 
[0.792s]     CATKIN_INSTALL_INTO_PREFIX_ROOT
[0.792s] 
[0.792s] [0m
[0.795s] -- Build files have been written to: /home/feroj/ros2_ws/build/ugv_sdk
[0.798s] Invoked command in '/home/feroj/ros2_ws/build/ugv_sdk' returned '0': /usr/bin/cmake /home/feroj/ros2_ws/src/UGV_SDK -DCATKIN_INSTALL_INTO_PREFIX_ROOT=0 -DCMAKE_INSTALL_PREFIX=/home/feroj/ros2_ws/install/ugv_sdk
[0.801s] Invoking command in '/home/feroj/ros2_ws/build/ugv_sdk': /usr/bin/cmake --build /home/feroj/ros2_ws/build/ugv_sdk -- -j16 -l16
[0.844s] [  3%] [32mBuilding CXX object CMakeFiles/ugv_sdk.dir/src/async_port/async_serial.cpp.o[0m
[0.844s] [  7%] [32mBuilding CXX object CMakeFiles/ugv_sdk.dir/src/utilities/protocol_detector.cpp.o[0m
[0.844s] [ 10%] [32mBuilding CXX object CMakeFiles/ugv_sdk.dir/src/async_port/async_can.cpp.o[0m
[0.844s] [ 14%] [32mBuilding CXX object CMakeFiles/ugv_sdk.dir/src/mobile_robot/hunter_robot.cpp.o[0m
[0.844s] [ 17%] [32mBuilding CXX object CMakeFiles/ugv_sdk.dir/src/mobile_robot/scout_robot.cpp.o[0m
[0.844s] [ 21%] [32mBuilding CXX object CMakeFiles/ugv_sdk.dir/src/mobile_robot/bunker_robot.cpp.o[0m
[0.845s] [ 25%] [32mBuilding CXX object CMakeFiles/ugv_sdk.dir/src/mobile_robot/ranger_robot.cpp.o[0m
[0.845s] [ 28%] [32mBuilding CXX object CMakeFiles/ugv_sdk.dir/src/mobile_robot/titan_robot.cpp.o[0m
[0.845s] [ 32%] [32mBuilding C object CMakeFiles/ugv_sdk.dir/src/protocol_v2/agilex_msg_parser_v2.c.o[0m
[0.845s] [ 35%] [32mBuilding CXX object CMakeFiles/ugv_sdk.dir/src/protocol_v2/protocol_v2_parser.cpp.o[0m
[0.846s] [ 39%] [32mBuilding C object CMakeFiles/ugv_sdk.dir/src/protocol_v1/agilex_msg_parser_v1.c.o[0m
[3.818s] [ 42%] [32m[1mLinking CXX static library lib/libugv_sdk.a[0m
[3.886s] [ 42%] Built target ugv_sdk
[3.913s] [ 46%] [32mBuilding CXX object sample/ranger_demo/CMakeFiles/demo_ranger_robot.dir/ranger_robot_demo.cpp.o[0m
[3.919s] [ 50%] [32mBuilding CXX object sample/scout_demo/CMakeFiles/demo_scout_mini_omni_robot.dir/scout_mini_omni_demo.cpp.o[0m
[3.920s] [ 53%] [32mBuilding CXX object sample/tracer_demo/CMakeFiles/demo_tracer_robot.dir/tracer_robot_demo.cpp.o[0m
[3.927s] [ 57%] [32mBuilding CXX object sample/bunker_demo/CMakeFiles/demo_bunker_robot.dir/bunker_robot_demo.cpp.o[0m
[3.928s] [ 60%] [32mBuilding CXX object sample/scout_demo/CMakeFiles/demo_scout_robot.dir/scout_robot_demo.cpp.o[0m
[3.933s] [ 64%] [32mBuilding CXX object sample/hunter_demo/CMakeFiles/demo_hunter_robot.dir/hunter_robot_demo.cpp.o[0m
[3.936s] [ 67%] [32mBuilding CXX object sample/utils_demo/CMakeFiles/demo_robot_version.dir/demo_robot_version.cpp.o[0m
[3.946s] [ 71%] [32mBuilding CXX object sample/utils_demo/CMakeFiles/demo_protocol_detector.dir/demo_protocol_detector.cpp.o[0m
[4.232s] [ 75%] [32m[1mLinking CXX executable ../../bin/demo_bunker_robot[0m
[4.320s] [ 75%] Built target demo_bunker_robot
[4.890s] [ 78%] [32m[1mLinking CXX executable ../../bin/demo_protocol_detector[0m
[4.915s] [ 82%] [32m[1mLinking CXX executable ../../bin/demo_scout_mini_omni_robot[0m
[4.927s] [ 85%] [32m[1mLinking CXX executable ../../bin/demo_scout_robot[0m
[4.958s] [ 89%] [32m[1mLinking CXX executable ../../bin/demo_robot_version[0m
[5.001s] [ 89%] Built target demo_protocol_detector
[5.004s] [ 92%] [32m[1mLinking CXX executable ../../bin/demo_hunter_robot[0m
[5.034s] [ 92%] Built target demo_scout_mini_omni_robot
[5.036s] [ 92%] Built target demo_scout_robot
[5.058s] [ 96%] [32m[1mLinking CXX executable ../../bin/demo_ranger_robot[0m
[5.065s] [ 96%] Built target demo_robot_version
[5.108s] [ 96%] Built target demo_hunter_robot
[5.148s] [100%] [32m[1mLinking CXX executable ../../bin/demo_tracer_robot[0m
[5.158s] [100%] Built target demo_ranger_robot
[5.237s] [100%] Built target demo_tracer_robot
[5.252s] Invoked command in '/home/feroj/ros2_ws/build/ugv_sdk' returned '0': /usr/bin/cmake --build /home/feroj/ros2_ws/build/ugv_sdk -- -j16 -l16
[5.255s] Invoking command in '/home/feroj/ros2_ws/build/ugv_sdk': /usr/bin/cmake --install /home/feroj/ros2_ws/build/ugv_sdk
[5.260s] -- Install configuration: "Release"
[5.261s] -- Installing: /home/feroj/ros2_ws/install/ugv_sdk/lib/libugv_sdk.a
[5.265s] -- Installing: /home/feroj/ros2_ws/install/ugv_sdk/include/ugv_sdk
[5.268s] -- Installing: /home/feroj/ros2_ws/install/ugv_sdk/include/ugv_sdk/details
[5.268s] -- Installing: /home/feroj/ros2_ws/install/ugv_sdk/include/ugv_sdk/details/async_port
[5.268s] -- Installing: /home/feroj/ros2_ws/install/ugv_sdk/include/ugv_sdk/details/async_port/async_can.hpp
[5.268s] -- Installing: /home/feroj/ros2_ws/install/ugv_sdk/include/ugv_sdk/details/async_port/ring_buffer.hpp
[5.268s] -- Installing: /home/feroj/ros2_ws/install/ugv_sdk/include/ugv_sdk/details/async_port/async_serial.hpp
[5.270s] -- Installing: /home/feroj/ros2_ws/install/ugv_sdk/include/ugv_sdk/details/interface
[5.270s] -- Installing: /home/feroj/ros2_ws/install/ugv_sdk/include/ugv_sdk/details/interface/bunker_interface.hpp
[5.271s] -- Installing: /home/feroj/ros2_ws/install/ugv_sdk/include/ugv_sdk/details/interface/ranger_interface.hpp
[5.271s] -- Installing: /home/feroj/ros2_ws/install/ugv_sdk/include/ugv_sdk/details/interface/tracer_interface.hpp
[5.271s] -- Installing: /home/feroj/ros2_ws/install/ugv_sdk/include/ugv_sdk/details/interface/agilex_message.h
[5.272s] -- Installing: /home/feroj/ros2_ws/install/ugv_sdk/include/ugv_sdk/details/interface/titan_interface.hpp
[5.272s] -- Installing: /home/feroj/ros2_ws/install/ugv_sdk/include/ugv_sdk/details/interface/robot_common_interface.hpp
[5.272s] -- Installing: /home/feroj/ros2_ws/install/ugv_sdk/include/ugv_sdk/details/interface/hunter_interface.hpp
[5.274s] -- Installing: /home/feroj/ros2_ws/install/ugv_sdk/include/ugv_sdk/details/interface/agilex_types.h
[5.274s] -- Installing: /home/feroj/ros2_ws/install/ugv_sdk/include/ugv_sdk/details/interface/scout_interface.hpp
[5.275s] -- Installing: /home/feroj/ros2_ws/install/ugv_sdk/include/ugv_sdk/details/parser_base.hpp
[5.275s] -- Installing: /home/feroj/ros2_ws/install/ugv_sdk/include/ugv_sdk/details/protocol_v2
[5.276s] -- Installing: /home/feroj/ros2_ws/install/ugv_sdk/include/ugv_sdk/details/protocol_v2/protocol_v2_parser.hpp
[5.276s] -- Installing: /home/feroj/ros2_ws/install/ugv_sdk/include/ugv_sdk/details/protocol_v1
[5.276s] -- Installing: /home/feroj/ros2_ws/install/ugv_sdk/include/ugv_sdk/details/protocol_v1/protocol_v1_parser.hpp
[5.277s] -- Installing: /home/feroj/ros2_ws/install/ugv_sdk/include/ugv_sdk/details/protocol_v1/robot_limits.hpp
[5.277s] -- Installing: /home/feroj/ros2_ws/install/ugv_sdk/include/ugv_sdk/details/protocol_v1/agilex_msg_parser_v1.h
[5.277s] -- Installing: /home/feroj/ros2_ws/install/ugv_sdk/include/ugv_sdk/details/robot_base
[5.277s] -- Installing: /home/feroj/ros2_ws/install/ugv_sdk/include/ugv_sdk/details/robot_base/titan_base.hpp
[5.277s] -- Installing: /home/feroj/ros2_ws/install/ugv_sdk/include/ugv_sdk/details/robot_base/agilex_base.hpp
[5.278s] -- Installing: /home/feroj/ros2_ws/install/ugv_sdk/include/ugv_sdk/details/robot_base/ranger_base.hpp
[5.278s] -- Installing: /home/feroj/ros2_ws/install/ugv_sdk/include/ugv_sdk/details/robot_base/hunter_base.hpp
[5.278s] -- Installing: /home/feroj/ros2_ws/install/ugv_sdk/include/ugv_sdk/details/robot_base/bunker_base.hpp
[5.278s] -- Installing: /home/feroj/ros2_ws/install/ugv_sdk/include/ugv_sdk/details/robot_base/tracer_base.hpp
[5.278s] -- Installing: /home/feroj/ros2_ws/install/ugv_sdk/include/ugv_sdk/details/robot_base/scout_base.hpp
[5.278s] -- Installing: /home/feroj/ros2_ws/install/ugv_sdk/include/ugv_sdk/mobile_robot
[5.278s] -- Installing: /home/feroj/ros2_ws/install/ugv_sdk/include/ugv_sdk/mobile_robot/tracer_robot.hpp
[5.278s] -- Installing: /home/feroj/ros2_ws/install/ugv_sdk/include/ugv_sdk/mobile_robot/hunter_robot.hpp
[5.278s] -- Installing: /home/feroj/ros2_ws/install/ugv_sdk/include/ugv_sdk/mobile_robot/bunker_robot.hpp
[5.278s] -- Installing: /home/feroj/ros2_ws/install/ugv_sdk/include/ugv_sdk/mobile_robot/ranger_robot.hpp
[5.278s] -- Installing: /home/feroj/ros2_ws/install/ugv_sdk/include/ugv_sdk/mobile_robot/titan_robot.hpp
[5.278s] -- Installing: /home/feroj/ros2_ws/install/ugv_sdk/include/ugv_sdk/mobile_robot/scout_robot.hpp
[5.279s] -- Installing: /home/feroj/ros2_ws/install/ugv_sdk/include/ugv_sdk/utilities
[5.281s] -- Installing: /home/feroj/ros2_ws/install/ugv_sdk/include/ugv_sdk/utilities/protocol_detector.hpp
[5.283s] -- Installing: /home/feroj/ros2_ws/install/ugv_sdk/lib/cmake/ugv_sdk/ugv_sdkTargets.cmake
[5.284s] -- Installing: /home/feroj/ros2_ws/install/ugv_sdk/lib/cmake/ugv_sdk/ugv_sdkTargets-release.cmake
[5.285s] -- Installing: /home/feroj/ros2_ws/install/ugv_sdk/lib/cmake/ugv_sdk/ugv_sdkConfig.cmake
[5.285s] -- Installing: /home/feroj/ros2_ws/install/ugv_sdk/lib/cmake/ugv_sdk/ugv_sdkConfigVersion.cmake
[5.286s] Invoked command in '/home/feroj/ros2_ws/build/ugv_sdk' returned '0': /usr/bin/cmake --install /home/feroj/ros2_ws/build/ugv_sdk
