[0.093s] DEBUG:colcon:Command line arguments: ['/usr/bin/colcon', 'build']
[0.093s] DEBUG:colcon:Parsed command line arguments: Namespace(log_base=None, log_level=None, verb_name='build', build_base='build', install_base='install', merge_install=False, symlink_install=False, test_result_base=None, continue_on_error=False, executor='parallel', parallel_workers=16, event_handlers=None, ignore_user_meta=False, metas=['./colcon.meta'], base_paths=['.'], packages_ignore=None, packages_ignore_regex=None, paths=None, packages_up_to=None, packages_up_to_regex=None, packages_above=None, packages_above_and_dependencies=None, packages_above_depth=None, packages_select_by_dep=None, packages_skip_by_dep=None, packages_skip_up_to=None, packages_select_build_failed=False, packages_skip_build_finished=False, packages_select_test_failures=False, packages_skip_test_passed=False, packages_select=None, packages_skip=None, packages_select_regex=None, packages_skip_regex=None, packages_start=None, packages_end=None, allow_overriding=[], cmake_args=None, cmake_target=None, cmake_target_skip_unavailable=False, cmake_clean_cache=False, cmake_clean_first=False, cmake_force_configure=False, ament_cmake_args=None, catkin_cmake_args=None, catkin_skip_building_tests=False, mixin_files=None, mixin=None, verb_parser=<colcon_mixin.mixin.mixin_argument.MixinArgumentDecorator object at 0x7152aa8d17b0>, verb_extension=<colcon_core.verb.build.BuildVerb object at 0x7152aaa567d0>, main=<bound method BuildVerb.main of <colcon_core.verb.build.BuildVerb object at 0x7152aaa567d0>>, mixin_verb=('build',))
[0.207s] Level 1:colcon.colcon_core.package_discovery:discover_packages(colcon_meta) check parameters
[0.207s] Level 1:colcon.colcon_core.package_discovery:discover_packages(recursive) check parameters
[0.207s] Level 1:colcon.colcon_core.package_discovery:discover_packages(ignore) check parameters
[0.207s] Level 1:colcon.colcon_core.package_discovery:discover_packages(path) check parameters
[0.207s] Level 1:colcon.colcon_core.package_discovery:discover_packages(colcon_meta) discover
[0.207s] Level 1:colcon.colcon_core.package_discovery:discover_packages(recursive) discover
[0.207s] INFO:colcon.colcon_core.package_discovery:Crawling recursively for packages in '/home/feroj/ros2_ws'
[0.207s] Level 1:colcon.colcon_core.package_identification:_identify(.) by extensions ['ignore', 'ignore_ament_install']
[0.207s] Level 1:colcon.colcon_core.package_identification:_identify(.) by extension 'ignore'
[0.207s] Level 1:colcon.colcon_core.package_identification:_identify(.) by extension 'ignore_ament_install'
[0.207s] Level 1:colcon.colcon_core.package_identification:_identify(.) by extensions ['colcon_pkg']
[0.207s] Level 1:colcon.colcon_core.package_identification:_identify(.) by extension 'colcon_pkg'
[0.207s] Level 1:colcon.colcon_core.package_identification:_identify(.) by extensions ['colcon_meta']
[0.207s] Level 1:colcon.colcon_core.package_identification:_identify(.) by extension 'colcon_meta'
[0.207s] Level 1:colcon.colcon_core.package_identification:_identify(.) by extensions ['ros']
[0.207s] Level 1:colcon.colcon_core.package_identification:_identify(.) by extension 'ros'
[0.215s] Level 1:colcon.colcon_core.package_identification:_identify(.) by extensions ['cmake', 'python']
[0.216s] Level 1:colcon.colcon_core.package_identification:_identify(.) by extension 'cmake'
[0.216s] Level 1:colcon.colcon_core.package_identification:_identify(.) by extension 'python'
[0.216s] Level 1:colcon.colcon_core.package_identification:_identify(.) by extensions ['python_setup_py']
[0.216s] Level 1:colcon.colcon_core.package_identification:_identify(.) by extension 'python_setup_py'
[0.216s] Level 1:colcon.colcon_core.package_identification:_identify(build) by extensions ['ignore', 'ignore_ament_install']
[0.216s] Level 1:colcon.colcon_core.package_identification:_identify(build) by extension 'ignore'
[0.216s] Level 1:colcon.colcon_core.package_identification:_identify(build) ignored
[0.216s] Level 1:colcon.colcon_core.package_identification:_identify(install) by extensions ['ignore', 'ignore_ament_install']
[0.216s] Level 1:colcon.colcon_core.package_identification:_identify(install) by extension 'ignore'
[0.216s] Level 1:colcon.colcon_core.package_identification:_identify(install) ignored
[0.216s] Level 1:colcon.colcon_core.package_identification:_identify(log) by extensions ['ignore', 'ignore_ament_install']
[0.216s] Level 1:colcon.colcon_core.package_identification:_identify(log) by extension 'ignore'
[0.216s] Level 1:colcon.colcon_core.package_identification:_identify(log) ignored
[0.216s] Level 1:colcon.colcon_core.package_identification:_identify(src) by extensions ['ignore', 'ignore_ament_install']
[0.217s] Level 1:colcon.colcon_core.package_identification:_identify(src) by extension 'ignore'
[0.217s] Level 1:colcon.colcon_core.package_identification:_identify(src) by extension 'ignore_ament_install'
[0.217s] Level 1:colcon.colcon_core.package_identification:_identify(src) by extensions ['colcon_pkg']
[0.217s] Level 1:colcon.colcon_core.package_identification:_identify(src) by extension 'colcon_pkg'
[0.217s] Level 1:colcon.colcon_core.package_identification:_identify(src) by extensions ['colcon_meta']
[0.217s] Level 1:colcon.colcon_core.package_identification:_identify(src) by extension 'colcon_meta'
[0.217s] Level 1:colcon.colcon_core.package_identification:_identify(src) by extensions ['ros']
[0.217s] Level 1:colcon.colcon_core.package_identification:_identify(src) by extension 'ros'
[0.217s] Level 1:colcon.colcon_core.package_identification:_identify(src) by extensions ['cmake', 'python']
[0.217s] Level 1:colcon.colcon_core.package_identification:_identify(src) by extension 'cmake'
[0.217s] Level 1:colcon.colcon_core.package_identification:_identify(src) by extension 'python'
[0.217s] Level 1:colcon.colcon_core.package_identification:_identify(src) by extensions ['python_setup_py']
[0.217s] Level 1:colcon.colcon_core.package_identification:_identify(src) by extension 'python_setup_py'
[0.217s] Level 1:colcon.colcon_core.package_identification:_identify(src/Hunter_ROS2) by extensions ['ignore', 'ignore_ament_install']
[0.217s] Level 1:colcon.colcon_core.package_identification:_identify(src/Hunter_ROS2) by extension 'ignore'
[0.217s] Level 1:colcon.colcon_core.package_identification:_identify(src/Hunter_ROS2) by extension 'ignore_ament_install'
[0.217s] Level 1:colcon.colcon_core.package_identification:_identify(src/Hunter_ROS2) by extensions ['colcon_pkg']
[0.218s] Level 1:colcon.colcon_core.package_identification:_identify(src/Hunter_ROS2) by extension 'colcon_pkg'
[0.218s] Level 1:colcon.colcon_core.package_identification:_identify(src/Hunter_ROS2) by extensions ['colcon_meta']
[0.218s] Level 1:colcon.colcon_core.package_identification:_identify(src/Hunter_ROS2) by extension 'colcon_meta'
[0.218s] Level 1:colcon.colcon_core.package_identification:_identify(src/Hunter_ROS2) by extensions ['ros']
[0.218s] Level 1:colcon.colcon_core.package_identification:_identify(src/Hunter_ROS2) by extension 'ros'
[0.218s] Level 1:colcon.colcon_core.package_identification:_identify(src/Hunter_ROS2) by extensions ['cmake', 'python']
[0.218s] Level 1:colcon.colcon_core.package_identification:_identify(src/Hunter_ROS2) by extension 'cmake'
[0.218s] Level 1:colcon.colcon_core.package_identification:_identify(src/Hunter_ROS2) by extension 'python'
[0.218s] Level 1:colcon.colcon_core.package_identification:_identify(src/Hunter_ROS2) by extensions ['python_setup_py']
[0.218s] Level 1:colcon.colcon_core.package_identification:_identify(src/Hunter_ROS2) by extension 'python_setup_py'
[0.218s] Level 1:colcon.colcon_core.package_identification:_identify(src/Hunter_ROS2/hunter_control) by extensions ['ignore', 'ignore_ament_install']
[0.218s] Level 1:colcon.colcon_core.package_identification:_identify(src/Hunter_ROS2/hunter_control) by extension 'ignore'
[0.218s] Level 1:colcon.colcon_core.package_identification:_identify(src/Hunter_ROS2/hunter_control) by extension 'ignore_ament_install'
[0.218s] Level 1:colcon.colcon_core.package_identification:_identify(src/Hunter_ROS2/hunter_control) by extensions ['colcon_pkg']
[0.218s] Level 1:colcon.colcon_core.package_identification:_identify(src/Hunter_ROS2/hunter_control) by extension 'colcon_pkg'
[0.218s] Level 1:colcon.colcon_core.package_identification:_identify(src/Hunter_ROS2/hunter_control) by extensions ['colcon_meta']
[0.218s] Level 1:colcon.colcon_core.package_identification:_identify(src/Hunter_ROS2/hunter_control) by extension 'colcon_meta'
[0.218s] Level 1:colcon.colcon_core.package_identification:_identify(src/Hunter_ROS2/hunter_control) by extensions ['ros']
[0.218s] Level 1:colcon.colcon_core.package_identification:_identify(src/Hunter_ROS2/hunter_control) by extension 'ros'
[0.220s] DEBUG:colcon.colcon_core.package_identification:Package 'src/Hunter_ROS2/hunter_control' with type 'ros.ament_cmake' and name 'hunter_control'
[0.220s] Level 1:colcon.colcon_core.package_identification:_identify(src/Hunter_ROS2/hunter_description) by extensions ['ignore', 'ignore_ament_install']
[0.220s] Level 1:colcon.colcon_core.package_identification:_identify(src/Hunter_ROS2/hunter_description) by extension 'ignore'
[0.220s] Level 1:colcon.colcon_core.package_identification:_identify(src/Hunter_ROS2/hunter_description) by extension 'ignore_ament_install'
[0.220s] Level 1:colcon.colcon_core.package_identification:_identify(src/Hunter_ROS2/hunter_description) by extensions ['colcon_pkg']
[0.220s] Level 1:colcon.colcon_core.package_identification:_identify(src/Hunter_ROS2/hunter_description) by extension 'colcon_pkg'
[0.221s] Level 1:colcon.colcon_core.package_identification:_identify(src/Hunter_ROS2/hunter_description) by extensions ['colcon_meta']
[0.221s] Level 1:colcon.colcon_core.package_identification:_identify(src/Hunter_ROS2/hunter_description) by extension 'colcon_meta'
[0.221s] Level 1:colcon.colcon_core.package_identification:_identify(src/Hunter_ROS2/hunter_description) by extensions ['ros']
[0.221s] Level 1:colcon.colcon_core.package_identification:_identify(src/Hunter_ROS2/hunter_description) by extension 'ros'
[0.221s] DEBUG:colcon.colcon_core.package_identification:Package 'src/Hunter_ROS2/hunter_description' with type 'ros.ament_cmake' and name 'hunter_description'
[0.221s] Level 1:colcon.colcon_core.package_identification:_identify(src/Hunter_ROS2/hunter_gazebo) by extensions ['ignore', 'ignore_ament_install']
[0.221s] Level 1:colcon.colcon_core.package_identification:_identify(src/Hunter_ROS2/hunter_gazebo) by extension 'ignore'
[0.221s] Level 1:colcon.colcon_core.package_identification:_identify(src/Hunter_ROS2/hunter_gazebo) by extension 'ignore_ament_install'
[0.221s] Level 1:colcon.colcon_core.package_identification:_identify(src/Hunter_ROS2/hunter_gazebo) by extensions ['colcon_pkg']
[0.221s] Level 1:colcon.colcon_core.package_identification:_identify(src/Hunter_ROS2/hunter_gazebo) by extension 'colcon_pkg'
[0.222s] Level 1:colcon.colcon_core.package_identification:_identify(src/Hunter_ROS2/hunter_gazebo) by extensions ['colcon_meta']
[0.222s] Level 1:colcon.colcon_core.package_identification:_identify(src/Hunter_ROS2/hunter_gazebo) by extension 'colcon_meta'
[0.222s] Level 1:colcon.colcon_core.package_identification:_identify(src/Hunter_ROS2/hunter_gazebo) by extensions ['ros']
[0.222s] Level 1:colcon.colcon_core.package_identification:_identify(src/Hunter_ROS2/hunter_gazebo) by extension 'ros'
[0.222s] DEBUG:colcon.colcon_core.package_identification:Package 'src/Hunter_ROS2/hunter_gazebo' with type 'ros.ament_cmake' and name 'hunter_gazebo'
[0.222s] Level 1:colcon.colcon_core.package_identification:_identify(src/UGV_SDK) by extensions ['ignore', 'ignore_ament_install']
[0.222s] Level 1:colcon.colcon_core.package_identification:_identify(src/UGV_SDK) by extension 'ignore'
[0.222s] Level 1:colcon.colcon_core.package_identification:_identify(src/UGV_SDK) by extension 'ignore_ament_install'
[0.222s] Level 1:colcon.colcon_core.package_identification:_identify(src/UGV_SDK) by extensions ['colcon_pkg']
[0.222s] Level 1:colcon.colcon_core.package_identification:_identify(src/UGV_SDK) by extension 'colcon_pkg'
[0.222s] Level 1:colcon.colcon_core.package_identification:_identify(src/UGV_SDK) by extensions ['colcon_meta']
[0.222s] Level 1:colcon.colcon_core.package_identification:_identify(src/UGV_SDK) by extension 'colcon_meta'
[0.222s] Level 1:colcon.colcon_core.package_identification:_identify(src/UGV_SDK) by extensions ['ros']
[0.223s] Level 1:colcon.colcon_core.package_identification:_identify(src/UGV_SDK) by extension 'ros'
[0.223s] DEBUG:colcon.colcon_core.package_identification:Package 'src/UGV_SDK' with type 'ros.catkin' and name 'ugv_sdk'
[0.223s] Level 1:colcon.colcon_core.package_identification:_identify(src/capstone_robot) by extensions ['ignore', 'ignore_ament_install']
[0.223s] Level 1:colcon.colcon_core.package_identification:_identify(src/capstone_robot) by extension 'ignore'
[0.223s] Level 1:colcon.colcon_core.package_identification:_identify(src/capstone_robot) by extension 'ignore_ament_install'
[0.223s] Level 1:colcon.colcon_core.package_identification:_identify(src/capstone_robot) by extensions ['colcon_pkg']
[0.223s] Level 1:colcon.colcon_core.package_identification:_identify(src/capstone_robot) by extension 'colcon_pkg'
[0.223s] Level 1:colcon.colcon_core.package_identification:_identify(src/capstone_robot) by extensions ['colcon_meta']
[0.223s] Level 1:colcon.colcon_core.package_identification:_identify(src/capstone_robot) by extension 'colcon_meta'
[0.223s] Level 1:colcon.colcon_core.package_identification:_identify(src/capstone_robot) by extensions ['ros']
[0.223s] Level 1:colcon.colcon_core.package_identification:_identify(src/capstone_robot) by extension 'ros'
[0.224s] DEBUG:colcon.colcon_core.package_identification:Package 'src/capstone_robot' with type 'ros.ament_cmake' and name 'capstone_robot'
[0.224s] Level 1:colcon.colcon_core.package_identification:_identify(src/hunter_ros2) by extensions ['ignore', 'ignore_ament_install']
[0.224s] Level 1:colcon.colcon_core.package_identification:_identify(src/hunter_ros2) by extension 'ignore'
[0.224s] Level 1:colcon.colcon_core.package_identification:_identify(src/hunter_ros2) by extension 'ignore_ament_install'
[0.224s] Level 1:colcon.colcon_core.package_identification:_identify(src/hunter_ros2) by extensions ['colcon_pkg']
[0.224s] Level 1:colcon.colcon_core.package_identification:_identify(src/hunter_ros2) by extension 'colcon_pkg'
[0.224s] Level 1:colcon.colcon_core.package_identification:_identify(src/hunter_ros2) by extensions ['colcon_meta']
[0.224s] Level 1:colcon.colcon_core.package_identification:_identify(src/hunter_ros2) by extension 'colcon_meta'
[0.224s] Level 1:colcon.colcon_core.package_identification:_identify(src/hunter_ros2) by extensions ['ros']
[0.224s] Level 1:colcon.colcon_core.package_identification:_identify(src/hunter_ros2) by extension 'ros'
[0.224s] Level 1:colcon.colcon_core.package_identification:_identify(src/hunter_ros2) by extensions ['cmake', 'python']
[0.225s] Level 1:colcon.colcon_core.package_identification:_identify(src/hunter_ros2) by extension 'cmake'
[0.225s] Level 1:colcon.colcon_core.package_identification:_identify(src/hunter_ros2) by extension 'python'
[0.225s] Level 1:colcon.colcon_core.package_identification:_identify(src/hunter_ros2) by extensions ['python_setup_py']
[0.225s] Level 1:colcon.colcon_core.package_identification:_identify(src/hunter_ros2) by extension 'python_setup_py'
[0.225s] Level 1:colcon.colcon_core.package_identification:_identify(src/hunter_ros2/hunter_base) by extensions ['ignore', 'ignore_ament_install']
[0.225s] Level 1:colcon.colcon_core.package_identification:_identify(src/hunter_ros2/hunter_base) by extension 'ignore'
[0.225s] Level 1:colcon.colcon_core.package_identification:_identify(src/hunter_ros2/hunter_base) by extension 'ignore_ament_install'
[0.225s] Level 1:colcon.colcon_core.package_identification:_identify(src/hunter_ros2/hunter_base) by extensions ['colcon_pkg']
[0.225s] Level 1:colcon.colcon_core.package_identification:_identify(src/hunter_ros2/hunter_base) by extension 'colcon_pkg'
[0.225s] Level 1:colcon.colcon_core.package_identification:_identify(src/hunter_ros2/hunter_base) by extensions ['colcon_meta']
[0.225s] Level 1:colcon.colcon_core.package_identification:_identify(src/hunter_ros2/hunter_base) by extension 'colcon_meta'
[0.225s] Level 1:colcon.colcon_core.package_identification:_identify(src/hunter_ros2/hunter_base) by extensions ['ros']
[0.225s] Level 1:colcon.colcon_core.package_identification:_identify(src/hunter_ros2/hunter_base) by extension 'ros'
[0.226s] DEBUG:colcon.colcon_core.package_identification:Package 'src/hunter_ros2/hunter_base' with type 'ros.ament_cmake' and name 'hunter_base'
[0.226s] Level 1:colcon.colcon_core.package_identification:_identify(src/hunter_ros2/hunter_msgs) by extensions ['ignore', 'ignore_ament_install']
[0.226s] Level 1:colcon.colcon_core.package_identification:_identify(src/hunter_ros2/hunter_msgs) by extension 'ignore'
[0.226s] Level 1:colcon.colcon_core.package_identification:_identify(src/hunter_ros2/hunter_msgs) by extension 'ignore_ament_install'
[0.226s] Level 1:colcon.colcon_core.package_identification:_identify(src/hunter_ros2/hunter_msgs) by extensions ['colcon_pkg']
[0.226s] Level 1:colcon.colcon_core.package_identification:_identify(src/hunter_ros2/hunter_msgs) by extension 'colcon_pkg'
[0.226s] Level 1:colcon.colcon_core.package_identification:_identify(src/hunter_ros2/hunter_msgs) by extensions ['colcon_meta']
[0.226s] Level 1:colcon.colcon_core.package_identification:_identify(src/hunter_ros2/hunter_msgs) by extension 'colcon_meta'
[0.226s] Level 1:colcon.colcon_core.package_identification:_identify(src/hunter_ros2/hunter_msgs) by extensions ['ros']
[0.226s] Level 1:colcon.colcon_core.package_identification:_identify(src/hunter_ros2/hunter_msgs) by extension 'ros'
[0.227s] DEBUG:colcon.colcon_core.package_identification:Package 'src/hunter_ros2/hunter_msgs' with type 'ros.ament_cmake' and name 'hunter_msgs'
[0.227s] Level 1:colcon.colcon_core.package_identification:_identify(src/tests) by extensions ['ignore', 'ignore_ament_install']
[0.227s] Level 1:colcon.colcon_core.package_identification:_identify(src/tests) by extension 'ignore'
[0.227s] Level 1:colcon.colcon_core.package_identification:_identify(src/tests) by extension 'ignore_ament_install'
[0.227s] Level 1:colcon.colcon_core.package_identification:_identify(src/tests) by extensions ['colcon_pkg']
[0.227s] Level 1:colcon.colcon_core.package_identification:_identify(src/tests) by extension 'colcon_pkg'
[0.227s] Level 1:colcon.colcon_core.package_identification:_identify(src/tests) by extensions ['colcon_meta']
[0.227s] Level 1:colcon.colcon_core.package_identification:_identify(src/tests) by extension 'colcon_meta'
[0.227s] Level 1:colcon.colcon_core.package_identification:_identify(src/tests) by extensions ['ros']
[0.227s] Level 1:colcon.colcon_core.package_identification:_identify(src/tests) by extension 'ros'
[0.228s] DEBUG:colcon.colcon_core.package_identification:Package 'src/tests' with type 'ros.ament_python' and name 'tests'
[0.228s] Level 1:colcon.colcon_core.package_discovery:discover_packages(recursive) using defaults
[0.228s] Level 1:colcon.colcon_core.package_discovery:discover_packages(ignore) discover
[0.228s] Level 1:colcon.colcon_core.package_discovery:discover_packages(ignore) using defaults
[0.228s] Level 1:colcon.colcon_core.package_discovery:discover_packages(path) discover
[0.228s] Level 1:colcon.colcon_core.package_discovery:discover_packages(path) using defaults
[0.248s] Level 1:colcon.colcon_core.package_discovery:discover_packages(prefix_path) check parameters
[0.249s] Level 1:colcon.colcon_core.package_discovery:discover_packages(prefix_path) discover
[0.250s] DEBUG:colcon.colcon_installed_package_information.package_discovery:Found 2 installed packages in /home/feroj/ros2_ws/install
[0.251s] DEBUG:colcon.colcon_installed_package_information.package_discovery:Found 326 installed packages in /opt/ros/humble
[0.252s] Level 1:colcon.colcon_core.package_discovery:discover_packages(prefix_path) using defaults
[0.279s] Level 5:colcon.colcon_core.verb:set package 'capstone_robot' build argument 'cmake_args' from command line to 'None'
[0.279s] Level 5:colcon.colcon_core.verb:set package 'capstone_robot' build argument 'cmake_target' from command line to 'None'
[0.279s] Level 5:colcon.colcon_core.verb:set package 'capstone_robot' build argument 'cmake_target_skip_unavailable' from command line to 'False'
[0.279s] Level 5:colcon.colcon_core.verb:set package 'capstone_robot' build argument 'cmake_clean_cache' from command line to 'False'
[0.279s] Level 5:colcon.colcon_core.verb:set package 'capstone_robot' build argument 'cmake_clean_first' from command line to 'False'
[0.279s] Level 5:colcon.colcon_core.verb:set package 'capstone_robot' build argument 'cmake_force_configure' from command line to 'False'
[0.279s] Level 5:colcon.colcon_core.verb:set package 'capstone_robot' build argument 'ament_cmake_args' from command line to 'None'
[0.279s] Level 5:colcon.colcon_core.verb:set package 'capstone_robot' build argument 'catkin_cmake_args' from command line to 'None'
[0.279s] Level 5:colcon.colcon_core.verb:set package 'capstone_robot' build argument 'catkin_skip_building_tests' from command line to 'False'
[0.279s] DEBUG:colcon.colcon_core.verb:Building package 'capstone_robot' with the following arguments: {'ament_cmake_args': None, 'build_base': '/home/feroj/ros2_ws/build/capstone_robot', 'catkin_cmake_args': None, 'catkin_skip_building_tests': False, 'cmake_args': None, 'cmake_clean_cache': False, 'cmake_clean_first': False, 'cmake_force_configure': False, 'cmake_target': None, 'cmake_target_skip_unavailable': False, 'install_base': '/home/feroj/ros2_ws/install/capstone_robot', 'merge_install': False, 'path': '/home/feroj/ros2_ws/src/capstone_robot', 'symlink_install': False, 'test_result_base': None}
[0.280s] Level 5:colcon.colcon_core.verb:set package 'hunter_control' build argument 'cmake_args' from command line to 'None'
[0.280s] Level 5:colcon.colcon_core.verb:set package 'hunter_control' build argument 'cmake_target' from command line to 'None'
[0.280s] Level 5:colcon.colcon_core.verb:set package 'hunter_control' build argument 'cmake_target_skip_unavailable' from command line to 'False'
[0.280s] Level 5:colcon.colcon_core.verb:set package 'hunter_control' build argument 'cmake_clean_cache' from command line to 'False'
[0.280s] Level 5:colcon.colcon_core.verb:set package 'hunter_control' build argument 'cmake_clean_first' from command line to 'False'
[0.280s] Level 5:colcon.colcon_core.verb:set package 'hunter_control' build argument 'cmake_force_configure' from command line to 'False'
[0.280s] Level 5:colcon.colcon_core.verb:set package 'hunter_control' build argument 'ament_cmake_args' from command line to 'None'
[0.280s] Level 5:colcon.colcon_core.verb:set package 'hunter_control' build argument 'catkin_cmake_args' from command line to 'None'
[0.280s] Level 5:colcon.colcon_core.verb:set package 'hunter_control' build argument 'catkin_skip_building_tests' from command line to 'False'
[0.280s] DEBUG:colcon.colcon_core.verb:Building package 'hunter_control' with the following arguments: {'ament_cmake_args': None, 'build_base': '/home/feroj/ros2_ws/build/hunter_control', 'catkin_cmake_args': None, 'catkin_skip_building_tests': False, 'cmake_args': None, 'cmake_clean_cache': False, 'cmake_clean_first': False, 'cmake_force_configure': False, 'cmake_target': None, 'cmake_target_skip_unavailable': False, 'install_base': '/home/feroj/ros2_ws/install/hunter_control', 'merge_install': False, 'path': '/home/feroj/ros2_ws/src/Hunter_ROS2/hunter_control', 'symlink_install': False, 'test_result_base': None}
[0.280s] Level 5:colcon.colcon_core.verb:set package 'hunter_description' build argument 'cmake_args' from command line to 'None'
[0.280s] Level 5:colcon.colcon_core.verb:set package 'hunter_description' build argument 'cmake_target' from command line to 'None'
[0.280s] Level 5:colcon.colcon_core.verb:set package 'hunter_description' build argument 'cmake_target_skip_unavailable' from command line to 'False'
[0.280s] Level 5:colcon.colcon_core.verb:set package 'hunter_description' build argument 'cmake_clean_cache' from command line to 'False'
[0.280s] Level 5:colcon.colcon_core.verb:set package 'hunter_description' build argument 'cmake_clean_first' from command line to 'False'
[0.280s] Level 5:colcon.colcon_core.verb:set package 'hunter_description' build argument 'cmake_force_configure' from command line to 'False'
[0.280s] Level 5:colcon.colcon_core.verb:set package 'hunter_description' build argument 'ament_cmake_args' from command line to 'None'
[0.280s] Level 5:colcon.colcon_core.verb:set package 'hunter_description' build argument 'catkin_cmake_args' from command line to 'None'
[0.280s] Level 5:colcon.colcon_core.verb:set package 'hunter_description' build argument 'catkin_skip_building_tests' from command line to 'False'
[0.280s] DEBUG:colcon.colcon_core.verb:Building package 'hunter_description' with the following arguments: {'ament_cmake_args': None, 'build_base': '/home/feroj/ros2_ws/build/hunter_description', 'catkin_cmake_args': None, 'catkin_skip_building_tests': False, 'cmake_args': None, 'cmake_clean_cache': False, 'cmake_clean_first': False, 'cmake_force_configure': False, 'cmake_target': None, 'cmake_target_skip_unavailable': False, 'install_base': '/home/feroj/ros2_ws/install/hunter_description', 'merge_install': False, 'path': '/home/feroj/ros2_ws/src/Hunter_ROS2/hunter_description', 'symlink_install': False, 'test_result_base': None}
[0.280s] Level 5:colcon.colcon_core.verb:set package 'hunter_gazebo' build argument 'cmake_args' from command line to 'None'
[0.280s] Level 5:colcon.colcon_core.verb:set package 'hunter_gazebo' build argument 'cmake_target' from command line to 'None'
[0.281s] Level 5:colcon.colcon_core.verb:set package 'hunter_gazebo' build argument 'cmake_target_skip_unavailable' from command line to 'False'
[0.281s] Level 5:colcon.colcon_core.verb:set package 'hunter_gazebo' build argument 'cmake_clean_cache' from command line to 'False'
[0.281s] Level 5:colcon.colcon_core.verb:set package 'hunter_gazebo' build argument 'cmake_clean_first' from command line to 'False'
[0.281s] Level 5:colcon.colcon_core.verb:set package 'hunter_gazebo' build argument 'cmake_force_configure' from command line to 'False'
[0.281s] Level 5:colcon.colcon_core.verb:set package 'hunter_gazebo' build argument 'ament_cmake_args' from command line to 'None'
[0.281s] Level 5:colcon.colcon_core.verb:set package 'hunter_gazebo' build argument 'catkin_cmake_args' from command line to 'None'
[0.281s] Level 5:colcon.colcon_core.verb:set package 'hunter_gazebo' build argument 'catkin_skip_building_tests' from command line to 'False'
[0.281s] DEBUG:colcon.colcon_core.verb:Building package 'hunter_gazebo' with the following arguments: {'ament_cmake_args': None, 'build_base': '/home/feroj/ros2_ws/build/hunter_gazebo', 'catkin_cmake_args': None, 'catkin_skip_building_tests': False, 'cmake_args': None, 'cmake_clean_cache': False, 'cmake_clean_first': False, 'cmake_force_configure': False, 'cmake_target': None, 'cmake_target_skip_unavailable': False, 'install_base': '/home/feroj/ros2_ws/install/hunter_gazebo', 'merge_install': False, 'path': '/home/feroj/ros2_ws/src/Hunter_ROS2/hunter_gazebo', 'symlink_install': False, 'test_result_base': None}
[0.281s] Level 5:colcon.colcon_core.verb:set package 'hunter_msgs' build argument 'cmake_args' from command line to 'None'
[0.281s] Level 5:colcon.colcon_core.verb:set package 'hunter_msgs' build argument 'cmake_target' from command line to 'None'
[0.281s] Level 5:colcon.colcon_core.verb:set package 'hunter_msgs' build argument 'cmake_target_skip_unavailable' from command line to 'False'
[0.281s] Level 5:colcon.colcon_core.verb:set package 'hunter_msgs' build argument 'cmake_clean_cache' from command line to 'False'
[0.281s] Level 5:colcon.colcon_core.verb:set package 'hunter_msgs' build argument 'cmake_clean_first' from command line to 'False'
[0.281s] Level 5:colcon.colcon_core.verb:set package 'hunter_msgs' build argument 'cmake_force_configure' from command line to 'False'
[0.281s] Level 5:colcon.colcon_core.verb:set package 'hunter_msgs' build argument 'ament_cmake_args' from command line to 'None'
[0.281s] Level 5:colcon.colcon_core.verb:set package 'hunter_msgs' build argument 'catkin_cmake_args' from command line to 'None'
[0.281s] Level 5:colcon.colcon_core.verb:set package 'hunter_msgs' build argument 'catkin_skip_building_tests' from command line to 'False'
[0.281s] DEBUG:colcon.colcon_core.verb:Building package 'hunter_msgs' with the following arguments: {'ament_cmake_args': None, 'build_base': '/home/feroj/ros2_ws/build/hunter_msgs', 'catkin_cmake_args': None, 'catkin_skip_building_tests': False, 'cmake_args': None, 'cmake_clean_cache': False, 'cmake_clean_first': False, 'cmake_force_configure': False, 'cmake_target': None, 'cmake_target_skip_unavailable': False, 'install_base': '/home/feroj/ros2_ws/install/hunter_msgs', 'merge_install': False, 'path': '/home/feroj/ros2_ws/src/hunter_ros2/hunter_msgs', 'symlink_install': False, 'test_result_base': None}
[0.281s] Level 5:colcon.colcon_core.verb:set package 'tests' build argument 'cmake_args' from command line to 'None'
[0.281s] Level 5:colcon.colcon_core.verb:set package 'tests' build argument 'cmake_target' from command line to 'None'
[0.281s] Level 5:colcon.colcon_core.verb:set package 'tests' build argument 'cmake_target_skip_unavailable' from command line to 'False'
[0.281s] Level 5:colcon.colcon_core.verb:set package 'tests' build argument 'cmake_clean_cache' from command line to 'False'
[0.281s] Level 5:colcon.colcon_core.verb:set package 'tests' build argument 'cmake_clean_first' from command line to 'False'
[0.281s] Level 5:colcon.colcon_core.verb:set package 'tests' build argument 'cmake_force_configure' from command line to 'False'
[0.281s] Level 5:colcon.colcon_core.verb:set package 'tests' build argument 'ament_cmake_args' from command line to 'None'
[0.281s] Level 5:colcon.colcon_core.verb:set package 'tests' build argument 'catkin_cmake_args' from command line to 'None'
[0.281s] Level 5:colcon.colcon_core.verb:set package 'tests' build argument 'catkin_skip_building_tests' from command line to 'False'
[0.281s] DEBUG:colcon.colcon_core.verb:Building package 'tests' with the following arguments: {'ament_cmake_args': None, 'build_base': '/home/feroj/ros2_ws/build/tests', 'catkin_cmake_args': None, 'catkin_skip_building_tests': False, 'cmake_args': None, 'cmake_clean_cache': False, 'cmake_clean_first': False, 'cmake_force_configure': False, 'cmake_target': None, 'cmake_target_skip_unavailable': False, 'install_base': '/home/feroj/ros2_ws/install/tests', 'merge_install': False, 'path': '/home/feroj/ros2_ws/src/tests', 'symlink_install': False, 'test_result_base': None}
[0.282s] Level 5:colcon.colcon_core.verb:set package 'ugv_sdk' build argument 'cmake_args' from command line to 'None'
[0.282s] Level 5:colcon.colcon_core.verb:set package 'ugv_sdk' build argument 'cmake_target' from command line to 'None'
[0.282s] Level 5:colcon.colcon_core.verb:set package 'ugv_sdk' build argument 'cmake_target_skip_unavailable' from command line to 'False'
[0.282s] Level 5:colcon.colcon_core.verb:set package 'ugv_sdk' build argument 'cmake_clean_cache' from command line to 'False'
[0.282s] Level 5:colcon.colcon_core.verb:set package 'ugv_sdk' build argument 'cmake_clean_first' from command line to 'False'
[0.282s] Level 5:colcon.colcon_core.verb:set package 'ugv_sdk' build argument 'cmake_force_configure' from command line to 'False'
[0.282s] Level 5:colcon.colcon_core.verb:set package 'ugv_sdk' build argument 'ament_cmake_args' from command line to 'None'
[0.282s] Level 5:colcon.colcon_core.verb:set package 'ugv_sdk' build argument 'catkin_cmake_args' from command line to 'None'
[0.282s] Level 5:colcon.colcon_core.verb:set package 'ugv_sdk' build argument 'catkin_skip_building_tests' from command line to 'False'
[0.282s] DEBUG:colcon.colcon_core.verb:Building package 'ugv_sdk' with the following arguments: {'ament_cmake_args': None, 'build_base': '/home/feroj/ros2_ws/build/ugv_sdk', 'catkin_cmake_args': None, 'catkin_skip_building_tests': False, 'cmake_args': None, 'cmake_clean_cache': False, 'cmake_clean_first': False, 'cmake_force_configure': False, 'cmake_target': None, 'cmake_target_skip_unavailable': False, 'install_base': '/home/feroj/ros2_ws/install/ugv_sdk', 'merge_install': False, 'path': '/home/feroj/ros2_ws/src/UGV_SDK', 'symlink_install': False, 'test_result_base': None}
[0.282s] Level 5:colcon.colcon_core.verb:set package 'hunter_base' build argument 'cmake_args' from command line to 'None'
[0.282s] Level 5:colcon.colcon_core.verb:set package 'hunter_base' build argument 'cmake_target' from command line to 'None'
[0.282s] Level 5:colcon.colcon_core.verb:set package 'hunter_base' build argument 'cmake_target_skip_unavailable' from command line to 'False'
[0.282s] Level 5:colcon.colcon_core.verb:set package 'hunter_base' build argument 'cmake_clean_cache' from command line to 'False'
[0.282s] Level 5:colcon.colcon_core.verb:set package 'hunter_base' build argument 'cmake_clean_first' from command line to 'False'
[0.282s] Level 5:colcon.colcon_core.verb:set package 'hunter_base' build argument 'cmake_force_configure' from command line to 'False'
[0.282s] Level 5:colcon.colcon_core.verb:set package 'hunter_base' build argument 'ament_cmake_args' from command line to 'None'
[0.282s] Level 5:colcon.colcon_core.verb:set package 'hunter_base' build argument 'catkin_cmake_args' from command line to 'None'
[0.282s] Level 5:colcon.colcon_core.verb:set package 'hunter_base' build argument 'catkin_skip_building_tests' from command line to 'False'
[0.282s] DEBUG:colcon.colcon_core.verb:Building package 'hunter_base' with the following arguments: {'ament_cmake_args': None, 'build_base': '/home/feroj/ros2_ws/build/hunter_base', 'catkin_cmake_args': None, 'catkin_skip_building_tests': False, 'cmake_args': None, 'cmake_clean_cache': False, 'cmake_clean_first': False, 'cmake_force_configure': False, 'cmake_target': None, 'cmake_target_skip_unavailable': False, 'install_base': '/home/feroj/ros2_ws/install/hunter_base', 'merge_install': False, 'path': '/home/feroj/ros2_ws/src/hunter_ros2/hunter_base', 'symlink_install': False, 'test_result_base': None}
[0.282s] INFO:colcon.colcon_core.executor:Executing jobs using 'parallel' executor
[0.283s] DEBUG:colcon.colcon_parallel_executor.executor.parallel:run_until_complete
[0.283s] INFO:colcon.colcon_ros.task.ament_cmake.build:Building ROS package in '/home/feroj/ros2_ws/src/hunter_ros2/hunter_msgs' with build type 'ament_cmake'
[0.284s] INFO:colcon.colcon_cmake.task.cmake.build:Building CMake package in '/home/feroj/ros2_ws/src/hunter_ros2/hunter_msgs'
[0.285s] INFO:colcon.colcon_core.plugin_system:Skipping extension 'colcon_core.shell.bat': Not used on non-Windows systems
[0.286s] INFO:colcon.colcon_core.shell:Skip shell extension 'powershell' for command environment: Not usable outside of PowerShell
[0.286s] DEBUG:colcon.colcon_core.shell:Skip shell extension 'dsv' for command environment
[0.288s] INFO:colcon.colcon_ros.task.catkin.build:Building ROS package in '/home/feroj/ros2_ws/src/UGV_SDK' with build type 'catkin'
[0.289s] INFO:colcon.colcon_cmake.task.cmake.build:Building CMake package in '/home/feroj/ros2_ws/src/UGV_SDK'
[0.289s] INFO:colcon.colcon_core.shell:Skip shell extension 'powershell' for command environment: Not usable outside of PowerShell
[0.289s] DEBUG:colcon.colcon_core.shell:Skip shell extension 'dsv' for command environment
[0.292s] INFO:colcon.colcon_ros.task.ament_cmake.build:Building ROS package in '/home/feroj/ros2_ws/src/capstone_robot' with build type 'ament_cmake'
[0.292s] INFO:colcon.colcon_cmake.task.cmake.build:Building CMake package in '/home/feroj/ros2_ws/src/capstone_robot'
[0.292s] INFO:colcon.colcon_core.shell:Skip shell extension 'powershell' for command environment: Not usable outside of PowerShell
[0.292s] DEBUG:colcon.colcon_core.shell:Skip shell extension 'dsv' for command environment
[0.295s] INFO:colcon.colcon_ros.task.ament_cmake.build:Building ROS package in '/home/feroj/ros2_ws/src/Hunter_ROS2/hunter_control' with build type 'ament_cmake'
[0.295s] INFO:colcon.colcon_cmake.task.cmake.build:Building CMake package in '/home/feroj/ros2_ws/src/Hunter_ROS2/hunter_control'
[0.295s] INFO:colcon.colcon_core.shell:Skip shell extension 'powershell' for command environment: Not usable outside of PowerShell
[0.295s] DEBUG:colcon.colcon_core.shell:Skip shell extension 'dsv' for command environment
[0.298s] INFO:colcon.colcon_ros.task.ament_cmake.build:Building ROS package in '/home/feroj/ros2_ws/src/Hunter_ROS2/hunter_description' with build type 'ament_cmake'
[0.298s] INFO:colcon.colcon_cmake.task.cmake.build:Building CMake package in '/home/feroj/ros2_ws/src/Hunter_ROS2/hunter_description'
[0.298s] INFO:colcon.colcon_core.shell:Skip shell extension 'powershell' for command environment: Not usable outside of PowerShell
[0.298s] DEBUG:colcon.colcon_core.shell:Skip shell extension 'dsv' for command environment
[0.301s] INFO:colcon.colcon_ros.task.ament_cmake.build:Building ROS package in '/home/feroj/ros2_ws/src/Hunter_ROS2/hunter_gazebo' with build type 'ament_cmake'
[0.301s] INFO:colcon.colcon_cmake.task.cmake.build:Building CMake package in '/home/feroj/ros2_ws/src/Hunter_ROS2/hunter_gazebo'
[0.301s] INFO:colcon.colcon_core.shell:Skip shell extension 'powershell' for command environment: Not usable outside of PowerShell
[0.301s] DEBUG:colcon.colcon_core.shell:Skip shell extension 'dsv' for command environment
[0.304s] INFO:colcon.colcon_ros.task.ament_python.build:Building ROS package in '/home/feroj/ros2_ws/src/tests' with build type 'ament_python'
[0.304s] Level 1:colcon.colcon_core.shell:create_environment_hook('tests', 'ament_prefix_path')
[0.304s] INFO:colcon.colcon_core.shell:Creating environment hook '/home/feroj/ros2_ws/install/tests/share/tests/hook/ament_prefix_path.ps1'
[0.306s] INFO:colcon.colcon_core.shell:Creating environment descriptor '/home/feroj/ros2_ws/install/tests/share/tests/hook/ament_prefix_path.dsv'
[0.306s] INFO:colcon.colcon_core.shell:Creating environment hook '/home/feroj/ros2_ws/install/tests/share/tests/hook/ament_prefix_path.sh'
[0.307s] INFO:colcon.colcon_core.shell:Skip shell extension 'powershell' for command environment: Not usable outside of PowerShell
[0.307s] DEBUG:colcon.colcon_core.shell:Skip shell extension 'dsv' for command environment
[0.315s] DEBUG:colcon.colcon_core.event_handler.log_command:Invoking command in '/home/feroj/ros2_ws/build/hunter_msgs': CMAKE_PREFIX_PATH=${CMAKE_PREFIX_PATH}:/opt/ros/humble /usr/bin/cmake /home/feroj/ros2_ws/src/hunter_ros2/hunter_msgs -DCMAKE_INSTALL_PREFIX=/home/feroj/ros2_ws/install/hunter_msgs
[0.319s] DEBUG:colcon.colcon_core.event_handler.log_command:Invoking command in '/home/feroj/ros2_ws/build/ugv_sdk': /usr/bin/cmake /home/feroj/ros2_ws/src/UGV_SDK -DCATKIN_INSTALL_INTO_PREFIX_ROOT=0 -DCMAKE_INSTALL_PREFIX=/home/feroj/ros2_ws/install/ugv_sdk
[0.321s] DEBUG:colcon.colcon_core.event_handler.log_command:Invoking command in '/home/feroj/ros2_ws/build/capstone_robot': CMAKE_PREFIX_PATH=${CMAKE_PREFIX_PATH}:/opt/ros/humble /usr/bin/cmake --build /home/feroj/ros2_ws/build/capstone_robot -- -j16 -l16
[0.324s] DEBUG:colcon.colcon_core.event_handler.log_command:Invoking command in '/home/feroj/ros2_ws/build/hunter_control': CMAKE_PREFIX_PATH=${CMAKE_PREFIX_PATH}:/opt/ros/humble /usr/bin/cmake /home/feroj/ros2_ws/src/Hunter_ROS2/hunter_control -DCMAKE_INSTALL_PREFIX=/home/feroj/ros2_ws/install/hunter_control
[0.327s] DEBUG:colcon.colcon_core.event_handler.log_command:Invoking command in '/home/feroj/ros2_ws/build/hunter_description': CMAKE_PREFIX_PATH=${CMAKE_PREFIX_PATH}:/opt/ros/humble /usr/bin/cmake /home/feroj/ros2_ws/src/Hunter_ROS2/hunter_description -DCMAKE_INSTALL_PREFIX=/home/feroj/ros2_ws/install/hunter_description
[0.331s] DEBUG:colcon.colcon_core.event_handler.log_command:Invoking command in '/home/feroj/ros2_ws/build/hunter_gazebo': CMAKE_PREFIX_PATH=${CMAKE_PREFIX_PATH}:/opt/ros/humble /usr/bin/cmake --build /home/feroj/ros2_ws/build/hunter_gazebo -- -j16 -l16
[0.510s] INFO:colcon.colcon_core.task.python.build:Building Python package in '/home/feroj/ros2_ws/src/tests'
[0.510s] INFO:colcon.colcon_core.shell:Skip shell extension 'powershell' for command environment: Not usable outside of PowerShell
[0.510s] DEBUG:colcon.colcon_core.shell:Skip shell extension 'dsv' for command environment
[0.514s] DEBUG:colcon.colcon_core.event_handler.log_command:Invoked command in '/home/feroj/ros2_ws/build/capstone_robot' returned '0': CMAKE_PREFIX_PATH=${CMAKE_PREFIX_PATH}:/opt/ros/humble /usr/bin/cmake --build /home/feroj/ros2_ws/build/capstone_robot -- -j16 -l16
[0.523s] DEBUG:colcon.colcon_core.event_handler.log_command:Invoking command in '/home/feroj/ros2_ws/build/capstone_robot': CMAKE_PREFIX_PATH=${CMAKE_PREFIX_PATH}:/opt/ros/humble /usr/bin/cmake --install /home/feroj/ros2_ws/build/capstone_robot
[0.524s] DEBUG:colcon.colcon_core.event_handler.log_command:Invoked command in '/home/feroj/ros2_ws/build/hunter_gazebo' returned '0': CMAKE_PREFIX_PATH=${CMAKE_PREFIX_PATH}:/opt/ros/humble /usr/bin/cmake --build /home/feroj/ros2_ws/build/hunter_gazebo -- -j16 -l16
[0.526s] DEBUG:colcon.colcon_core.event_handler.log_command:Invoking command in '/home/feroj/ros2_ws/build/hunter_gazebo': CMAKE_PREFIX_PATH=${CMAKE_PREFIX_PATH}:/opt/ros/humble /usr/bin/cmake --install /home/feroj/ros2_ws/build/hunter_gazebo
[0.535s] Level 1:colcon.colcon_core.environment:create_environment_scripts_only(capstone_robot)
[0.544s] Level 1:colcon.colcon_core.environment:checking '/home/feroj/ros2_ws/install/capstone_robot' for CMake module files
[0.546s] Level 1:colcon.colcon_core.environment:checking '/home/feroj/ros2_ws/install/capstone_robot' for CMake config files
[0.548s] DEBUG:colcon.colcon_core.event_handler.log_command:Invoked command in '/home/feroj/ros2_ws/build/capstone_robot' returned '0': CMAKE_PREFIX_PATH=${CMAKE_PREFIX_PATH}:/opt/ros/humble /usr/bin/cmake --install /home/feroj/ros2_ws/build/capstone_robot
[0.548s] Level 1:colcon.colcon_core.shell:create_environment_hook('capstone_robot', 'cmake_prefix_path')
[0.549s] INFO:colcon.colcon_core.shell:Creating environment hook '/home/feroj/ros2_ws/install/capstone_robot/share/capstone_robot/hook/cmake_prefix_path.ps1'
[0.549s] INFO:colcon.colcon_core.shell:Creating environment descriptor '/home/feroj/ros2_ws/install/capstone_robot/share/capstone_robot/hook/cmake_prefix_path.dsv'
[0.549s] INFO:colcon.colcon_core.shell:Creating environment hook '/home/feroj/ros2_ws/install/capstone_robot/share/capstone_robot/hook/cmake_prefix_path.sh'
[0.550s] Level 1:colcon.colcon_core.environment:checking '/home/feroj/ros2_ws/install/capstone_robot/lib'
[0.550s] Level 1:colcon.colcon_core.environment:checking '/home/feroj/ros2_ws/install/capstone_robot/bin'
[0.550s] Level 1:colcon.colcon_core.environment:checking '/home/feroj/ros2_ws/install/capstone_robot/lib/pkgconfig/capstone_robot.pc'
[0.550s] Level 1:colcon.colcon_core.environment:checking '/home/feroj/ros2_ws/install/capstone_robot/lib/python3.10/site-packages'
[0.551s] Level 1:colcon.colcon_core.environment:checking '/home/feroj/ros2_ws/install/capstone_robot/bin'
[0.551s] INFO:colcon.colcon_core.shell:Creating package script '/home/feroj/ros2_ws/install/capstone_robot/share/capstone_robot/package.ps1'
[0.552s] INFO:colcon.colcon_core.shell:Creating package descriptor '/home/feroj/ros2_ws/install/capstone_robot/share/capstone_robot/package.dsv'
[0.552s] INFO:colcon.colcon_core.shell:Creating package script '/home/feroj/ros2_ws/install/capstone_robot/share/capstone_robot/package.sh'
[0.553s] INFO:colcon.colcon_core.shell:Creating package script '/home/feroj/ros2_ws/install/capstone_robot/share/capstone_robot/package.bash'
[0.553s] INFO:colcon.colcon_core.shell:Creating package script '/home/feroj/ros2_ws/install/capstone_robot/share/capstone_robot/package.zsh'
[0.554s] Level 1:colcon.colcon_core.environment:create_file_with_runtime_dependencies(/home/feroj/ros2_ws/install/capstone_robot/share/colcon-core/packages/capstone_robot)
[0.555s] Level 1:colcon.colcon_core.environment:create_environment_scripts_only(capstone_robot)
[0.555s] Level 1:colcon.colcon_core.environment:checking '/home/feroj/ros2_ws/install/capstone_robot' for CMake module files
[0.555s] Level 1:colcon.colcon_core.environment:checking '/home/feroj/ros2_ws/install/capstone_robot' for CMake config files
[0.556s] Level 1:colcon.colcon_core.shell:create_environment_hook('capstone_robot', 'cmake_prefix_path')
[0.556s] INFO:colcon.colcon_core.shell:Creating environment hook '/home/feroj/ros2_ws/install/capstone_robot/share/capstone_robot/hook/cmake_prefix_path.ps1'
[0.556s] INFO:colcon.colcon_core.shell:Creating environment descriptor '/home/feroj/ros2_ws/install/capstone_robot/share/capstone_robot/hook/cmake_prefix_path.dsv'
[0.556s] INFO:colcon.colcon_core.shell:Creating environment hook '/home/feroj/ros2_ws/install/capstone_robot/share/capstone_robot/hook/cmake_prefix_path.sh'
[0.557s] Level 1:colcon.colcon_core.environment:checking '/home/feroj/ros2_ws/install/capstone_robot/lib'
[0.557s] Level 1:colcon.colcon_core.environment:checking '/home/feroj/ros2_ws/install/capstone_robot/bin'
[0.558s] Level 1:colcon.colcon_core.environment:checking '/home/feroj/ros2_ws/install/capstone_robot/lib/pkgconfig/capstone_robot.pc'
[0.558s] Level 1:colcon.colcon_core.environment:checking '/home/feroj/ros2_ws/install/capstone_robot/lib/python3.10/site-packages'
[0.558s] Level 1:colcon.colcon_core.environment:checking '/home/feroj/ros2_ws/install/capstone_robot/bin'
[0.558s] INFO:colcon.colcon_core.shell:Creating package script '/home/feroj/ros2_ws/install/capstone_robot/share/capstone_robot/package.ps1'
[0.559s] INFO:colcon.colcon_core.shell:Creating package descriptor '/home/feroj/ros2_ws/install/capstone_robot/share/capstone_robot/package.dsv'
[0.559s] INFO:colcon.colcon_core.shell:Creating package script '/home/feroj/ros2_ws/install/capstone_robot/share/capstone_robot/package.sh'
[0.560s] INFO:colcon.colcon_core.shell:Creating package script '/home/feroj/ros2_ws/install/capstone_robot/share/capstone_robot/package.bash'
[0.560s] INFO:colcon.colcon_core.shell:Creating package script '/home/feroj/ros2_ws/install/capstone_robot/share/capstone_robot/package.zsh'
[0.560s] Level 1:colcon.colcon_core.environment:create_file_with_runtime_dependencies(/home/feroj/ros2_ws/install/capstone_robot/share/colcon-core/packages/capstone_robot)
[0.561s] Level 1:colcon.colcon_core.environment:create_environment_scripts_only(hunter_gazebo)
[0.561s] Level 1:colcon.colcon_core.environment:checking '/home/feroj/ros2_ws/install/hunter_gazebo' for CMake module files
[0.562s] DEBUG:colcon.colcon_core.event_handler.log_command:Invoked command in '/home/feroj/ros2_ws/build/hunter_gazebo' returned '0': CMAKE_PREFIX_PATH=${CMAKE_PREFIX_PATH}:/opt/ros/humble /usr/bin/cmake --install /home/feroj/ros2_ws/build/hunter_gazebo
[0.563s] Level 1:colcon.colcon_core.environment:checking '/home/feroj/ros2_ws/install/hunter_gazebo' for CMake config files
[0.563s] Level 1:colcon.colcon_core.shell:create_environment_hook('hunter_gazebo', 'cmake_prefix_path')
[0.563s] INFO:colcon.colcon_core.shell:Creating environment hook '/home/feroj/ros2_ws/install/hunter_gazebo/share/hunter_gazebo/hook/cmake_prefix_path.ps1'
[0.564s] INFO:colcon.colcon_core.shell:Creating environment descriptor '/home/feroj/ros2_ws/install/hunter_gazebo/share/hunter_gazebo/hook/cmake_prefix_path.dsv'
[0.564s] INFO:colcon.colcon_core.shell:Creating environment hook '/home/feroj/ros2_ws/install/hunter_gazebo/share/hunter_gazebo/hook/cmake_prefix_path.sh'
[0.564s] Level 1:colcon.colcon_core.environment:checking '/home/feroj/ros2_ws/install/hunter_gazebo/bin'
[0.565s] Level 1:colcon.colcon_core.environment:checking '/home/feroj/ros2_ws/install/hunter_gazebo/lib/pkgconfig/hunter_gazebo.pc'
[0.565s] Level 1:colcon.colcon_core.environment:checking '/home/feroj/ros2_ws/install/hunter_gazebo/lib/python3.10/site-packages'
[0.565s] Level 1:colcon.colcon_core.environment:checking '/home/feroj/ros2_ws/install/hunter_gazebo/bin'
[0.565s] INFO:colcon.colcon_core.shell:Creating package script '/home/feroj/ros2_ws/install/hunter_gazebo/share/hunter_gazebo/package.ps1'
[0.566s] INFO:colcon.colcon_core.shell:Creating package descriptor '/home/feroj/ros2_ws/install/hunter_gazebo/share/hunter_gazebo/package.dsv'
[0.566s] INFO:colcon.colcon_core.shell:Creating package script '/home/feroj/ros2_ws/install/hunter_gazebo/share/hunter_gazebo/package.sh'
[0.567s] INFO:colcon.colcon_core.shell:Creating package script '/home/feroj/ros2_ws/install/hunter_gazebo/share/hunter_gazebo/package.bash'
[0.567s] INFO:colcon.colcon_core.shell:Creating package script '/home/feroj/ros2_ws/install/hunter_gazebo/share/hunter_gazebo/package.zsh'
[0.567s] Level 1:colcon.colcon_core.environment:create_file_with_runtime_dependencies(/home/feroj/ros2_ws/install/hunter_gazebo/share/colcon-core/packages/hunter_gazebo)
[0.568s] Level 1:colcon.colcon_core.environment:create_environment_scripts_only(hunter_gazebo)
[0.568s] Level 1:colcon.colcon_core.environment:checking '/home/feroj/ros2_ws/install/hunter_gazebo' for CMake module files
[0.569s] Level 1:colcon.colcon_core.environment:checking '/home/feroj/ros2_ws/install/hunter_gazebo' for CMake config files
[0.569s] Level 1:colcon.colcon_core.shell:create_environment_hook('hunter_gazebo', 'cmake_prefix_path')
[0.569s] INFO:colcon.colcon_core.shell:Creating environment hook '/home/feroj/ros2_ws/install/hunter_gazebo/share/hunter_gazebo/hook/cmake_prefix_path.ps1'
[0.570s] INFO:colcon.colcon_core.shell:Creating environment descriptor '/home/feroj/ros2_ws/install/hunter_gazebo/share/hunter_gazebo/hook/cmake_prefix_path.dsv'
[0.570s] INFO:colcon.colcon_core.shell:Creating environment hook '/home/feroj/ros2_ws/install/hunter_gazebo/share/hunter_gazebo/hook/cmake_prefix_path.sh'
[0.571s] Level 1:colcon.colcon_core.environment:checking '/home/feroj/ros2_ws/install/hunter_gazebo/bin'
[0.571s] Level 1:colcon.colcon_core.environment:checking '/home/feroj/ros2_ws/install/hunter_gazebo/lib/pkgconfig/hunter_gazebo.pc'
[0.571s] Level 1:colcon.colcon_core.environment:checking '/home/feroj/ros2_ws/install/hunter_gazebo/lib/python3.10/site-packages'
[0.571s] Level 1:colcon.colcon_core.environment:checking '/home/feroj/ros2_ws/install/hunter_gazebo/bin'
[0.571s] INFO:colcon.colcon_core.shell:Creating package script '/home/feroj/ros2_ws/install/hunter_gazebo/share/hunter_gazebo/package.ps1'
[0.572s] INFO:colcon.colcon_core.shell:Creating package descriptor '/home/feroj/ros2_ws/install/hunter_gazebo/share/hunter_gazebo/package.dsv'
[0.572s] INFO:colcon.colcon_core.shell:Creating package script '/home/feroj/ros2_ws/install/hunter_gazebo/share/hunter_gazebo/package.sh'
[0.573s] INFO:colcon.colcon_core.shell:Creating package script '/home/feroj/ros2_ws/install/hunter_gazebo/share/hunter_gazebo/package.bash'
[0.573s] INFO:colcon.colcon_core.shell:Creating package script '/home/feroj/ros2_ws/install/hunter_gazebo/share/hunter_gazebo/package.zsh'
[0.574s] Level 1:colcon.colcon_core.environment:create_file_with_runtime_dependencies(/home/feroj/ros2_ws/install/hunter_gazebo/share/colcon-core/packages/hunter_gazebo)
[0.930s] DEBUG:colcon.colcon_core.event_handler.log_command:Invoking command in '/home/feroj/ros2_ws/src/tests': PYTHONPATH=/home/feroj/ros2_ws/build/tests/prefix_override:/usr/lib/python3/dist-packages/colcon_core/task/python/colcon_distutils_commands:/home/feroj/ros2_ws/install/tests/lib/python3.10/site-packages:${PYTHONPATH} /usr/bin/python3 -W ignore:setup.py install is deprecated -W ignore:easy_install command is deprecated setup.py egg_info --egg-base ../../build/tests build --build-base /home/feroj/ros2_ws/build/tests/build install --record /home/feroj/ros2_ws/build/tests/install.log --single-version-externally-managed install_data
[1.059s] DEBUG:colcon.colcon_core.event_handler.log_command:Invoked command in '/home/feroj/ros2_ws/build/hunter_description' returned '0': CMAKE_PREFIX_PATH=${CMAKE_PREFIX_PATH}:/opt/ros/humble /usr/bin/cmake /home/feroj/ros2_ws/src/Hunter_ROS2/hunter_description -DCMAKE_INSTALL_PREFIX=/home/feroj/ros2_ws/install/hunter_description
[1.060s] DEBUG:colcon.colcon_core.event_handler.log_command:Invoking command in '/home/feroj/ros2_ws/build/hunter_description': CMAKE_PREFIX_PATH=${CMAKE_PREFIX_PATH}:/opt/ros/humble /usr/bin/cmake --build /home/feroj/ros2_ws/build/hunter_description -- -j16 -l16
[1.087s] DEBUG:colcon.colcon_core.event_handler.log_command:Invoked command in '/home/feroj/ros2_ws/build/ugv_sdk' returned '0': /usr/bin/cmake /home/feroj/ros2_ws/src/UGV_SDK -DCATKIN_INSTALL_INTO_PREFIX_ROOT=0 -DCMAKE_INSTALL_PREFIX=/home/feroj/ros2_ws/install/ugv_sdk
[1.090s] DEBUG:colcon.colcon_core.event_handler.log_command:Invoking command in '/home/feroj/ros2_ws/build/ugv_sdk': /usr/bin/cmake --build /home/feroj/ros2_ws/build/ugv_sdk -- -j16 -l16
[1.101s] DEBUG:colcon.colcon_core.event_handler.log_command:Invoked command in '/home/feroj/ros2_ws/build/hunter_description' returned '0': CMAKE_PREFIX_PATH=${CMAKE_PREFIX_PATH}:/opt/ros/humble /usr/bin/cmake --build /home/feroj/ros2_ws/build/hunter_description -- -j16 -l16
[1.102s] DEBUG:colcon.colcon_core.event_handler.log_command:Invoking command in '/home/feroj/ros2_ws/build/hunter_description': CMAKE_PREFIX_PATH=${CMAKE_PREFIX_PATH}:/opt/ros/humble /usr/bin/cmake --install /home/feroj/ros2_ws/build/hunter_description
[1.103s] DEBUG:colcon.colcon_core.event_handler.log_command:Invoked command in '/home/feroj/ros2_ws/build/hunter_control' returned '0': CMAKE_PREFIX_PATH=${CMAKE_PREFIX_PATH}:/opt/ros/humble /usr/bin/cmake /home/feroj/ros2_ws/src/Hunter_ROS2/hunter_control -DCMAKE_INSTALL_PREFIX=/home/feroj/ros2_ws/install/hunter_control
[1.104s] DEBUG:colcon.colcon_core.event_handler.log_command:Invoking command in '/home/feroj/ros2_ws/build/hunter_control': CMAKE_PREFIX_PATH=${CMAKE_PREFIX_PATH}:/opt/ros/humble /usr/bin/cmake --build /home/feroj/ros2_ws/build/hunter_control -- -j16 -l16
[1.129s] DEBUG:colcon.colcon_core.event_handler.log_command:Invoked command in '/home/feroj/ros2_ws/build/hunter_control' returned '0': CMAKE_PREFIX_PATH=${CMAKE_PREFIX_PATH}:/opt/ros/humble /usr/bin/cmake --build /home/feroj/ros2_ws/build/hunter_control -- -j16 -l16
[1.130s] DEBUG:colcon.colcon_core.event_handler.log_command:Invoking command in '/home/feroj/ros2_ws/build/hunter_control': CMAKE_PREFIX_PATH=${CMAKE_PREFIX_PATH}:/opt/ros/humble /usr/bin/cmake --install /home/feroj/ros2_ws/build/hunter_control
[1.147s] Level 1:colcon.colcon_core.environment:create_environment_scripts_only(hunter_description)
[1.147s] Level 1:colcon.colcon_core.environment:checking '/home/feroj/ros2_ws/install/hunter_description' for CMake module files
[1.148s] DEBUG:colcon.colcon_core.event_handler.log_command:Invoked command in '/home/feroj/ros2_ws/build/hunter_description' returned '0': CMAKE_PREFIX_PATH=${CMAKE_PREFIX_PATH}:/opt/ros/humble /usr/bin/cmake --install /home/feroj/ros2_ws/build/hunter_description
[1.148s] Level 1:colcon.colcon_core.environment:checking '/home/feroj/ros2_ws/install/hunter_description' for CMake config files
[1.148s] Level 1:colcon.colcon_core.shell:create_environment_hook('hunter_description', 'cmake_prefix_path')
[1.148s] INFO:colcon.colcon_core.shell:Creating environment hook '/home/feroj/ros2_ws/install/hunter_description/share/hunter_description/hook/cmake_prefix_path.ps1'
[1.149s] INFO:colcon.colcon_core.shell:Creating environment descriptor '/home/feroj/ros2_ws/install/hunter_description/share/hunter_description/hook/cmake_prefix_path.dsv'
[1.150s] INFO:colcon.colcon_core.shell:Creating environment hook '/home/feroj/ros2_ws/install/hunter_description/share/hunter_description/hook/cmake_prefix_path.sh'
[1.150s] Level 1:colcon.colcon_core.environment:checking '/home/feroj/ros2_ws/install/hunter_description/bin'
[1.150s] Level 1:colcon.colcon_core.environment:checking '/home/feroj/ros2_ws/install/hunter_description/lib/pkgconfig/hunter_description.pc'
[1.150s] Level 1:colcon.colcon_core.environment:checking '/home/feroj/ros2_ws/install/hunter_description/lib/python3.10/site-packages'
[1.151s] Level 1:colcon.colcon_core.environment:checking '/home/feroj/ros2_ws/install/hunter_description/bin'
[1.151s] INFO:colcon.colcon_core.shell:Creating package script '/home/feroj/ros2_ws/install/hunter_description/share/hunter_description/package.ps1'
[1.152s] INFO:colcon.colcon_core.shell:Creating package descriptor '/home/feroj/ros2_ws/install/hunter_description/share/hunter_description/package.dsv'
[1.153s] INFO:colcon.colcon_core.shell:Creating package script '/home/feroj/ros2_ws/install/hunter_description/share/hunter_description/package.sh'
[1.153s] INFO:colcon.colcon_core.shell:Creating package script '/home/feroj/ros2_ws/install/hunter_description/share/hunter_description/package.bash'
[1.154s] INFO:colcon.colcon_core.shell:Creating package script '/home/feroj/ros2_ws/install/hunter_description/share/hunter_description/package.zsh'
[1.155s] Level 1:colcon.colcon_core.environment:create_file_with_runtime_dependencies(/home/feroj/ros2_ws/install/hunter_description/share/colcon-core/packages/hunter_description)
[1.156s] Level 1:colcon.colcon_core.environment:create_environment_scripts_only(hunter_description)
[1.156s] Level 1:colcon.colcon_core.environment:checking '/home/feroj/ros2_ws/install/hunter_description' for CMake module files
[1.157s] Level 1:colcon.colcon_core.environment:checking '/home/feroj/ros2_ws/install/hunter_description' for CMake config files
[1.157s] Level 1:colcon.colcon_core.shell:create_environment_hook('hunter_description', 'cmake_prefix_path')
[1.157s] INFO:colcon.colcon_core.shell:Creating environment hook '/home/feroj/ros2_ws/install/hunter_description/share/hunter_description/hook/cmake_prefix_path.ps1'
[1.158s] INFO:colcon.colcon_core.shell:Creating environment descriptor '/home/feroj/ros2_ws/install/hunter_description/share/hunter_description/hook/cmake_prefix_path.dsv'
[1.158s] INFO:colcon.colcon_core.shell:Creating environment hook '/home/feroj/ros2_ws/install/hunter_description/share/hunter_description/hook/cmake_prefix_path.sh'
[1.159s] Level 1:colcon.colcon_core.environment:checking '/home/feroj/ros2_ws/install/hunter_description/bin'
[1.159s] Level 1:colcon.colcon_core.environment:checking '/home/feroj/ros2_ws/install/hunter_description/lib/pkgconfig/hunter_description.pc'
[1.159s] Level 1:colcon.colcon_core.environment:checking '/home/feroj/ros2_ws/install/hunter_description/lib/python3.10/site-packages'
[1.159s] Level 1:colcon.colcon_core.environment:checking '/home/feroj/ros2_ws/install/hunter_description/bin'
[1.160s] INFO:colcon.colcon_core.shell:Creating package script '/home/feroj/ros2_ws/install/hunter_description/share/hunter_description/package.ps1'
[1.160s] INFO:colcon.colcon_core.shell:Creating package descriptor '/home/feroj/ros2_ws/install/hunter_description/share/hunter_description/package.dsv'
[1.161s] INFO:colcon.colcon_core.shell:Creating package script '/home/feroj/ros2_ws/install/hunter_description/share/hunter_description/package.sh'
[1.162s] INFO:colcon.colcon_core.shell:Creating package script '/home/feroj/ros2_ws/install/hunter_description/share/hunter_description/package.bash'
[1.162s] INFO:colcon.colcon_core.shell:Creating package script '/home/feroj/ros2_ws/install/hunter_description/share/hunter_description/package.zsh'
[1.163s] Level 1:colcon.colcon_core.environment:create_file_with_runtime_dependencies(/home/feroj/ros2_ws/install/hunter_description/share/colcon-core/packages/hunter_description)
[1.164s] Level 1:colcon.colcon_core.environment:create_environment_scripts_only(hunter_control)
[1.165s] Level 1:colcon.colcon_core.environment:checking '/home/feroj/ros2_ws/install/hunter_control' for CMake module files
[1.166s] DEBUG:colcon.colcon_core.event_handler.log_command:Invoked command in '/home/feroj/ros2_ws/build/hunter_control' returned '0': CMAKE_PREFIX_PATH=${CMAKE_PREFIX_PATH}:/opt/ros/humble /usr/bin/cmake --install /home/feroj/ros2_ws/build/hunter_control
[1.166s] Level 1:colcon.colcon_core.environment:checking '/home/feroj/ros2_ws/install/hunter_control' for CMake config files
[1.166s] Level 1:colcon.colcon_core.shell:create_environment_hook('hunter_control', 'cmake_prefix_path')
[1.166s] INFO:colcon.colcon_core.shell:Creating environment hook '/home/feroj/ros2_ws/install/hunter_control/share/hunter_control/hook/cmake_prefix_path.ps1'
[1.167s] INFO:colcon.colcon_core.shell:Creating environment descriptor '/home/feroj/ros2_ws/install/hunter_control/share/hunter_control/hook/cmake_prefix_path.dsv'
[1.167s] INFO:colcon.colcon_core.shell:Creating environment hook '/home/feroj/ros2_ws/install/hunter_control/share/hunter_control/hook/cmake_prefix_path.sh'
[1.168s] Level 1:colcon.colcon_core.environment:checking '/home/feroj/ros2_ws/install/hunter_control/bin'
[1.168s] Level 1:colcon.colcon_core.environment:checking '/home/feroj/ros2_ws/install/hunter_control/lib/pkgconfig/hunter_control.pc'
[1.169s] Level 1:colcon.colcon_core.environment:checking '/home/feroj/ros2_ws/install/hunter_control/lib/python3.10/site-packages'
[1.169s] Level 1:colcon.colcon_core.environment:checking '/home/feroj/ros2_ws/install/hunter_control/bin'
[1.169s] INFO:colcon.colcon_core.shell:Creating package script '/home/feroj/ros2_ws/install/hunter_control/share/hunter_control/package.ps1'
[1.170s] INFO:colcon.colcon_core.shell:Creating package descriptor '/home/feroj/ros2_ws/install/hunter_control/share/hunter_control/package.dsv'
[1.170s] INFO:colcon.colcon_core.shell:Creating package script '/home/feroj/ros2_ws/install/hunter_control/share/hunter_control/package.sh'
[1.171s] INFO:colcon.colcon_core.shell:Creating package script '/home/feroj/ros2_ws/install/hunter_control/share/hunter_control/package.bash'
[1.171s] INFO:colcon.colcon_core.shell:Creating package script '/home/feroj/ros2_ws/install/hunter_control/share/hunter_control/package.zsh'
[1.171s] Level 1:colcon.colcon_core.environment:create_file_with_runtime_dependencies(/home/feroj/ros2_ws/install/hunter_control/share/colcon-core/packages/hunter_control)
[1.173s] Level 1:colcon.colcon_core.environment:create_environment_scripts_only(hunter_control)
[1.173s] Level 1:colcon.colcon_core.environment:checking '/home/feroj/ros2_ws/install/hunter_control' for CMake module files
[1.174s] Level 1:colcon.colcon_core.environment:checking '/home/feroj/ros2_ws/install/hunter_control' for CMake config files
[1.174s] Level 1:colcon.colcon_core.shell:create_environment_hook('hunter_control', 'cmake_prefix_path')
[1.174s] INFO:colcon.colcon_core.shell:Creating environment hook '/home/feroj/ros2_ws/install/hunter_control/share/hunter_control/hook/cmake_prefix_path.ps1'
[1.174s] INFO:colcon.colcon_core.shell:Creating environment descriptor '/home/feroj/ros2_ws/install/hunter_control/share/hunter_control/hook/cmake_prefix_path.dsv'
[1.175s] INFO:colcon.colcon_core.shell:Creating environment hook '/home/feroj/ros2_ws/install/hunter_control/share/hunter_control/hook/cmake_prefix_path.sh'
[1.175s] Level 1:colcon.colcon_core.environment:checking '/home/feroj/ros2_ws/install/hunter_control/bin'
[1.175s] Level 1:colcon.colcon_core.environment:checking '/home/feroj/ros2_ws/install/hunter_control/lib/pkgconfig/hunter_control.pc'
[1.176s] Level 1:colcon.colcon_core.environment:checking '/home/feroj/ros2_ws/install/hunter_control/lib/python3.10/site-packages'
[1.176s] Level 1:colcon.colcon_core.environment:checking '/home/feroj/ros2_ws/install/hunter_control/bin'
[1.176s] INFO:colcon.colcon_core.shell:Creating package script '/home/feroj/ros2_ws/install/hunter_control/share/hunter_control/package.ps1'
[1.177s] INFO:colcon.colcon_core.shell:Creating package descriptor '/home/feroj/ros2_ws/install/hunter_control/share/hunter_control/package.dsv'
[1.177s] INFO:colcon.colcon_core.shell:Creating package script '/home/feroj/ros2_ws/install/hunter_control/share/hunter_control/package.sh'
[1.178s] INFO:colcon.colcon_core.shell:Creating package script '/home/feroj/ros2_ws/install/hunter_control/share/hunter_control/package.bash'
[1.178s] INFO:colcon.colcon_core.shell:Creating package script '/home/feroj/ros2_ws/install/hunter_control/share/hunter_control/package.zsh'
[1.179s] Level 1:colcon.colcon_core.environment:create_file_with_runtime_dependencies(/home/feroj/ros2_ws/install/hunter_control/share/colcon-core/packages/hunter_control)
[1.181s] Level 1:colcon.colcon_core.environment:checking '/home/feroj/ros2_ws/install/tests' for CMake module files
[1.182s] DEBUG:colcon.colcon_core.event_handler.log_command:Invoked command in '/home/feroj/ros2_ws/src/tests' returned '0': PYTHONPATH=/home/feroj/ros2_ws/build/tests/prefix_override:/usr/lib/python3/dist-packages/colcon_core/task/python/colcon_distutils_commands:/home/feroj/ros2_ws/install/tests/lib/python3.10/site-packages:${PYTHONPATH} /usr/bin/python3 -W ignore:setup.py install is deprecated -W ignore:easy_install command is deprecated setup.py egg_info --egg-base ../../build/tests build --build-base /home/feroj/ros2_ws/build/tests/build install --record /home/feroj/ros2_ws/build/tests/install.log --single-version-externally-managed install_data
[1.182s] Level 1:colcon.colcon_core.environment:checking '/home/feroj/ros2_ws/install/tests' for CMake config files
[1.183s] Level 1:colcon.colcon_core.environment:checking '/home/feroj/ros2_ws/install/tests/lib'
[1.183s] Level 1:colcon.colcon_core.environment:checking '/home/feroj/ros2_ws/install/tests/bin'
[1.183s] Level 1:colcon.colcon_core.shell:create_environment_hook('tests', 'path')
[1.183s] INFO:colcon.colcon_core.shell:Creating environment hook '/home/feroj/ros2_ws/install/tests/share/tests/hook/path.ps1'
[1.184s] INFO:colcon.colcon_core.shell:Creating environment descriptor '/home/feroj/ros2_ws/install/tests/share/tests/hook/path.dsv'
[1.184s] INFO:colcon.colcon_core.shell:Creating environment hook '/home/feroj/ros2_ws/install/tests/share/tests/hook/path.sh'
[1.184s] Level 1:colcon.colcon_core.environment:checking '/home/feroj/ros2_ws/install/tests/lib/pkgconfig/tests.pc'
[1.185s] Level 1:colcon.colcon_core.environment:checking '/home/feroj/ros2_ws/install/tests/lib/python3.10/site-packages'
[1.185s] Level 1:colcon.colcon_core.shell:create_environment_hook('tests', 'pythonpath')
[1.185s] INFO:colcon.colcon_core.shell:Creating environment hook '/home/feroj/ros2_ws/install/tests/share/tests/hook/pythonpath.ps1'
[1.186s] INFO:colcon.colcon_core.shell:Creating environment descriptor '/home/feroj/ros2_ws/install/tests/share/tests/hook/pythonpath.dsv'
[1.186s] INFO:colcon.colcon_core.shell:Creating environment hook '/home/feroj/ros2_ws/install/tests/share/tests/hook/pythonpath.sh'
[1.187s] Level 1:colcon.colcon_core.environment:checking '/home/feroj/ros2_ws/install/tests/bin'
[1.187s] Level 1:colcon.colcon_core.shell:create_environment_hook('tests', 'pythonscriptspath')
[1.187s] INFO:colcon.colcon_core.shell:Creating environment hook '/home/feroj/ros2_ws/install/tests/share/tests/hook/pythonscriptspath.ps1'
[1.187s] INFO:colcon.colcon_core.shell:Creating environment descriptor '/home/feroj/ros2_ws/install/tests/share/tests/hook/pythonscriptspath.dsv'
[1.188s] INFO:colcon.colcon_core.shell:Creating environment hook '/home/feroj/ros2_ws/install/tests/share/tests/hook/pythonscriptspath.sh'
[1.188s] Level 1:colcon.colcon_core.environment:create_environment_scripts_only(tests)
[1.188s] INFO:colcon.colcon_core.shell:Creating package script '/home/feroj/ros2_ws/install/tests/share/tests/package.ps1'
[1.189s] INFO:colcon.colcon_core.shell:Creating package descriptor '/home/feroj/ros2_ws/install/tests/share/tests/package.dsv'
[1.190s] INFO:colcon.colcon_core.shell:Creating package script '/home/feroj/ros2_ws/install/tests/share/tests/package.sh'
[1.190s] INFO:colcon.colcon_core.shell:Creating package script '/home/feroj/ros2_ws/install/tests/share/tests/package.bash'
[1.191s] INFO:colcon.colcon_core.shell:Creating package script '/home/feroj/ros2_ws/install/tests/share/tests/package.zsh'
[1.191s] Level 1:colcon.colcon_core.environment:create_file_with_runtime_dependencies(/home/feroj/ros2_ws/install/tests/share/colcon-core/packages/tests)
[2.714s] DEBUG:colcon.colcon_core.event_handler.log_command:Invoked command in '/home/feroj/ros2_ws/build/hunter_msgs' returned '0': CMAKE_PREFIX_PATH=${CMAKE_PREFIX_PATH}:/opt/ros/humble /usr/bin/cmake /home/feroj/ros2_ws/src/hunter_ros2/hunter_msgs -DCMAKE_INSTALL_PREFIX=/home/feroj/ros2_ws/install/hunter_msgs
[2.716s] DEBUG:colcon.colcon_core.event_handler.log_command:Invoking command in '/home/feroj/ros2_ws/build/hunter_msgs': CMAKE_PREFIX_PATH=${CMAKE_PREFIX_PATH}:/opt/ros/humble /usr/bin/cmake --build /home/feroj/ros2_ws/build/hunter_msgs -- -j16 -l16
[5.523s] DEBUG:colcon.colcon_core.event_handler.log_command:Invoked command in '/home/feroj/ros2_ws/build/hunter_msgs' returned '0': CMAKE_PREFIX_PATH=${CMAKE_PREFIX_PATH}:/opt/ros/humble /usr/bin/cmake --build /home/feroj/ros2_ws/build/hunter_msgs -- -j16 -l16
[5.525s] DEBUG:colcon.colcon_core.event_handler.log_command:Invoking command in '/home/feroj/ros2_ws/build/hunter_msgs': CMAKE_PREFIX_PATH=${CMAKE_PREFIX_PATH}:/opt/ros/humble /usr/bin/cmake --install /home/feroj/ros2_ws/build/hunter_msgs
[5.540s] DEBUG:colcon.colcon_core.event_handler.log_command:Invoked command in '/home/feroj/ros2_ws/build/ugv_sdk' returned '0': /usr/bin/cmake --build /home/feroj/ros2_ws/build/ugv_sdk -- -j16 -l16
[5.544s] DEBUG:colcon.colcon_core.event_handler.log_command:Invoking command in '/home/feroj/ros2_ws/build/ugv_sdk': /usr/bin/cmake --install /home/feroj/ros2_ws/build/ugv_sdk
[5.571s] Level 1:colcon.colcon_core.shell:create_environment_hook('ugv_sdk', 'ros_package_path')
[5.572s] INFO:colcon.colcon_core.shell:Creating environment hook '/home/feroj/ros2_ws/install/ugv_sdk/share/ugv_sdk/hook/ros_package_path.ps1'
[5.575s] DEBUG:colcon.colcon_core.event_handler.log_command:Invoked command in '/home/feroj/ros2_ws/build/ugv_sdk' returned '0': /usr/bin/cmake --install /home/feroj/ros2_ws/build/ugv_sdk
[5.576s] INFO:colcon.colcon_core.shell:Creating environment descriptor '/home/feroj/ros2_ws/install/ugv_sdk/share/ugv_sdk/hook/ros_package_path.dsv'
[5.577s] INFO:colcon.colcon_core.shell:Creating environment hook '/home/feroj/ros2_ws/install/ugv_sdk/share/ugv_sdk/hook/ros_package_path.sh'
[5.578s] Level 1:colcon.colcon_core.shell:create_environment_hook('ugv_sdk', 'pkg_config_path')
[5.578s] INFO:colcon.colcon_core.shell:Creating environment hook '/home/feroj/ros2_ws/install/ugv_sdk/share/ugv_sdk/hook/pkg_config_path.ps1'
[5.578s] INFO:colcon.colcon_core.shell:Creating environment descriptor '/home/feroj/ros2_ws/install/ugv_sdk/share/ugv_sdk/hook/pkg_config_path.dsv'
[5.578s] INFO:colcon.colcon_core.shell:Creating environment hook '/home/feroj/ros2_ws/install/ugv_sdk/share/ugv_sdk/hook/pkg_config_path.sh'
[5.580s] Level 1:colcon.colcon_core.shell:create_environment_hook('ugv_sdk', 'pkg_config_path_multiarch')
[5.580s] INFO:colcon.colcon_core.shell:Creating environment hook '/home/feroj/ros2_ws/install/ugv_sdk/share/ugv_sdk/hook/pkg_config_path_multiarch.ps1'
[5.581s] INFO:colcon.colcon_core.shell:Creating environment descriptor '/home/feroj/ros2_ws/install/ugv_sdk/share/ugv_sdk/hook/pkg_config_path_multiarch.dsv'
[5.581s] INFO:colcon.colcon_core.shell:Creating environment hook '/home/feroj/ros2_ws/install/ugv_sdk/share/ugv_sdk/hook/pkg_config_path_multiarch.sh'
[5.582s] Level 1:colcon.colcon_core.environment:create_environment_scripts_only(ugv_sdk)
[5.582s] Level 1:colcon.colcon_core.environment:checking '/home/feroj/ros2_ws/install/ugv_sdk' for CMake module files
[5.582s] Level 1:colcon.colcon_core.environment:checking '/home/feroj/ros2_ws/install/ugv_sdk' for CMake config files
[5.583s] Level 1:colcon.colcon_core.shell:create_environment_hook('ugv_sdk', 'cmake_prefix_path')
[5.583s] INFO:colcon.colcon_core.shell:Creating environment hook '/home/feroj/ros2_ws/install/ugv_sdk/share/ugv_sdk/hook/cmake_prefix_path.ps1'
[5.583s] INFO:colcon.colcon_core.shell:Creating environment descriptor '/home/feroj/ros2_ws/install/ugv_sdk/share/ugv_sdk/hook/cmake_prefix_path.dsv'
[5.584s] INFO:colcon.colcon_core.shell:Creating environment hook '/home/feroj/ros2_ws/install/ugv_sdk/share/ugv_sdk/hook/cmake_prefix_path.sh'
[5.584s] Level 1:colcon.colcon_core.environment:checking '/home/feroj/ros2_ws/install/ugv_sdk/lib'
[5.584s] Level 1:colcon.colcon_core.environment:checking '/home/feroj/ros2_ws/install/ugv_sdk/bin'
[5.584s] Level 1:colcon.colcon_core.environment:checking '/home/feroj/ros2_ws/install/ugv_sdk/lib/pkgconfig/ugv_sdk.pc'
[5.585s] Level 1:colcon.colcon_core.environment:checking '/home/feroj/ros2_ws/install/ugv_sdk/lib/python3.10/site-packages'
[5.585s] Level 1:colcon.colcon_core.environment:checking '/home/feroj/ros2_ws/install/ugv_sdk/bin'
[5.586s] INFO:colcon.colcon_core.shell:Creating package script '/home/feroj/ros2_ws/install/ugv_sdk/share/ugv_sdk/package.ps1'
[5.586s] INFO:colcon.colcon_core.shell:Creating package descriptor '/home/feroj/ros2_ws/install/ugv_sdk/share/ugv_sdk/package.dsv'
[5.587s] INFO:colcon.colcon_core.shell:Creating package script '/home/feroj/ros2_ws/install/ugv_sdk/share/ugv_sdk/package.sh'
[5.587s] INFO:colcon.colcon_core.shell:Creating package script '/home/feroj/ros2_ws/install/ugv_sdk/share/ugv_sdk/package.bash'
[5.588s] INFO:colcon.colcon_core.shell:Creating package script '/home/feroj/ros2_ws/install/ugv_sdk/share/ugv_sdk/package.zsh'
[5.588s] Level 1:colcon.colcon_core.environment:create_file_with_runtime_dependencies(/home/feroj/ros2_ws/install/ugv_sdk/share/colcon-core/packages/ugv_sdk)
[5.629s] Level 1:colcon.colcon_core.environment:create_environment_scripts_only(hunter_msgs)
[5.630s] Level 1:colcon.colcon_core.environment:checking '/home/feroj/ros2_ws/install/hunter_msgs' for CMake module files
[5.630s] DEBUG:colcon.colcon_core.event_handler.log_command:Invoked command in '/home/feroj/ros2_ws/build/hunter_msgs' returned '0': CMAKE_PREFIX_PATH=${CMAKE_PREFIX_PATH}:/opt/ros/humble /usr/bin/cmake --install /home/feroj/ros2_ws/build/hunter_msgs
[5.631s] Level 1:colcon.colcon_core.environment:checking '/home/feroj/ros2_ws/install/hunter_msgs' for CMake config files
[5.631s] Level 1:colcon.colcon_core.shell:create_environment_hook('hunter_msgs', 'cmake_prefix_path')
[5.631s] INFO:colcon.colcon_core.shell:Creating environment hook '/home/feroj/ros2_ws/install/hunter_msgs/share/hunter_msgs/hook/cmake_prefix_path.ps1'
[5.632s] INFO:colcon.colcon_core.shell:Creating environment descriptor '/home/feroj/ros2_ws/install/hunter_msgs/share/hunter_msgs/hook/cmake_prefix_path.dsv'
[5.632s] INFO:colcon.colcon_core.shell:Creating environment hook '/home/feroj/ros2_ws/install/hunter_msgs/share/hunter_msgs/hook/cmake_prefix_path.sh'
[5.633s] Level 1:colcon.colcon_core.environment:checking '/home/feroj/ros2_ws/install/hunter_msgs/lib'
[5.633s] Level 1:colcon.colcon_core.shell:create_environment_hook('hunter_msgs', 'ld_library_path_lib')
[5.633s] INFO:colcon.colcon_core.shell:Creating environment hook '/home/feroj/ros2_ws/install/hunter_msgs/share/hunter_msgs/hook/ld_library_path_lib.ps1'
[5.633s] INFO:colcon.colcon_core.shell:Creating environment descriptor '/home/feroj/ros2_ws/install/hunter_msgs/share/hunter_msgs/hook/ld_library_path_lib.dsv'
[5.633s] INFO:colcon.colcon_core.shell:Creating environment hook '/home/feroj/ros2_ws/install/hunter_msgs/share/hunter_msgs/hook/ld_library_path_lib.sh'
[5.634s] Level 1:colcon.colcon_core.environment:checking '/home/feroj/ros2_ws/install/hunter_msgs/bin'
[5.634s] Level 1:colcon.colcon_core.environment:checking '/home/feroj/ros2_ws/install/hunter_msgs/lib/pkgconfig/hunter_msgs.pc'
[5.634s] Level 1:colcon.colcon_core.environment:checking '/home/feroj/ros2_ws/install/hunter_msgs/lib/python3.10/site-packages'
[5.634s] Level 1:colcon.colcon_core.environment:checking '/home/feroj/ros2_ws/install/hunter_msgs/bin'
[5.634s] INFO:colcon.colcon_core.shell:Creating package script '/home/feroj/ros2_ws/install/hunter_msgs/share/hunter_msgs/package.ps1'
[5.635s] INFO:colcon.colcon_core.shell:Creating package descriptor '/home/feroj/ros2_ws/install/hunter_msgs/share/hunter_msgs/package.dsv'
[5.635s] INFO:colcon.colcon_core.shell:Creating package script '/home/feroj/ros2_ws/install/hunter_msgs/share/hunter_msgs/package.sh'
[5.636s] INFO:colcon.colcon_core.shell:Creating package script '/home/feroj/ros2_ws/install/hunter_msgs/share/hunter_msgs/package.bash'
[5.636s] INFO:colcon.colcon_core.shell:Creating package script '/home/feroj/ros2_ws/install/hunter_msgs/share/hunter_msgs/package.zsh'
[5.636s] Level 1:colcon.colcon_core.environment:create_file_with_runtime_dependencies(/home/feroj/ros2_ws/install/hunter_msgs/share/colcon-core/packages/hunter_msgs)
[5.637s] Level 1:colcon.colcon_core.environment:create_environment_scripts_only(hunter_msgs)
[5.637s] Level 1:colcon.colcon_core.environment:checking '/home/feroj/ros2_ws/install/hunter_msgs' for CMake module files
[5.638s] Level 1:colcon.colcon_core.environment:checking '/home/feroj/ros2_ws/install/hunter_msgs' for CMake config files
[5.638s] Level 1:colcon.colcon_core.shell:create_environment_hook('hunter_msgs', 'cmake_prefix_path')
[5.638s] INFO:colcon.colcon_core.shell:Creating environment hook '/home/feroj/ros2_ws/install/hunter_msgs/share/hunter_msgs/hook/cmake_prefix_path.ps1'
[5.639s] INFO:colcon.colcon_core.shell:Creating environment descriptor '/home/feroj/ros2_ws/install/hunter_msgs/share/hunter_msgs/hook/cmake_prefix_path.dsv'
[5.639s] INFO:colcon.colcon_core.shell:Creating environment hook '/home/feroj/ros2_ws/install/hunter_msgs/share/hunter_msgs/hook/cmake_prefix_path.sh'
[5.639s] Level 1:colcon.colcon_core.environment:checking '/home/feroj/ros2_ws/install/hunter_msgs/lib'
[5.639s] Level 1:colcon.colcon_core.shell:create_environment_hook('hunter_msgs', 'ld_library_path_lib')
[5.640s] INFO:colcon.colcon_core.shell:Creating environment hook '/home/feroj/ros2_ws/install/hunter_msgs/share/hunter_msgs/hook/ld_library_path_lib.ps1'
[5.640s] INFO:colcon.colcon_core.shell:Creating environment descriptor '/home/feroj/ros2_ws/install/hunter_msgs/share/hunter_msgs/hook/ld_library_path_lib.dsv'
[5.640s] INFO:colcon.colcon_core.shell:Creating environment hook '/home/feroj/ros2_ws/install/hunter_msgs/share/hunter_msgs/hook/ld_library_path_lib.sh'
[5.640s] Level 1:colcon.colcon_core.environment:checking '/home/feroj/ros2_ws/install/hunter_msgs/bin'
[5.640s] Level 1:colcon.colcon_core.environment:checking '/home/feroj/ros2_ws/install/hunter_msgs/lib/pkgconfig/hunter_msgs.pc'
[5.641s] Level 1:colcon.colcon_core.environment:checking '/home/feroj/ros2_ws/install/hunter_msgs/lib/python3.10/site-packages'
[5.641s] Level 1:colcon.colcon_core.environment:checking '/home/feroj/ros2_ws/install/hunter_msgs/bin'
[5.641s] INFO:colcon.colcon_core.shell:Creating package script '/home/feroj/ros2_ws/install/hunter_msgs/share/hunter_msgs/package.ps1'
[5.642s] INFO:colcon.colcon_core.shell:Creating package descriptor '/home/feroj/ros2_ws/install/hunter_msgs/share/hunter_msgs/package.dsv'
[5.642s] INFO:colcon.colcon_core.shell:Creating package script '/home/feroj/ros2_ws/install/hunter_msgs/share/hunter_msgs/package.sh'
[5.642s] INFO:colcon.colcon_core.shell:Creating package script '/home/feroj/ros2_ws/install/hunter_msgs/share/hunter_msgs/package.bash'
[5.643s] INFO:colcon.colcon_core.shell:Creating package script '/home/feroj/ros2_ws/install/hunter_msgs/share/hunter_msgs/package.zsh'
[5.643s] Level 1:colcon.colcon_core.environment:create_file_with_runtime_dependencies(/home/feroj/ros2_ws/install/hunter_msgs/share/colcon-core/packages/hunter_msgs)
[5.643s] INFO:colcon.colcon_ros.task.ament_cmake.build:Building ROS package in '/home/feroj/ros2_ws/src/hunter_ros2/hunter_base' with build type 'ament_cmake'
[5.644s] INFO:colcon.colcon_cmake.task.cmake.build:Building CMake package in '/home/feroj/ros2_ws/src/hunter_ros2/hunter_base'
[5.644s] INFO:colcon.colcon_core.shell:Skip shell extension 'powershell' for command environment: Not usable outside of PowerShell
[5.644s] DEBUG:colcon.colcon_core.shell:Skip shell extension 'dsv' for command environment
[5.726s] DEBUG:colcon.colcon_core.event_handler.log_command:Invoking command in '/home/feroj/ros2_ws/build/hunter_base': AMENT_PREFIX_PATH=/home/feroj/ros2_ws/install/hunter_msgs:${AMENT_PREFIX_PATH} CMAKE_PREFIX_PATH=/opt/ros/humble:/home/feroj/ros2_ws/install/ugv_sdk:/home/feroj/ros2_ws/install/hunter_msgs:${CMAKE_PREFIX_PATH} LD_LIBRARY_PATH=/home/feroj/ros2_ws/install/hunter_msgs/lib:${LD_LIBRARY_PATH} PKG_CONFIG_PATH=/home/feroj/ros2_ws/install/ugv_sdk/lib/x86_64-linux-gnu/pkgconfig:/home/feroj/ros2_ws/install/ugv_sdk/lib/pkgconfig PYTHONPATH=/home/feroj/ros2_ws/install/hunter_msgs/local/lib/python3.10/dist-packages:${PYTHONPATH} ROS_PACKAGE_PATH=/home/feroj/ros2_ws/install/ugv_sdk/share /usr/bin/cmake /home/feroj/ros2_ws/src/hunter_ros2/hunter_base -DCMAKE_INSTALL_PREFIX=/home/feroj/ros2_ws/install/hunter_base
[8.938s] DEBUG:colcon.colcon_core.event_handler.log_command:Invoked command in '/home/feroj/ros2_ws/build/hunter_base' returned '0': AMENT_PREFIX_PATH=/home/feroj/ros2_ws/install/hunter_msgs:${AMENT_PREFIX_PATH} CMAKE_PREFIX_PATH=/opt/ros/humble:/home/feroj/ros2_ws/install/ugv_sdk:/home/feroj/ros2_ws/install/hunter_msgs:${CMAKE_PREFIX_PATH} LD_LIBRARY_PATH=/home/feroj/ros2_ws/install/hunter_msgs/lib:${LD_LIBRARY_PATH} PKG_CONFIG_PATH=/home/feroj/ros2_ws/install/ugv_sdk/lib/x86_64-linux-gnu/pkgconfig:/home/feroj/ros2_ws/install/ugv_sdk/lib/pkgconfig PYTHONPATH=/home/feroj/ros2_ws/install/hunter_msgs/local/lib/python3.10/dist-packages:${PYTHONPATH} ROS_PACKAGE_PATH=/home/feroj/ros2_ws/install/ugv_sdk/share /usr/bin/cmake /home/feroj/ros2_ws/src/hunter_ros2/hunter_base -DCMAKE_INSTALL_PREFIX=/home/feroj/ros2_ws/install/hunter_base
[8.940s] DEBUG:colcon.colcon_core.event_handler.log_command:Invoking command in '/home/feroj/ros2_ws/build/hunter_base': AMENT_PREFIX_PATH=/home/feroj/ros2_ws/install/hunter_msgs:${AMENT_PREFIX_PATH} CMAKE_PREFIX_PATH=/opt/ros/humble:/home/feroj/ros2_ws/install/ugv_sdk:/home/feroj/ros2_ws/install/hunter_msgs:${CMAKE_PREFIX_PATH} LD_LIBRARY_PATH=/home/feroj/ros2_ws/install/hunter_msgs/lib:${LD_LIBRARY_PATH} PKG_CONFIG_PATH=/home/feroj/ros2_ws/install/ugv_sdk/lib/x86_64-linux-gnu/pkgconfig:/home/feroj/ros2_ws/install/ugv_sdk/lib/pkgconfig PYTHONPATH=/home/feroj/ros2_ws/install/hunter_msgs/local/lib/python3.10/dist-packages:${PYTHONPATH} ROS_PACKAGE_PATH=/home/feroj/ros2_ws/install/ugv_sdk/share /usr/bin/cmake --build /home/feroj/ros2_ws/build/hunter_base -- -j16 -l16
[16.594s] DEBUG:colcon.colcon_core.event_handler.log_command:Invoked command in '/home/feroj/ros2_ws/build/hunter_base' returned '0': AMENT_PREFIX_PATH=/home/feroj/ros2_ws/install/hunter_msgs:${AMENT_PREFIX_PATH} CMAKE_PREFIX_PATH=/opt/ros/humble:/home/feroj/ros2_ws/install/ugv_sdk:/home/feroj/ros2_ws/install/hunter_msgs:${CMAKE_PREFIX_PATH} LD_LIBRARY_PATH=/home/feroj/ros2_ws/install/hunter_msgs/lib:${LD_LIBRARY_PATH} PKG_CONFIG_PATH=/home/feroj/ros2_ws/install/ugv_sdk/lib/x86_64-linux-gnu/pkgconfig:/home/feroj/ros2_ws/install/ugv_sdk/lib/pkgconfig PYTHONPATH=/home/feroj/ros2_ws/install/hunter_msgs/local/lib/python3.10/dist-packages:${PYTHONPATH} ROS_PACKAGE_PATH=/home/feroj/ros2_ws/install/ugv_sdk/share /usr/bin/cmake --build /home/feroj/ros2_ws/build/hunter_base -- -j16 -l16
[16.596s] DEBUG:colcon.colcon_core.event_handler.log_command:Invoking command in '/home/feroj/ros2_ws/build/hunter_base': AMENT_PREFIX_PATH=/home/feroj/ros2_ws/install/hunter_msgs:${AMENT_PREFIX_PATH} CMAKE_PREFIX_PATH=/opt/ros/humble:/home/feroj/ros2_ws/install/ugv_sdk:/home/feroj/ros2_ws/install/hunter_msgs:${CMAKE_PREFIX_PATH} LD_LIBRARY_PATH=/home/feroj/ros2_ws/install/hunter_msgs/lib:${LD_LIBRARY_PATH} PKG_CONFIG_PATH=/home/feroj/ros2_ws/install/ugv_sdk/lib/x86_64-linux-gnu/pkgconfig:/home/feroj/ros2_ws/install/ugv_sdk/lib/pkgconfig PYTHONPATH=/home/feroj/ros2_ws/install/hunter_msgs/local/lib/python3.10/dist-packages:${PYTHONPATH} ROS_PACKAGE_PATH=/home/feroj/ros2_ws/install/ugv_sdk/share /usr/bin/cmake --install /home/feroj/ros2_ws/build/hunter_base
[16.633s] Level 1:colcon.colcon_core.environment:create_environment_scripts_only(hunter_base)
[16.634s] Level 1:colcon.colcon_core.environment:checking '/home/feroj/ros2_ws/install/hunter_base' for CMake module files
[16.634s] DEBUG:colcon.colcon_core.event_handler.log_command:Invoked command in '/home/feroj/ros2_ws/build/hunter_base' returned '0': AMENT_PREFIX_PATH=/home/feroj/ros2_ws/install/hunter_msgs:${AMENT_PREFIX_PATH} CMAKE_PREFIX_PATH=/opt/ros/humble:/home/feroj/ros2_ws/install/ugv_sdk:/home/feroj/ros2_ws/install/hunter_msgs:${CMAKE_PREFIX_PATH} LD_LIBRARY_PATH=/home/feroj/ros2_ws/install/hunter_msgs/lib:${LD_LIBRARY_PATH} PKG_CONFIG_PATH=/home/feroj/ros2_ws/install/ugv_sdk/lib/x86_64-linux-gnu/pkgconfig:/home/feroj/ros2_ws/install/ugv_sdk/lib/pkgconfig PYTHONPATH=/home/feroj/ros2_ws/install/hunter_msgs/local/lib/python3.10/dist-packages:${PYTHONPATH} ROS_PACKAGE_PATH=/home/feroj/ros2_ws/install/ugv_sdk/share /usr/bin/cmake --install /home/feroj/ros2_ws/build/hunter_base
[16.634s] Level 1:colcon.colcon_core.environment:checking '/home/feroj/ros2_ws/install/hunter_base' for CMake config files
[16.634s] Level 1:colcon.colcon_core.shell:create_environment_hook('hunter_base', 'cmake_prefix_path')
[16.635s] INFO:colcon.colcon_core.shell:Creating environment hook '/home/feroj/ros2_ws/install/hunter_base/share/hunter_base/hook/cmake_prefix_path.ps1'
[16.635s] INFO:colcon.colcon_core.shell:Creating environment descriptor '/home/feroj/ros2_ws/install/hunter_base/share/hunter_base/hook/cmake_prefix_path.dsv'
[16.635s] INFO:colcon.colcon_core.shell:Creating environment hook '/home/feroj/ros2_ws/install/hunter_base/share/hunter_base/hook/cmake_prefix_path.sh'
[16.636s] Level 1:colcon.colcon_core.environment:checking '/home/feroj/ros2_ws/install/hunter_base/lib'
[16.636s] Level 1:colcon.colcon_core.environment:checking '/home/feroj/ros2_ws/install/hunter_base/bin'
[16.636s] Level 1:colcon.colcon_core.environment:checking '/home/feroj/ros2_ws/install/hunter_base/lib/pkgconfig/hunter_base.pc'
[16.636s] Level 1:colcon.colcon_core.environment:checking '/home/feroj/ros2_ws/install/hunter_base/lib/python3.10/site-packages'
[16.636s] Level 1:colcon.colcon_core.environment:checking '/home/feroj/ros2_ws/install/hunter_base/bin'
[16.637s] INFO:colcon.colcon_core.shell:Creating package script '/home/feroj/ros2_ws/install/hunter_base/share/hunter_base/package.ps1'
[16.637s] INFO:colcon.colcon_core.shell:Creating package descriptor '/home/feroj/ros2_ws/install/hunter_base/share/hunter_base/package.dsv'
[16.637s] INFO:colcon.colcon_core.shell:Creating package script '/home/feroj/ros2_ws/install/hunter_base/share/hunter_base/package.sh'
[16.638s] INFO:colcon.colcon_core.shell:Creating package script '/home/feroj/ros2_ws/install/hunter_base/share/hunter_base/package.bash'
[16.638s] INFO:colcon.colcon_core.shell:Creating package script '/home/feroj/ros2_ws/install/hunter_base/share/hunter_base/package.zsh'
[16.638s] Level 1:colcon.colcon_core.environment:create_file_with_runtime_dependencies(/home/feroj/ros2_ws/install/hunter_base/share/colcon-core/packages/hunter_base)
[16.639s] Level 1:colcon.colcon_core.environment:create_environment_scripts_only(hunter_base)
[16.640s] Level 1:colcon.colcon_core.environment:checking '/home/feroj/ros2_ws/install/hunter_base' for CMake module files
[16.640s] Level 1:colcon.colcon_core.environment:checking '/home/feroj/ros2_ws/install/hunter_base' for CMake config files
[16.640s] Level 1:colcon.colcon_core.shell:create_environment_hook('hunter_base', 'cmake_prefix_path')
[16.640s] INFO:colcon.colcon_core.shell:Creating environment hook '/home/feroj/ros2_ws/install/hunter_base/share/hunter_base/hook/cmake_prefix_path.ps1'
[16.640s] INFO:colcon.colcon_core.shell:Creating environment descriptor '/home/feroj/ros2_ws/install/hunter_base/share/hunter_base/hook/cmake_prefix_path.dsv'
[16.641s] INFO:colcon.colcon_core.shell:Creating environment hook '/home/feroj/ros2_ws/install/hunter_base/share/hunter_base/hook/cmake_prefix_path.sh'
[16.641s] Level 1:colcon.colcon_core.environment:checking '/home/feroj/ros2_ws/install/hunter_base/lib'
[16.641s] Level 1:colcon.colcon_core.environment:checking '/home/feroj/ros2_ws/install/hunter_base/bin'
[16.641s] Level 1:colcon.colcon_core.environment:checking '/home/feroj/ros2_ws/install/hunter_base/lib/pkgconfig/hunter_base.pc'
[16.642s] Level 1:colcon.colcon_core.environment:checking '/home/feroj/ros2_ws/install/hunter_base/lib/python3.10/site-packages'
[16.642s] Level 1:colcon.colcon_core.environment:checking '/home/feroj/ros2_ws/install/hunter_base/bin'
[16.642s] INFO:colcon.colcon_core.shell:Creating package script '/home/feroj/ros2_ws/install/hunter_base/share/hunter_base/package.ps1'
[16.642s] INFO:colcon.colcon_core.shell:Creating package descriptor '/home/feroj/ros2_ws/install/hunter_base/share/hunter_base/package.dsv'
[16.643s] INFO:colcon.colcon_core.shell:Creating package script '/home/feroj/ros2_ws/install/hunter_base/share/hunter_base/package.sh'
[16.643s] INFO:colcon.colcon_core.shell:Creating package script '/home/feroj/ros2_ws/install/hunter_base/share/hunter_base/package.bash'
[16.643s] INFO:colcon.colcon_core.shell:Creating package script '/home/feroj/ros2_ws/install/hunter_base/share/hunter_base/package.zsh'
[16.644s] Level 1:colcon.colcon_core.environment:create_file_with_runtime_dependencies(/home/feroj/ros2_ws/install/hunter_base/share/colcon-core/packages/hunter_base)
[16.644s] DEBUG:colcon.colcon_parallel_executor.executor.parallel:closing loop
[16.644s] DEBUG:colcon.colcon_parallel_executor.executor.parallel:loop closed
[16.644s] DEBUG:colcon.colcon_parallel_executor.executor.parallel:run_until_complete finished with '0'
[16.645s] DEBUG:colcon.colcon_core.event_reactor:joining thread
[16.662s] INFO:colcon.colcon_core.plugin_system:Skipping extension 'colcon_notification.desktop_notification.notify_send': Could not find 'notify-send'
[16.663s] INFO:colcon.colcon_core.plugin_system:Skipping extension 'colcon_notification.desktop_notification.terminal_notifier': Not used on non-Darwin systems
[16.663s] INFO:colcon.colcon_core.plugin_system:Skipping extension 'colcon_notification.desktop_notification.win32': Not used on non-Windows systems
[16.663s] INFO:colcon.colcon_notification.desktop_notification:Sending desktop notification using 'notify2'
[16.663s] DEBUG:colcon.colcon_notification.desktop_notification.notify2:Failed to initialize notify2: org.freedesktop.DBus.Error.FileNotFound: Failed to connect to socket /run/user/1000/bus: No such file or directory
[16.663s] DEBUG:colcon.colcon_core.event_reactor:joined thread
[16.663s] INFO:colcon.colcon_core.shell:Creating prefix script '/home/feroj/ros2_ws/install/local_setup.ps1'
[16.664s] INFO:colcon.colcon_core.shell:Creating prefix util module '/home/feroj/ros2_ws/install/_local_setup_util_ps1.py'
[16.665s] INFO:colcon.colcon_core.shell:Creating prefix chain script '/home/feroj/ros2_ws/install/setup.ps1'
[16.665s] INFO:colcon.colcon_core.shell:Creating prefix script '/home/feroj/ros2_ws/install/local_setup.sh'
[16.666s] INFO:colcon.colcon_core.shell:Creating prefix util module '/home/feroj/ros2_ws/install/_local_setup_util_sh.py'
[16.666s] INFO:colcon.colcon_core.shell:Creating prefix chain script '/home/feroj/ros2_ws/install/setup.sh'
[16.667s] INFO:colcon.colcon_core.shell:Creating prefix script '/home/feroj/ros2_ws/install/local_setup.bash'
[16.667s] INFO:colcon.colcon_core.shell:Creating prefix chain script '/home/feroj/ros2_ws/install/setup.bash'
[16.668s] INFO:colcon.colcon_core.shell:Creating prefix script '/home/feroj/ros2_ws/install/local_setup.zsh'
[16.668s] INFO:colcon.colcon_core.shell:Creating prefix chain script '/home/feroj/ros2_ws/install/setup.zsh'
