[0.185s] DEBUG:colcon:Command line arguments: ['/usr/bin/colcon', 'build', '--packages-select', 'capstone_robot']
[0.185s] DEBUG:colcon:Parsed command line arguments: Namespace(log_base=None, log_level=None, verb_name='build', build_base='build', install_base='install', merge_install=False, symlink_install=False, test_result_base=None, continue_on_error=False, executor='parallel', parallel_workers=16, event_handlers=None, ignore_user_meta=False, metas=['./colcon.meta'], base_paths=['.'], packages_ignore=None, packages_ignore_regex=None, paths=None, packages_up_to=None, packages_up_to_regex=None, packages_above=None, packages_above_and_dependencies=None, packages_above_depth=None, packages_select_by_dep=None, packages_skip_by_dep=None, packages_skip_up_to=None, packages_select_build_failed=False, packages_skip_build_finished=False, packages_select_test_failures=False, packages_skip_test_passed=False, packages_select=['capstone_robot'], packages_skip=None, packages_select_regex=None, packages_skip_regex=None, packages_start=None, packages_end=None, allow_overriding=[], cmake_args=None, cmake_target=None, cmake_target_skip_unavailable=False, cmake_clean_cache=False, cmake_clean_first=False, cmake_force_configure=False, ament_cmake_args=None, catkin_cmake_args=None, catkin_skip_building_tests=False, mixin_files=None, mixin=None, verb_parser=<colcon_mixin.mixin.mixin_argument.MixinArgumentDecorator object at 0x7fad7ed49840>, verb_extension=<colcon_core.verb.build.BuildVerb object at 0x7fad7ee52830>, main=<bound method BuildVerb.main of <colcon_core.verb.build.BuildVerb object at 0x7fad7ee52830>>, mixin_verb=('build',))
[0.386s] Level 1:colcon.colcon_core.package_discovery:discover_packages(colcon_meta) check parameters
[0.386s] Level 1:colcon.colcon_core.package_discovery:discover_packages(recursive) check parameters
[0.386s] Level 1:colcon.colcon_core.package_discovery:discover_packages(ignore) check parameters
[0.386s] Level 1:colcon.colcon_core.package_discovery:discover_packages(path) check parameters
[0.386s] Level 1:colcon.colcon_core.package_discovery:discover_packages(colcon_meta) discover
[0.386s] Level 1:colcon.colcon_core.package_discovery:discover_packages(recursive) discover
[0.386s] INFO:colcon.colcon_core.package_discovery:Crawling recursively for packages in '/home/feroj/ros2_ws'
[0.386s] Level 1:colcon.colcon_core.package_identification:_identify(.) by extensions ['ignore', 'ignore_ament_install']
[0.386s] Level 1:colcon.colcon_core.package_identification:_identify(.) by extension 'ignore'
[0.387s] Level 1:colcon.colcon_core.package_identification:_identify(.) by extension 'ignore_ament_install'
[0.387s] Level 1:colcon.colcon_core.package_identification:_identify(.) by extensions ['colcon_pkg']
[0.387s] Level 1:colcon.colcon_core.package_identification:_identify(.) by extension 'colcon_pkg'
[0.387s] Level 1:colcon.colcon_core.package_identification:_identify(.) by extensions ['colcon_meta']
[0.387s] Level 1:colcon.colcon_core.package_identification:_identify(.) by extension 'colcon_meta'
[0.387s] Level 1:colcon.colcon_core.package_identification:_identify(.) by extensions ['ros']
[0.387s] Level 1:colcon.colcon_core.package_identification:_identify(.) by extension 'ros'
[0.395s] Level 1:colcon.colcon_core.package_identification:_identify(.) by extensions ['cmake', 'python']
[0.396s] Level 1:colcon.colcon_core.package_identification:_identify(.) by extension 'cmake'
[0.396s] Level 1:colcon.colcon_core.package_identification:_identify(.) by extension 'python'
[0.396s] Level 1:colcon.colcon_core.package_identification:_identify(.) by extensions ['python_setup_py']
[0.396s] Level 1:colcon.colcon_core.package_identification:_identify(.) by extension 'python_setup_py'
[0.396s] Level 1:colcon.colcon_core.package_identification:_identify(build) by extensions ['ignore', 'ignore_ament_install']
[0.396s] Level 1:colcon.colcon_core.package_identification:_identify(build) by extension 'ignore'
[0.396s] Level 1:colcon.colcon_core.package_identification:_identify(build) ignored
[0.396s] Level 1:colcon.colcon_core.package_identification:_identify(install) by extensions ['ignore', 'ignore_ament_install']
[0.396s] Level 1:colcon.colcon_core.package_identification:_identify(install) by extension 'ignore'
[0.396s] Level 1:colcon.colcon_core.package_identification:_identify(install) ignored
[0.396s] Level 1:colcon.colcon_core.package_identification:_identify(log) by extensions ['ignore', 'ignore_ament_install']
[0.396s] Level 1:colcon.colcon_core.package_identification:_identify(log) by extension 'ignore'
[0.396s] Level 1:colcon.colcon_core.package_identification:_identify(log) ignored
[0.397s] Level 1:colcon.colcon_core.package_identification:_identify(src) by extensions ['ignore', 'ignore_ament_install']
[0.397s] Level 1:colcon.colcon_core.package_identification:_identify(src) by extension 'ignore'
[0.397s] Level 1:colcon.colcon_core.package_identification:_identify(src) by extension 'ignore_ament_install'
[0.397s] Level 1:colcon.colcon_core.package_identification:_identify(src) by extensions ['colcon_pkg']
[0.397s] Level 1:colcon.colcon_core.package_identification:_identify(src) by extension 'colcon_pkg'
[0.397s] Level 1:colcon.colcon_core.package_identification:_identify(src) by extensions ['colcon_meta']
[0.397s] Level 1:colcon.colcon_core.package_identification:_identify(src) by extension 'colcon_meta'
[0.397s] Level 1:colcon.colcon_core.package_identification:_identify(src) by extensions ['ros']
[0.397s] Level 1:colcon.colcon_core.package_identification:_identify(src) by extension 'ros'
[0.397s] Level 1:colcon.colcon_core.package_identification:_identify(src) by extensions ['cmake', 'python']
[0.397s] Level 1:colcon.colcon_core.package_identification:_identify(src) by extension 'cmake'
[0.397s] Level 1:colcon.colcon_core.package_identification:_identify(src) by extension 'python'
[0.397s] Level 1:colcon.colcon_core.package_identification:_identify(src) by extensions ['python_setup_py']
[0.397s] Level 1:colcon.colcon_core.package_identification:_identify(src) by extension 'python_setup_py'
[0.397s] Level 1:colcon.colcon_core.package_identification:_identify(src/Hunter_ROS2) by extensions ['ignore', 'ignore_ament_install']
[0.397s] Level 1:colcon.colcon_core.package_identification:_identify(src/Hunter_ROS2) by extension 'ignore'
[0.398s] Level 1:colcon.colcon_core.package_identification:_identify(src/Hunter_ROS2) by extension 'ignore_ament_install'
[0.398s] Level 1:colcon.colcon_core.package_identification:_identify(src/Hunter_ROS2) by extensions ['colcon_pkg']
[0.398s] Level 1:colcon.colcon_core.package_identification:_identify(src/Hunter_ROS2) by extension 'colcon_pkg'
[0.398s] Level 1:colcon.colcon_core.package_identification:_identify(src/Hunter_ROS2) by extensions ['colcon_meta']
[0.398s] Level 1:colcon.colcon_core.package_identification:_identify(src/Hunter_ROS2) by extension 'colcon_meta'
[0.398s] Level 1:colcon.colcon_core.package_identification:_identify(src/Hunter_ROS2) by extensions ['ros']
[0.398s] Level 1:colcon.colcon_core.package_identification:_identify(src/Hunter_ROS2) by extension 'ros'
[0.398s] Level 1:colcon.colcon_core.package_identification:_identify(src/Hunter_ROS2) by extensions ['cmake', 'python']
[0.398s] Level 1:colcon.colcon_core.package_identification:_identify(src/Hunter_ROS2) by extension 'cmake'
[0.398s] Level 1:colcon.colcon_core.package_identification:_identify(src/Hunter_ROS2) by extension 'python'
[0.398s] Level 1:colcon.colcon_core.package_identification:_identify(src/Hunter_ROS2) by extensions ['python_setup_py']
[0.398s] Level 1:colcon.colcon_core.package_identification:_identify(src/Hunter_ROS2) by extension 'python_setup_py'
[0.398s] Level 1:colcon.colcon_core.package_identification:_identify(src/Hunter_ROS2/hunter_control) by extensions ['ignore', 'ignore_ament_install']
[0.398s] Level 1:colcon.colcon_core.package_identification:_identify(src/Hunter_ROS2/hunter_control) by extension 'ignore'
[0.398s] Level 1:colcon.colcon_core.package_identification:_identify(src/Hunter_ROS2/hunter_control) by extension 'ignore_ament_install'
[0.398s] Level 1:colcon.colcon_core.package_identification:_identify(src/Hunter_ROS2/hunter_control) by extensions ['colcon_pkg']
[0.398s] Level 1:colcon.colcon_core.package_identification:_identify(src/Hunter_ROS2/hunter_control) by extension 'colcon_pkg'
[0.398s] Level 1:colcon.colcon_core.package_identification:_identify(src/Hunter_ROS2/hunter_control) by extensions ['colcon_meta']
[0.399s] Level 1:colcon.colcon_core.package_identification:_identify(src/Hunter_ROS2/hunter_control) by extension 'colcon_meta'
[0.399s] Level 1:colcon.colcon_core.package_identification:_identify(src/Hunter_ROS2/hunter_control) by extensions ['ros']
[0.399s] Level 1:colcon.colcon_core.package_identification:_identify(src/Hunter_ROS2/hunter_control) by extension 'ros'
[0.401s] DEBUG:colcon.colcon_core.package_identification:Package 'src/Hunter_ROS2/hunter_control' with type 'ros.ament_cmake' and name 'hunter_control'
[0.401s] Level 1:colcon.colcon_core.package_identification:_identify(src/Hunter_ROS2/hunter_description) by extensions ['ignore', 'ignore_ament_install']
[0.401s] Level 1:colcon.colcon_core.package_identification:_identify(src/Hunter_ROS2/hunter_description) by extension 'ignore'
[0.401s] Level 1:colcon.colcon_core.package_identification:_identify(src/Hunter_ROS2/hunter_description) by extension 'ignore_ament_install'
[0.401s] Level 1:colcon.colcon_core.package_identification:_identify(src/Hunter_ROS2/hunter_description) by extensions ['colcon_pkg']
[0.401s] Level 1:colcon.colcon_core.package_identification:_identify(src/Hunter_ROS2/hunter_description) by extension 'colcon_pkg'
[0.402s] Level 1:colcon.colcon_core.package_identification:_identify(src/Hunter_ROS2/hunter_description) by extensions ['colcon_meta']
[0.402s] Level 1:colcon.colcon_core.package_identification:_identify(src/Hunter_ROS2/hunter_description) by extension 'colcon_meta'
[0.402s] Level 1:colcon.colcon_core.package_identification:_identify(src/Hunter_ROS2/hunter_description) by extensions ['ros']
[0.402s] Level 1:colcon.colcon_core.package_identification:_identify(src/Hunter_ROS2/hunter_description) by extension 'ros'
[0.402s] DEBUG:colcon.colcon_core.package_identification:Package 'src/Hunter_ROS2/hunter_description' with type 'ros.ament_cmake' and name 'hunter_description'
[0.402s] Level 1:colcon.colcon_core.package_identification:_identify(src/Hunter_ROS2/hunter_gazebo) by extensions ['ignore', 'ignore_ament_install']
[0.402s] Level 1:colcon.colcon_core.package_identification:_identify(src/Hunter_ROS2/hunter_gazebo) by extension 'ignore'
[0.402s] Level 1:colcon.colcon_core.package_identification:_identify(src/Hunter_ROS2/hunter_gazebo) by extension 'ignore_ament_install'
[0.403s] Level 1:colcon.colcon_core.package_identification:_identify(src/Hunter_ROS2/hunter_gazebo) by extensions ['colcon_pkg']
[0.403s] Level 1:colcon.colcon_core.package_identification:_identify(src/Hunter_ROS2/hunter_gazebo) by extension 'colcon_pkg'
[0.403s] Level 1:colcon.colcon_core.package_identification:_identify(src/Hunter_ROS2/hunter_gazebo) by extensions ['colcon_meta']
[0.403s] Level 1:colcon.colcon_core.package_identification:_identify(src/Hunter_ROS2/hunter_gazebo) by extension 'colcon_meta'
[0.403s] Level 1:colcon.colcon_core.package_identification:_identify(src/Hunter_ROS2/hunter_gazebo) by extensions ['ros']
[0.403s] Level 1:colcon.colcon_core.package_identification:_identify(src/Hunter_ROS2/hunter_gazebo) by extension 'ros'
[0.403s] DEBUG:colcon.colcon_core.package_identification:Package 'src/Hunter_ROS2/hunter_gazebo' with type 'ros.ament_cmake' and name 'hunter_gazebo'
[0.403s] Level 1:colcon.colcon_core.package_identification:_identify(src/UGV_SDK) by extensions ['ignore', 'ignore_ament_install']
[0.404s] Level 1:colcon.colcon_core.package_identification:_identify(src/UGV_SDK) by extension 'ignore'
[0.404s] Level 1:colcon.colcon_core.package_identification:_identify(src/UGV_SDK) by extension 'ignore_ament_install'
[0.404s] Level 1:colcon.colcon_core.package_identification:_identify(src/UGV_SDK) by extensions ['colcon_pkg']
[0.404s] Level 1:colcon.colcon_core.package_identification:_identify(src/UGV_SDK) by extension 'colcon_pkg'
[0.404s] Level 1:colcon.colcon_core.package_identification:_identify(src/UGV_SDK) by extensions ['colcon_meta']
[0.404s] Level 1:colcon.colcon_core.package_identification:_identify(src/UGV_SDK) by extension 'colcon_meta'
[0.404s] Level 1:colcon.colcon_core.package_identification:_identify(src/UGV_SDK) by extensions ['ros']
[0.404s] Level 1:colcon.colcon_core.package_identification:_identify(src/UGV_SDK) by extension 'ros'
[0.404s] DEBUG:colcon.colcon_core.package_identification:Package 'src/UGV_SDK' with type 'ros.catkin' and name 'ugv_sdk'
[0.405s] Level 1:colcon.colcon_core.package_identification:_identify(src/capstone_robot) by extensions ['ignore', 'ignore_ament_install']
[0.405s] Level 1:colcon.colcon_core.package_identification:_identify(src/capstone_robot) by extension 'ignore'
[0.405s] Level 1:colcon.colcon_core.package_identification:_identify(src/capstone_robot) by extension 'ignore_ament_install'
[0.405s] Level 1:colcon.colcon_core.package_identification:_identify(src/capstone_robot) by extensions ['colcon_pkg']
[0.405s] Level 1:colcon.colcon_core.package_identification:_identify(src/capstone_robot) by extension 'colcon_pkg'
[0.405s] Level 1:colcon.colcon_core.package_identification:_identify(src/capstone_robot) by extensions ['colcon_meta']
[0.405s] Level 1:colcon.colcon_core.package_identification:_identify(src/capstone_robot) by extension 'colcon_meta'
[0.405s] Level 1:colcon.colcon_core.package_identification:_identify(src/capstone_robot) by extensions ['ros']
[0.405s] Level 1:colcon.colcon_core.package_identification:_identify(src/capstone_robot) by extension 'ros'
[0.405s] DEBUG:colcon.colcon_core.package_identification:Package 'src/capstone_robot' with type 'ros.ament_cmake' and name 'capstone_robot'
[0.406s] Level 1:colcon.colcon_core.package_identification:_identify(src/hunter_ros2) by extensions ['ignore', 'ignore_ament_install']
[0.406s] Level 1:colcon.colcon_core.package_identification:_identify(src/hunter_ros2) by extension 'ignore'
[0.406s] Level 1:colcon.colcon_core.package_identification:_identify(src/hunter_ros2) by extension 'ignore_ament_install'
[0.406s] Level 1:colcon.colcon_core.package_identification:_identify(src/hunter_ros2) by extensions ['colcon_pkg']
[0.406s] Level 1:colcon.colcon_core.package_identification:_identify(src/hunter_ros2) by extension 'colcon_pkg'
[0.406s] Level 1:colcon.colcon_core.package_identification:_identify(src/hunter_ros2) by extensions ['colcon_meta']
[0.406s] Level 1:colcon.colcon_core.package_identification:_identify(src/hunter_ros2) by extension 'colcon_meta'
[0.406s] Level 1:colcon.colcon_core.package_identification:_identify(src/hunter_ros2) by extensions ['ros']
[0.406s] Level 1:colcon.colcon_core.package_identification:_identify(src/hunter_ros2) by extension 'ros'
[0.406s] Level 1:colcon.colcon_core.package_identification:_identify(src/hunter_ros2) by extensions ['cmake', 'python']
[0.406s] Level 1:colcon.colcon_core.package_identification:_identify(src/hunter_ros2) by extension 'cmake'
[0.406s] Level 1:colcon.colcon_core.package_identification:_identify(src/hunter_ros2) by extension 'python'
[0.406s] Level 1:colcon.colcon_core.package_identification:_identify(src/hunter_ros2) by extensions ['python_setup_py']
[0.406s] Level 1:colcon.colcon_core.package_identification:_identify(src/hunter_ros2) by extension 'python_setup_py'
[0.406s] Level 1:colcon.colcon_core.package_identification:_identify(src/hunter_ros2/hunter_base) by extensions ['ignore', 'ignore_ament_install']
[0.406s] Level 1:colcon.colcon_core.package_identification:_identify(src/hunter_ros2/hunter_base) by extension 'ignore'
[0.407s] Level 1:colcon.colcon_core.package_identification:_identify(src/hunter_ros2/hunter_base) by extension 'ignore_ament_install'
[0.407s] Level 1:colcon.colcon_core.package_identification:_identify(src/hunter_ros2/hunter_base) by extensions ['colcon_pkg']
[0.407s] Level 1:colcon.colcon_core.package_identification:_identify(src/hunter_ros2/hunter_base) by extension 'colcon_pkg'
[0.407s] Level 1:colcon.colcon_core.package_identification:_identify(src/hunter_ros2/hunter_base) by extensions ['colcon_meta']
[0.407s] Level 1:colcon.colcon_core.package_identification:_identify(src/hunter_ros2/hunter_base) by extension 'colcon_meta'
[0.407s] Level 1:colcon.colcon_core.package_identification:_identify(src/hunter_ros2/hunter_base) by extensions ['ros']
[0.407s] Level 1:colcon.colcon_core.package_identification:_identify(src/hunter_ros2/hunter_base) by extension 'ros'
[0.408s] DEBUG:colcon.colcon_core.package_identification:Package 'src/hunter_ros2/hunter_base' with type 'ros.ament_cmake' and name 'hunter_base'
[0.408s] Level 1:colcon.colcon_core.package_identification:_identify(src/hunter_ros2/hunter_msgs) by extensions ['ignore', 'ignore_ament_install']
[0.408s] Level 1:colcon.colcon_core.package_identification:_identify(src/hunter_ros2/hunter_msgs) by extension 'ignore'
[0.408s] Level 1:colcon.colcon_core.package_identification:_identify(src/hunter_ros2/hunter_msgs) by extension 'ignore_ament_install'
[0.408s] Level 1:colcon.colcon_core.package_identification:_identify(src/hunter_ros2/hunter_msgs) by extensions ['colcon_pkg']
[0.408s] Level 1:colcon.colcon_core.package_identification:_identify(src/hunter_ros2/hunter_msgs) by extension 'colcon_pkg'
[0.408s] Level 1:colcon.colcon_core.package_identification:_identify(src/hunter_ros2/hunter_msgs) by extensions ['colcon_meta']
[0.408s] Level 1:colcon.colcon_core.package_identification:_identify(src/hunter_ros2/hunter_msgs) by extension 'colcon_meta'
[0.408s] Level 1:colcon.colcon_core.package_identification:_identify(src/hunter_ros2/hunter_msgs) by extensions ['ros']
[0.408s] Level 1:colcon.colcon_core.package_identification:_identify(src/hunter_ros2/hunter_msgs) by extension 'ros'
[0.409s] DEBUG:colcon.colcon_core.package_identification:Package 'src/hunter_ros2/hunter_msgs' with type 'ros.ament_cmake' and name 'hunter_msgs'
[0.409s] Level 1:colcon.colcon_core.package_identification:_identify(src/tests) by extensions ['ignore', 'ignore_ament_install']
[0.409s] Level 1:colcon.colcon_core.package_identification:_identify(src/tests) by extension 'ignore'
[0.409s] Level 1:colcon.colcon_core.package_identification:_identify(src/tests) by extension 'ignore_ament_install'
[0.409s] Level 1:colcon.colcon_core.package_identification:_identify(src/tests) by extensions ['colcon_pkg']
[0.409s] Level 1:colcon.colcon_core.package_identification:_identify(src/tests) by extension 'colcon_pkg'
[0.409s] Level 1:colcon.colcon_core.package_identification:_identify(src/tests) by extensions ['colcon_meta']
[0.409s] Level 1:colcon.colcon_core.package_identification:_identify(src/tests) by extension 'colcon_meta'
[0.409s] Level 1:colcon.colcon_core.package_identification:_identify(src/tests) by extensions ['ros']
[0.410s] Level 1:colcon.colcon_core.package_identification:_identify(src/tests) by extension 'ros'
[0.410s] DEBUG:colcon.colcon_core.package_identification:Package 'src/tests' with type 'ros.ament_python' and name 'tests'
[0.410s] Level 1:colcon.colcon_core.package_discovery:discover_packages(recursive) using defaults
[0.410s] Level 1:colcon.colcon_core.package_discovery:discover_packages(ignore) discover
[0.410s] Level 1:colcon.colcon_core.package_discovery:discover_packages(ignore) using defaults
[0.410s] Level 1:colcon.colcon_core.package_discovery:discover_packages(path) discover
[0.410s] Level 1:colcon.colcon_core.package_discovery:discover_packages(path) using defaults
[0.433s] INFO:colcon.colcon_core.package_selection:Skipping not selected package 'hunter_control' in 'src/Hunter_ROS2/hunter_control'
[0.433s] INFO:colcon.colcon_core.package_selection:Skipping not selected package 'hunter_description' in 'src/Hunter_ROS2/hunter_description'
[0.433s] INFO:colcon.colcon_core.package_selection:Skipping not selected package 'hunter_gazebo' in 'src/Hunter_ROS2/hunter_gazebo'
[0.433s] INFO:colcon.colcon_core.package_selection:Skipping not selected package 'hunter_msgs' in 'src/hunter_ros2/hunter_msgs'
[0.433s] INFO:colcon.colcon_core.package_selection:Skipping not selected package 'tests' in 'src/tests'
[0.433s] INFO:colcon.colcon_core.package_selection:Skipping not selected package 'ugv_sdk' in 'src/UGV_SDK'
[0.433s] INFO:colcon.colcon_core.package_selection:Skipping not selected package 'hunter_base' in 'src/hunter_ros2/hunter_base'
[0.433s] Level 1:colcon.colcon_core.package_discovery:discover_packages(prefix_path) check parameters
[0.433s] Level 1:colcon.colcon_core.package_discovery:discover_packages(prefix_path) discover
[0.437s] DEBUG:colcon.colcon_installed_package_information.package_discovery:Found 326 installed packages in /opt/ros/humble
[0.438s] Level 1:colcon.colcon_core.package_discovery:discover_packages(prefix_path) using defaults
[0.464s] Level 5:colcon.colcon_core.verb:set package 'capstone_robot' build argument 'cmake_args' from command line to 'None'
[0.464s] Level 5:colcon.colcon_core.verb:set package 'capstone_robot' build argument 'cmake_target' from command line to 'None'
[0.464s] Level 5:colcon.colcon_core.verb:set package 'capstone_robot' build argument 'cmake_target_skip_unavailable' from command line to 'False'
[0.464s] Level 5:colcon.colcon_core.verb:set package 'capstone_robot' build argument 'cmake_clean_cache' from command line to 'False'
[0.464s] Level 5:colcon.colcon_core.verb:set package 'capstone_robot' build argument 'cmake_clean_first' from command line to 'False'
[0.464s] Level 5:colcon.colcon_core.verb:set package 'capstone_robot' build argument 'cmake_force_configure' from command line to 'False'
[0.464s] Level 5:colcon.colcon_core.verb:set package 'capstone_robot' build argument 'ament_cmake_args' from command line to 'None'
[0.464s] Level 5:colcon.colcon_core.verb:set package 'capstone_robot' build argument 'catkin_cmake_args' from command line to 'None'
[0.464s] Level 5:colcon.colcon_core.verb:set package 'capstone_robot' build argument 'catkin_skip_building_tests' from command line to 'False'
[0.465s] DEBUG:colcon.colcon_core.verb:Building package 'capstone_robot' with the following arguments: {'ament_cmake_args': None, 'build_base': '/home/feroj/ros2_ws/build/capstone_robot', 'catkin_cmake_args': None, 'catkin_skip_building_tests': False, 'cmake_args': None, 'cmake_clean_cache': False, 'cmake_clean_first': False, 'cmake_force_configure': False, 'cmake_target': None, 'cmake_target_skip_unavailable': False, 'install_base': '/home/feroj/ros2_ws/install/capstone_robot', 'merge_install': False, 'path': '/home/feroj/ros2_ws/src/capstone_robot', 'symlink_install': False, 'test_result_base': None}
[0.465s] INFO:colcon.colcon_core.executor:Executing jobs using 'parallel' executor
[0.465s] DEBUG:colcon.colcon_parallel_executor.executor.parallel:run_until_complete
[0.466s] INFO:colcon.colcon_ros.task.ament_cmake.build:Building ROS package in '/home/feroj/ros2_ws/src/capstone_robot' with build type 'ament_cmake'
[0.466s] INFO:colcon.colcon_cmake.task.cmake.build:Building CMake package in '/home/feroj/ros2_ws/src/capstone_robot'
[0.470s] INFO:colcon.colcon_core.plugin_system:Skipping extension 'colcon_core.shell.bat': Not used on non-Windows systems
[0.470s] INFO:colcon.colcon_core.shell:Skip shell extension 'powershell' for command environment: Not usable outside of PowerShell
[0.470s] DEBUG:colcon.colcon_core.shell:Skip shell extension 'dsv' for command environment
[0.476s] DEBUG:colcon.colcon_core.event_handler.log_command:Invoking command in '/home/feroj/ros2_ws/build/capstone_robot': CMAKE_PREFIX_PATH=/opt/ros/humble /usr/bin/cmake --build /home/feroj/ros2_ws/build/capstone_robot -- -j16 -l16
[0.518s] DEBUG:colcon.colcon_core.event_handler.log_command:Invoked command in '/home/feroj/ros2_ws/build/capstone_robot' returned '0': CMAKE_PREFIX_PATH=/opt/ros/humble /usr/bin/cmake --build /home/feroj/ros2_ws/build/capstone_robot -- -j16 -l16
[0.525s] DEBUG:colcon.colcon_core.event_handler.log_command:Invoking command in '/home/feroj/ros2_ws/build/capstone_robot': CMAKE_PREFIX_PATH=/opt/ros/humble /usr/bin/cmake --install /home/feroj/ros2_ws/build/capstone_robot
[0.533s] Level 1:colcon.colcon_core.environment:create_environment_scripts_only(capstone_robot)
[0.535s] DEBUG:colcon.colcon_core.event_handler.log_command:Invoked command in '/home/feroj/ros2_ws/build/capstone_robot' returned '0': CMAKE_PREFIX_PATH=/opt/ros/humble /usr/bin/cmake --install /home/feroj/ros2_ws/build/capstone_robot
[0.538s] Level 1:colcon.colcon_core.environment:checking '/home/feroj/ros2_ws/install/capstone_robot' for CMake module files
[0.539s] Level 1:colcon.colcon_core.environment:checking '/home/feroj/ros2_ws/install/capstone_robot' for CMake config files
[0.539s] Level 1:colcon.colcon_core.shell:create_environment_hook('capstone_robot', 'cmake_prefix_path')
[0.539s] INFO:colcon.colcon_core.shell:Creating environment hook '/home/feroj/ros2_ws/install/capstone_robot/share/capstone_robot/hook/cmake_prefix_path.ps1'
[0.540s] INFO:colcon.colcon_core.shell:Creating environment descriptor '/home/feroj/ros2_ws/install/capstone_robot/share/capstone_robot/hook/cmake_prefix_path.dsv'
[0.540s] INFO:colcon.colcon_core.shell:Creating environment hook '/home/feroj/ros2_ws/install/capstone_robot/share/capstone_robot/hook/cmake_prefix_path.sh'
[0.541s] Level 1:colcon.colcon_core.environment:checking '/home/feroj/ros2_ws/install/capstone_robot/lib'
[0.541s] Level 1:colcon.colcon_core.environment:checking '/home/feroj/ros2_ws/install/capstone_robot/bin'
[0.541s] Level 1:colcon.colcon_core.environment:checking '/home/feroj/ros2_ws/install/capstone_robot/lib/pkgconfig/capstone_robot.pc'
[0.541s] Level 1:colcon.colcon_core.environment:checking '/home/feroj/ros2_ws/install/capstone_robot/lib/python3.10/site-packages'
[0.542s] Level 1:colcon.colcon_core.environment:checking '/home/feroj/ros2_ws/install/capstone_robot/bin'
[0.542s] INFO:colcon.colcon_core.shell:Creating package script '/home/feroj/ros2_ws/install/capstone_robot/share/capstone_robot/package.ps1'
[0.543s] INFO:colcon.colcon_core.shell:Creating package descriptor '/home/feroj/ros2_ws/install/capstone_robot/share/capstone_robot/package.dsv'
[0.543s] INFO:colcon.colcon_core.shell:Creating package script '/home/feroj/ros2_ws/install/capstone_robot/share/capstone_robot/package.sh'
[0.544s] INFO:colcon.colcon_core.shell:Creating package script '/home/feroj/ros2_ws/install/capstone_robot/share/capstone_robot/package.bash'
[0.545s] INFO:colcon.colcon_core.shell:Creating package script '/home/feroj/ros2_ws/install/capstone_robot/share/capstone_robot/package.zsh'
[0.546s] Level 1:colcon.colcon_core.environment:create_file_with_runtime_dependencies(/home/feroj/ros2_ws/install/capstone_robot/share/colcon-core/packages/capstone_robot)
[0.546s] Level 1:colcon.colcon_core.environment:create_environment_scripts_only(capstone_robot)
[0.546s] Level 1:colcon.colcon_core.environment:checking '/home/feroj/ros2_ws/install/capstone_robot' for CMake module files
[0.546s] Level 1:colcon.colcon_core.environment:checking '/home/feroj/ros2_ws/install/capstone_robot' for CMake config files
[0.547s] Level 1:colcon.colcon_core.shell:create_environment_hook('capstone_robot', 'cmake_prefix_path')
[0.547s] INFO:colcon.colcon_core.shell:Creating environment hook '/home/feroj/ros2_ws/install/capstone_robot/share/capstone_robot/hook/cmake_prefix_path.ps1'
[0.547s] INFO:colcon.colcon_core.shell:Creating environment descriptor '/home/feroj/ros2_ws/install/capstone_robot/share/capstone_robot/hook/cmake_prefix_path.dsv'
[0.547s] INFO:colcon.colcon_core.shell:Creating environment hook '/home/feroj/ros2_ws/install/capstone_robot/share/capstone_robot/hook/cmake_prefix_path.sh'
[0.548s] Level 1:colcon.colcon_core.environment:checking '/home/feroj/ros2_ws/install/capstone_robot/lib'
[0.548s] Level 1:colcon.colcon_core.environment:checking '/home/feroj/ros2_ws/install/capstone_robot/bin'
[0.548s] Level 1:colcon.colcon_core.environment:checking '/home/feroj/ros2_ws/install/capstone_robot/lib/pkgconfig/capstone_robot.pc'
[0.548s] Level 1:colcon.colcon_core.environment:checking '/home/feroj/ros2_ws/install/capstone_robot/lib/python3.10/site-packages'
[0.548s] Level 1:colcon.colcon_core.environment:checking '/home/feroj/ros2_ws/install/capstone_robot/bin'
[0.549s] INFO:colcon.colcon_core.shell:Creating package script '/home/feroj/ros2_ws/install/capstone_robot/share/capstone_robot/package.ps1'
[0.549s] INFO:colcon.colcon_core.shell:Creating package descriptor '/home/feroj/ros2_ws/install/capstone_robot/share/capstone_robot/package.dsv'
[0.549s] INFO:colcon.colcon_core.shell:Creating package script '/home/feroj/ros2_ws/install/capstone_robot/share/capstone_robot/package.sh'
[0.550s] INFO:colcon.colcon_core.shell:Creating package script '/home/feroj/ros2_ws/install/capstone_robot/share/capstone_robot/package.bash'
[0.550s] INFO:colcon.colcon_core.shell:Creating package script '/home/feroj/ros2_ws/install/capstone_robot/share/capstone_robot/package.zsh'
[0.550s] Level 1:colcon.colcon_core.environment:create_file_with_runtime_dependencies(/home/feroj/ros2_ws/install/capstone_robot/share/colcon-core/packages/capstone_robot)
[0.551s] DEBUG:colcon.colcon_parallel_executor.executor.parallel:closing loop
[0.551s] DEBUG:colcon.colcon_parallel_executor.executor.parallel:loop closed
[0.551s] DEBUG:colcon.colcon_parallel_executor.executor.parallel:run_until_complete finished with '0'
[0.551s] DEBUG:colcon.colcon_core.event_reactor:joining thread
[0.573s] INFO:colcon.colcon_core.plugin_system:Skipping extension 'colcon_notification.desktop_notification.notify_send': Could not find 'notify-send'
[0.573s] INFO:colcon.colcon_core.plugin_system:Skipping extension 'colcon_notification.desktop_notification.terminal_notifier': Not used on non-Darwin systems
[0.573s] INFO:colcon.colcon_core.plugin_system:Skipping extension 'colcon_notification.desktop_notification.win32': Not used on non-Windows systems
[0.573s] INFO:colcon.colcon_notification.desktop_notification:Sending desktop notification using 'notify2'
[0.573s] DEBUG:colcon.colcon_notification.desktop_notification.notify2:Failed to initialize notify2: org.freedesktop.DBus.Error.FileNotFound: Failed to connect to socket /run/user/1000/bus: No such file or directory
[0.573s] DEBUG:colcon.colcon_core.event_reactor:joined thread
[0.573s] INFO:colcon.colcon_core.shell:Creating prefix script '/home/feroj/ros2_ws/install/local_setup.ps1'
[0.574s] INFO:colcon.colcon_core.shell:Creating prefix util module '/home/feroj/ros2_ws/install/_local_setup_util_ps1.py'
[0.575s] INFO:colcon.colcon_core.shell:Creating prefix chain script '/home/feroj/ros2_ws/install/setup.ps1'
[0.576s] INFO:colcon.colcon_core.shell:Creating prefix script '/home/feroj/ros2_ws/install/local_setup.sh'
[0.577s] INFO:colcon.colcon_core.shell:Creating prefix util module '/home/feroj/ros2_ws/install/_local_setup_util_sh.py'
[0.577s] INFO:colcon.colcon_core.shell:Creating prefix chain script '/home/feroj/ros2_ws/install/setup.sh'
[0.578s] INFO:colcon.colcon_core.shell:Creating prefix script '/home/feroj/ros2_ws/install/local_setup.bash'
[0.579s] INFO:colcon.colcon_core.shell:Creating prefix chain script '/home/feroj/ros2_ws/install/setup.bash'
[0.579s] INFO:colcon.colcon_core.shell:Creating prefix script '/home/feroj/ros2_ws/install/local_setup.zsh'
[0.580s] INFO:colcon.colcon_core.shell:Creating prefix chain script '/home/feroj/ros2_ws/install/setup.zsh'
