[0.009s] Invoking command in '/home/feroj/ros2_ws/build/capstone_robot': CMAKE_PREFIX_PATH=/opt/ros/humble /usr/bin/cmake --build /home/feroj/ros2_ws/build/capstone_robot -- -j16 -l16
[0.059s] Invoked command in '/home/feroj/ros2_ws/build/capstone_robot' returned '0': CMAKE_PREFIX_PATH=/opt/ros/humble /usr/bin/cmake --build /home/feroj/ros2_ws/build/capstone_robot -- -j16 -l16
[0.075s] Invoking command in '/home/feroj/ros2_ws/build/capstone_robot': CMAKE_PREFIX_PATH=/opt/ros/humble /usr/bin/cmake --install /home/feroj/ros2_ws/build/capstone_robot
[0.082s] -- Install configuration: ""
[0.083s] -- Up-to-date: /home/feroj/ros2_ws/install/capstone_robot/lib/capstone_robot/wasd_teleop.py
[0.083s] -- Up-to-date: /home/feroj/ros2_ws/install/capstone_robot/lib/capstone_robot/obstacle_detector.py
[0.083s] -- Up-to-date: /home/feroj/ros2_ws/install/capstone_robot/lib/capstone_robot/object_distance_viewer.py
[0.083s] -- Up-to-date: /home/feroj/ros2_ws/install/capstone_robot/lib/capstone_robot/spawn_person.py
[0.084s] -- Up-to-date: /home/feroj/ros2_ws/install/capstone_robot/lib/capstone_robot/person_stop_controller.py
[0.084s] -- Up-to-date: /home/feroj/ros2_ws/install/capstone_robot/lib/capstone_robot/fused_obstacle_avoider.py
[0.084s] -- Up-to-date: /home/feroj/ros2_ws/install/capstone_robot/lib/capstone_robot/data_logger.py
[0.084s] -- Up-to-date: /home/feroj/ros2_ws/install/capstone_robot/lib/capstone_robot/train_avoidance_model.py
[0.084s] -- Up-to-date: /home/feroj/ros2_ws/install/capstone_robot/lib/capstone_robot/learned_avoider.py
[0.084s] -- Up-to-date: /home/feroj/ros2_ws/install/capstone_robot/share/capstone_robot/models
[0.084s] -- Up-to-date: /home/feroj/ros2_ws/install/capstone_robot/share/capstone_robot/models/coco.names
[0.084s] -- Up-to-date: /home/feroj/ros2_ws/install/capstone_robot/share/capstone_robot/models/yolov4-tiny.weights
[0.084s] -- Up-to-date: /home/feroj/ros2_ws/install/capstone_robot/share/capstone_robot/models/person.sdf
[0.084s] -- Up-to-date: /home/feroj/ros2_ws/install/capstone_robot/share/capstone_robot/models/yolov4-tiny.cfg
[0.084s] -- Installing: /home/feroj/ros2_ws/install/capstone_robot/share/capstone_robot/models/avoidance_mlp.npz
[0.084s] -- Up-to-date: /home/feroj/ros2_ws/install/capstone_robot/share/ament_index/resource_index/package_run_dependencies/capstone_robot
[0.084s] -- Up-to-date: /home/feroj/ros2_ws/install/capstone_robot/share/ament_index/resource_index/parent_prefix_path/capstone_robot
[0.084s] -- Up-to-date: /home/feroj/ros2_ws/install/capstone_robot/share/capstone_robot/environment/ament_prefix_path.sh
[0.084s] -- Up-to-date: /home/feroj/ros2_ws/install/capstone_robot/share/capstone_robot/environment/ament_prefix_path.dsv
[0.084s] -- Up-to-date: /home/feroj/ros2_ws/install/capstone_robot/share/capstone_robot/environment/path.sh
[0.085s] -- Up-to-date: /home/feroj/ros2_ws/install/capstone_robot/share/capstone_robot/environment/path.dsv
[0.086s] -- Up-to-date: /home/feroj/ros2_ws/install/capstone_robot/share/capstone_robot/local_setup.bash
[0.086s] -- Up-to-date: /home/feroj/ros2_ws/install/capstone_robot/share/capstone_robot/local_setup.sh
[0.086s] -- Up-to-date: /home/feroj/ros2_ws/install/capstone_robot/share/capstone_robot/local_setup.zsh
[0.087s] -- Up-to-date: /home/feroj/ros2_ws/install/capstone_robot/share/capstone_robot/local_setup.dsv
[0.087s] -- Installing: /home/feroj/ros2_ws/install/capstone_robot/share/capstone_robot/package.dsv
[0.087s] -- Up-to-date: /home/feroj/ros2_ws/install/capstone_robot/share/ament_index/resource_index/packages/capstone_robot
[0.088s] -- Up-to-date: /home/feroj/ros2_ws/install/capstone_robot/share/capstone_robot/cmake/capstone_robotConfig.cmake
[0.088s] -- Up-to-date: /home/feroj/ros2_ws/install/capstone_robot/share/capstone_robot/cmake/capstone_robotConfig-version.cmake
[0.088s] -- Up-to-date: /home/feroj/ros2_ws/install/capstone_robot/share/capstone_robot/package.xml
[0.089s] Invoked command in '/home/feroj/ros2_ws/build/capstone_robot' returned '0': CMAKE_PREFIX_PATH=/opt/ros/humble /usr/bin/cmake --install /home/feroj/ros2_ws/build/capstone_robot
