-- The C compiler identification is GNU 11.4.0
-- The CXX compiler identification is GNU 11.4.0
-- Detecting C compiler ABI info
-- Detecting C compiler ABI info - done
-- Check for working C compiler: /usr/bin/cc - skipped
-- Detecting C compile features
-- Detecting C compile features - done
-- Detecting CXX compiler ABI info
-- Detecting CXX compiler ABI info - done
-- Check for working CXX compiler: /usr/bin/c++ - skipped
-- Detecting CXX compile features
-- Detecting CXX compile features - done
-- Found ament_cmake: 1.3.14 (/opt/ros/humble/share/ament_cmake/cmake)
-- Found Python3: /usr/bin/python3 (found version "3.10.12") found components: Interpreter 
-- Found ament_lint_auto: 0.12.15 (/opt/ros/humble/share/ament_lint_auto/cmake)
-- Added test 'flake8' to check Python code syntax and style conventions
-- Added test 'lint_cmake' to check CMake code style
-- Added test 'pep257' to check Python code against some of the docstring style conventions in PEP 257
-- Added test 'xmllint' to check XML markup files
-- Configuring done
-- Generating done
-- Build files have been written to: /home/feroj/ros2_ws/build/hunter_gazebo
-- Install configuration: ""
-- Installing: /home/feroj/ros2_ws/install/hunter_gazebo/share/hunter_gazebo/launch
-- Installing: /home/feroj/ros2_ws/install/hunter_gazebo/share/hunter_gazebo/launch/spawn_robot_description.launch (copy).py
-- Installing: /home/feroj/ros2_ws/install/hunter_gazebo/share/hunter_gazebo/launch/spawn_robot_description.launch.py
-- Installing: /home/feroj/ros2_ws/install/hunter_gazebo/share/hunter_gazebo/launch/spawn_robot_ros2.launch.xml
-- Installing: /home/feroj/ros2_ws/install/hunter_gazebo/share/hunter_gazebo/launch/start_world.launch.py
-- Installing: /home/feroj/ros2_ws/install/hunter_gazebo/share/hunter_gazebo/rviz
-- Installing: /home/feroj/ros2_ws/install/hunter_gazebo/share/hunter_gazebo/rviz/config.rviz
-- Installing: /home/feroj/ros2_ws/install/hunter_gazebo/share/hunter_gazebo/worlds
-- Installing: /home/feroj/ros2_ws/install/hunter_gazebo/share/hunter_gazebo/worlds/empty.world
-- Installing: /home/feroj/ros2_ws/install/hunter_gazebo/share/ament_index/resource_index/package_run_dependencies/hunter_gazebo
-- Installing: /home/feroj/ros2_ws/install/hunter_gazebo/share/ament_index/resource_index/parent_prefix_path/hunter_gazebo
-- Installing: /home/feroj/ros2_ws/install/hunter_gazebo/share/hunter_gazebo/environment/ament_prefix_path.sh
-- Installing: /home/feroj/ros2_ws/install/hunter_gazebo/share/hunter_gazebo/environment/ament_prefix_path.dsv
-- Installing: /home/feroj/ros2_ws/install/hunter_gazebo/share/hunter_gazebo/environment/path.sh
-- Installing: /home/feroj/ros2_ws/install/hunter_gazebo/share/hunter_gazebo/environment/path.dsv
-- Installing: /home/feroj/ros2_ws/install/hunter_gazebo/share/hunter_gazebo/local_setup.bash
-- Installing: /home/feroj/ros2_ws/install/hunter_gazebo/share/hunter_gazebo/local_setup.sh
-- Installing: /home/feroj/ros2_ws/install/hunter_gazebo/share/hunter_gazebo/local_setup.zsh
-- Installing: /home/feroj/ros2_ws/install/hunter_gazebo/share/hunter_gazebo/local_setup.dsv
-- Installing: /home/feroj/ros2_ws/install/hunter_gazebo/share/hunter_gazebo/package.dsv
-- Installing: /home/feroj/ros2_ws/install/hunter_gazebo/share/ament_index/resource_index/packages/hunter_gazebo
-- Installing: /home/feroj/ros2_ws/install/hunter_gazebo/share/hunter_gazebo/cmake/hunter_gazeboConfig.cmake
-- Installing: /home/feroj/ros2_ws/install/hunter_gazebo/share/hunter_gazebo/cmake/hunter_gazeboConfig-version.cmake
-- Installing: /home/feroj/ros2_ws/install/hunter_gazebo/share/hunter_gazebo/package.xml
