[0.013s] Invoking command in '/home/feroj/ros2_ws/build/hunter_gazebo': CMAKE_PREFIX_PATH=/opt/ros/humble /usr/bin/cmake /home/feroj/ros2_ws/src/Hunter_ROS2/hunter_gazebo -DCMAKE_INSTALL_PREFIX=/home/feroj/ros2_ws/install/hunter_gazebo
[0.183s] -- The C compiler identification is GNU 11.4.0
[0.383s] -- The CXX compiler identification is GNU 11.4.0
[0.481s] -- Detecting C compiler ABI info
[0.570s] -- Detecting C compiler ABI info - done
[0.575s] -- Check for working C compiler: /usr/bin/cc - skipped
[0.575s] -- Detecting C compile features
[0.576s] -- Detecting C compile features - done
[0.579s] -- Detecting CXX compiler ABI info
[0.665s] -- Detecting CXX compiler ABI info - done
[0.671s] -- Check for working CXX compiler: /usr/bin/c++ - skipped
[0.671s] -- Detecting CXX compile features
[0.671s] -- Detecting CXX compile features - done
[0.680s] -- Found ament_cmake: 1.3.14 (/opt/ros/humble/share/ament_cmake/cmake)
[0.790s] -- Found Python3: /usr/bin/python3 (found version "3.10.12") found components: Interpreter 
[0.868s] -- Found ament_lint_auto: 0.12.15 (/opt/ros/humble/share/ament_lint_auto/cmake)
[0.927s] -- Added test 'flake8' to check Python code syntax and style conventions
[0.928s] -- Added test 'lint_cmake' to check CMake code style
[0.929s] -- Added test 'pep257' to check Python code against some of the docstring style conventions in PEP 257
[0.930s] -- Added test 'xmllint' to check XML markup files
[0.931s] -- Configuring done
[0.937s] -- Generating done
[0.939s] -- Build files have been written to: /home/feroj/ros2_ws/build/hunter_gazebo
[0.942s] Invoked command in '/home/feroj/ros2_ws/build/hunter_gazebo' returned '0': CMAKE_PREFIX_PATH=/opt/ros/humble /usr/bin/cmake /home/feroj/ros2_ws/src/Hunter_ROS2/hunter_gazebo -DCMAKE_INSTALL_PREFIX=/home/feroj/ros2_ws/install/hunter_gazebo
[0.944s] Invoking command in '/home/feroj/ros2_ws/build/hunter_gazebo': CMAKE_PREFIX_PATH=/opt/ros/humble /usr/bin/cmake --build /home/feroj/ros2_ws/build/hunter_gazebo -- -j16 -l16
[0.973s] Invoked command in '/home/feroj/ros2_ws/build/hunter_gazebo' returned '0': CMAKE_PREFIX_PATH=/opt/ros/humble /usr/bin/cmake --build /home/feroj/ros2_ws/build/hunter_gazebo -- -j16 -l16
[0.980s] Invoking command in '/home/feroj/ros2_ws/build/hunter_gazebo': CMAKE_PREFIX_PATH=/opt/ros/humble /usr/bin/cmake --install /home/feroj/ros2_ws/build/hunter_gazebo
[0.986s] -- Install configuration: ""
[0.986s] -- Installing: /home/feroj/ros2_ws/install/hunter_gazebo/share/hunter_gazebo/launch
[0.987s] -- Installing: /home/feroj/ros2_ws/install/hunter_gazebo/share/hunter_gazebo/launch/spawn_robot_description.launch (copy).py
[0.988s] -- Installing: /home/feroj/ros2_ws/install/hunter_gazebo/share/hunter_gazebo/launch/spawn_robot_description.launch.py
[0.988s] -- Installing: /home/feroj/ros2_ws/install/hunter_gazebo/share/hunter_gazebo/launch/spawn_robot_ros2.launch.xml
[0.989s] -- Installing: /home/feroj/ros2_ws/install/hunter_gazebo/share/hunter_gazebo/launch/start_world.launch.py
[0.989s] -- Installing: /home/feroj/ros2_ws/install/hunter_gazebo/share/hunter_gazebo/rviz
[0.989s] -- Installing: /home/feroj/ros2_ws/install/hunter_gazebo/share/hunter_gazebo/rviz/config.rviz
[0.989s] -- Installing: /home/feroj/ros2_ws/install/hunter_gazebo/share/hunter_gazebo/worlds
[0.990s] -- Installing: /home/feroj/ros2_ws/install/hunter_gazebo/share/hunter_gazebo/worlds/empty.world
[0.991s] -- Installing: /home/feroj/ros2_ws/install/hunter_gazebo/share/ament_index/resource_index/package_run_dependencies/hunter_gazebo
[0.992s] -- Installing: /home/feroj/ros2_ws/install/hunter_gazebo/share/ament_index/resource_index/parent_prefix_path/hunter_gazebo
[0.992s] -- Installing: /home/feroj/ros2_ws/install/hunter_gazebo/share/hunter_gazebo/environment/ament_prefix_path.sh
[0.992s] -- Installing: /home/feroj/ros2_ws/install/hunter_gazebo/share/hunter_gazebo/environment/ament_prefix_path.dsv
[0.993s] -- Installing: /home/feroj/ros2_ws/install/hunter_gazebo/share/hunter_gazebo/environment/path.sh
[0.993s] -- Installing: /home/feroj/ros2_ws/install/hunter_gazebo/share/hunter_gazebo/environment/path.dsv
[0.993s] -- Installing: /home/feroj/ros2_ws/install/hunter_gazebo/share/hunter_gazebo/local_setup.bash
[0.993s] -- Installing: /home/feroj/ros2_ws/install/hunter_gazebo/share/hunter_gazebo/local_setup.sh
[0.994s] -- Installing: /home/feroj/ros2_ws/install/hunter_gazebo/share/hunter_gazebo/local_setup.zsh
[0.994s] -- Installing: /home/feroj/ros2_ws/install/hunter_gazebo/share/hunter_gazebo/local_setup.dsv
[0.994s] -- Installing: /home/feroj/ros2_ws/install/hunter_gazebo/share/hunter_gazebo/package.dsv
[0.994s] -- Installing: /home/feroj/ros2_ws/install/hunter_gazebo/share/ament_index/resource_index/packages/hunter_gazebo
[0.995s] -- Installing: /home/feroj/ros2_ws/install/hunter_gazebo/share/hunter_gazebo/cmake/hunter_gazeboConfig.cmake
[0.995s] -- Installing: /home/feroj/ros2_ws/install/hunter_gazebo/share/hunter_gazebo/cmake/hunter_gazeboConfig-version.cmake
[0.995s] -- Installing: /home/feroj/ros2_ws/install/hunter_gazebo/share/hunter_gazebo/package.xml
[0.997s] Invoked command in '/home/feroj/ros2_ws/build/hunter_gazebo' returned '0': CMAKE_PREFIX_PATH=/opt/ros/humble /usr/bin/cmake --install /home/feroj/ros2_ws/build/hunter_gazebo
