-- The C compiler identification is GNU 11.4.0
-- The CXX compiler identification is GNU 11.4.0
-- Detecting C compiler ABI info
-- Detecting C compiler ABI info - done
-- Check for working C compiler: /usr/bin/cc - skipped
-- Detecting C compile features
-- Detecting C compile features - done
-- Detecting CXX compiler ABI info
-- Detecting CXX compiler ABI info - done
-- Check for working CXX compiler: /usr/bin/c++ - skipped
-- Detecting CXX compile features
-- Detecting CXX compile features - done
-- Found ament_cmake: 1.3.14 (/opt/ros/humble/share/ament_cmake/cmake)
-- Found Python3: /usr/bin/python3 (found version "3.10.12") found components: Interpreter 
-- Found builtin_interfaces: 1.2.2 (/opt/ros/humble/share/builtin_interfaces/cmake)
-- Found rosidl_generator_c: 3.1.8 (/opt/ros/humble/share/rosidl_generator_c/cmake)
-- Found rosidl_adapter: 3.1.8 (/opt/ros/humble/share/rosidl_adapter/cmake)
-- Found rosidl_generator_cpp: 3.1.8 (/opt/ros/humble/share/rosidl_generator_cpp/cmake)
-- Using all available rosidl_typesupport_c: rosidl_typesupport_fastrtps_c;rosidl_typesupport_introspection_c
-- Using all available rosidl_typesupport_cpp: rosidl_typesupport_fastrtps_cpp;rosidl_typesupport_introspection_cpp
-- Found rosidl_default_generators: 1.2.1 (/opt/ros/humble/share/rosidl_default_generators/cmake)
-- Found std_msgs: 4.9.1 (/opt/ros/humble/share/std_msgs/cmake)
-- Found ament_cmake_ros: 0.10.0 (/opt/ros/humble/share/ament_cmake_ros/cmake)
-- Using all available rosidl_typesupport_c: rosidl_typesupport_fastrtps_c;rosidl_typesupport_introspection_c
-- Using all available rosidl_typesupport_cpp: rosidl_typesupport_fastrtps_cpp;rosidl_typesupport_introspection_cpp
-- Found PythonInterp: /usr/bin/python3 (found suitable version "3.10.12", minimum required is "3.6") 
-- Found python_cmake_module: 0.10.0 (/opt/ros/humble/share/python_cmake_module/cmake)
-- Found PythonLibs: /usr/lib/x86_64-linux-gnu/libpython3.10.so (found suitable version "3.10.12", minimum required is "3.5") 
-- Using PYTHON_EXECUTABLE: /usr/bin/python3
-- Using PYTHON_INCLUDE_DIRS: /usr/include/python3.10
-- Using PYTHON_LIBRARIES: /usr/lib/x86_64-linux-gnu/libpython3.10.so
-- Found PythonExtra: .so  
-- Found ament_lint_auto: 0.12.15 (/opt/ros/humble/share/ament_lint_auto/cmake)
-- Added test 'copyright' to check source files copyright and LICENSE
-- Added test 'lint_cmake' to check CMake code style
-- Added test 'xmllint' to check XML markup files
-- Configuring done
-- Generating done
-- Build files have been written to: /home/feroj/ros2_ws/build/hunter_msgs
[  1%] [34m[1mGenerating C code for ROS interfaces[0m
[  3%] [34m[1mGenerating C++ code for ROS interfaces[0m
[  4%] [34m[1mGenerating Rust code for ROS interfaces[0m
[  4%] Built target ament_cmake_python_copy_hunter_msgs
running egg_info
creating hunter_msgs.egg-info
writing hunter_msgs.egg-info/PKG-INFO
writing dependency_links to hunter_msgs.egg-info/dependency_links.txt
writing top-level names to hunter_msgs.egg-info/top_level.txt
writing manifest file 'hunter_msgs.egg-info/SOURCES.txt'
reading manifest file 'hunter_msgs.egg-info/SOURCES.txt'
writing manifest file 'hunter_msgs.egg-info/SOURCES.txt'
[  4%] Built target ament_cmake_python_build_hunter_msgs_egg
[  4%] Built target hunter_msgs__rs
[  6%] [32mBuilding C object CMakeFiles/hunter_msgs__rosidl_generator_c.dir/rosidl_generator_c/hunter_msgs/msg/detail/hunter_light_state__functions.c.o[0m
[  7%] [32mBuilding C object CMakeFiles/hunter_msgs__rosidl_generator_c.dir/rosidl_generator_c/hunter_msgs/msg/detail/hunter_actuator_state__functions.c.o[0m
[  9%] [32mBuilding C object CMakeFiles/hunter_msgs__rosidl_generator_c.dir/rosidl_generator_c/hunter_msgs/msg/detail/hunter_light_cmd__functions.c.o[0m
[ 10%] [32mBuilding C object CMakeFiles/hunter_msgs__rosidl_generator_c.dir/rosidl_generator_c/hunter_msgs/msg/detail/hunter_status__functions.c.o[0m
[ 12%] [32mBuilding C object CMakeFiles/hunter_msgs__rosidl_generator_c.dir/rosidl_generator_c/hunter_msgs/msg/detail/hunter_rc_state__functions.c.o[0m
[ 12%] Built target hunter_msgs__cpp
[ 14%] [34m[1mGenerating C++ type support dispatch for ROS interfaces[0m
[ 15%] [34m[1mGenerating C++ type support for eProsima Fast-RTPS[0m
[ 17%] [34m[1mGenerating C++ introspection for ROS interfaces[0m
[ 18%] [32m[1mLinking C shared library libhunter_msgs__rosidl_generator_c.so[0m
[ 18%] Built target hunter_msgs__rosidl_generator_c
[ 20%] [34m[1mGenerating C type support for eProsima Fast-RTPS[0m
[ 21%] [34m[1mGenerating C type support dispatch for ROS interfaces[0m
[ 23%] [34m[1mGenerating C introspection for ROS interfaces[0m
[ 25%] [32mBuilding CXX object CMakeFiles/hunter_msgs__rosidl_typesupport_cpp.dir/rosidl_typesupport_cpp/hunter_msgs/msg/hunter_actuator_state__type_support.cpp.o[0m
[ 26%] [32mBuilding CXX object CMakeFiles/hunter_msgs__rosidl_typesupport_cpp.dir/rosidl_typesupport_cpp/hunter_msgs/msg/hunter_light_cmd__type_support.cpp.o[0m
[ 28%] [32mBuilding CXX object CMakeFiles/hunter_msgs__rosidl_typesupport_cpp.dir/rosidl_typesupport_cpp/hunter_msgs/msg/hunter_status__type_support.cpp.o[0m
[ 29%] [32mBuilding CXX object CMakeFiles/hunter_msgs__rosidl_typesupport_cpp.dir/rosidl_typesupport_cpp/hunter_msgs/msg/hunter_rc_state__type_support.cpp.o[0m
[ 31%] [32mBuilding CXX object CMakeFiles/hunter_msgs__rosidl_typesupport_cpp.dir/rosidl_typesupport_cpp/hunter_msgs/msg/hunter_light_state__type_support.cpp.o[0m
[ 34%] [32mBuilding CXX object CMakeFiles/hunter_msgs__rosidl_typesupport_introspection_cpp.dir/rosidl_typesupport_introspection_cpp/hunter_msgs/msg/detail/hunter_actuator_state__type_support.cpp.o[0m
[ 34%] [32mBuilding CXX object CMakeFiles/hunter_msgs__rosidl_typesupport_introspection_cpp.dir/rosidl_typesupport_introspection_cpp/hunter_msgs/msg/detail/hunter_light_cmd__type_support.cpp.o[0m
[ 35%] [32mBuilding CXX object CMakeFiles/hunter_msgs__rosidl_typesupport_introspection_cpp.dir/rosidl_typesupport_introspection_cpp/hunter_msgs/msg/detail/hunter_status__type_support.cpp.o[0m
[ 37%] [32mBuilding CXX object CMakeFiles/hunter_msgs__rosidl_typesupport_introspection_cpp.dir/rosidl_typesupport_introspection_cpp/hunter_msgs/msg/detail/hunter_rc_state__type_support.cpp.o[0m
[ 39%] [32mBuilding CXX object CMakeFiles/hunter_msgs__rosidl_typesupport_introspection_cpp.dir/rosidl_typesupport_introspection_cpp/hunter_msgs/msg/detail/hunter_light_state__type_support.cpp.o[0m
[ 40%] [32mBuilding CXX object CMakeFiles/hunter_msgs__rosidl_typesupport_fastrtps_cpp.dir/rosidl_typesupport_fastrtps_cpp/hunter_msgs/msg/detail/dds_fastrtps/hunter_actuator_state__type_support.cpp.o[0m
[ 43%] [32mBuilding CXX object CMakeFiles/hunter_msgs__rosidl_typesupport_fastrtps_cpp.dir/rosidl_typesupport_fastrtps_cpp/hunter_msgs/msg/detail/dds_fastrtps/hunter_light_state__type_support.cpp.o[0m
[ 43%] [32mBuilding CXX object CMakeFiles/hunter_msgs__rosidl_typesupport_fastrtps_cpp.dir/rosidl_typesupport_fastrtps_cpp/hunter_msgs/msg/detail/dds_fastrtps/hunter_light_cmd__type_support.cpp.o[0m
[ 45%] [32mBuilding CXX object CMakeFiles/hunter_msgs__rosidl_typesupport_c.dir/rosidl_typesupport_c/hunter_msgs/msg/hunter_actuator_state__type_support.cpp.o[0m
[ 46%] [32mBuilding CXX object CMakeFiles/hunter_msgs__rosidl_typesupport_c.dir/rosidl_typesupport_c/hunter_msgs/msg/hunter_light_cmd__type_support.cpp.o[0m
[ 48%] [32mBuilding CXX object CMakeFiles/hunter_msgs__rosidl_typesupport_fastrtps_cpp.dir/rosidl_typesupport_fastrtps_cpp/hunter_msgs/msg/detail/dds_fastrtps/hunter_rc_state__type_support.cpp.o[0m
[ 50%] [32mBuilding CXX object CMakeFiles/hunter_msgs__rosidl_typesupport_c.dir/rosidl_typesupport_c/hunter_msgs/msg/hunter_rc_state__type_support.cpp.o[0m
[ 51%] [32mBuilding CXX object CMakeFiles/hunter_msgs__rosidl_typesupport_c.dir/rosidl_typesupport_c/hunter_msgs/msg/hunter_light_state__type_support.cpp.o[0m
[ 53%] [32mBuilding CXX object CMakeFiles/hunter_msgs__rosidl_typesupport_c.dir/rosidl_typesupport_c/hunter_msgs/msg/hunter_status__type_support.cpp.o[0m
[ 54%] [32m[1mLinking CXX shared library libhunter_msgs__rosidl_typesupport_cpp.so[0m
[ 56%] [32mBuilding CXX object CMakeFiles/hunter_msgs__rosidl_typesupport_fastrtps_cpp.dir/rosidl_typesupport_fastrtps_cpp/hunter_msgs/msg/detail/dds_fastrtps/hunter_status__type_support.cpp.o[0m
[ 57%] [32mBuilding CXX object CMakeFiles/hunter_msgs__rosidl_typesupport_fastrtps_c.dir/rosidl_typesupport_fastrtps_c/hunter_msgs/msg/detail/hunter_actuator_state__type_support_c.cpp.o[0m
[ 59%] [32mBuilding CXX object CMakeFiles/hunter_msgs__rosidl_typesupport_fastrtps_c.dir/rosidl_typesupport_fastrtps_c/hunter_msgs/msg/detail/hunter_light_state__type_support_c.cpp.o[0m
[ 60%] [32mBuilding CXX object CMakeFiles/hunter_msgs__rosidl_typesupport_fastrtps_c.dir/rosidl_typesupport_fastrtps_c/hunter_msgs/msg/detail/hunter_light_cmd__type_support_c.cpp.o[0m
[ 62%] [32m[1mLinking CXX shared library libhunter_msgs__rosidl_typesupport_c.so[0m
[ 64%] [32mBuilding C object CMakeFiles/hunter_msgs__rosidl_typesupport_introspection_c.dir/rosidl_typesupport_introspection_c/hunter_msgs/msg/detail/hunter_actuator_state__type_support.c.o[0m
[ 64%] Built target hunter_msgs__rosidl_typesupport_cpp
[ 65%] [32mBuilding C object CMakeFiles/hunter_msgs__rosidl_typesupport_introspection_c.dir/rosidl_typesupport_introspection_c/hunter_msgs/msg/detail/hunter_light_cmd__type_support.c.o[0m
[ 67%] [32mBuilding C object CMakeFiles/hunter_msgs__rosidl_typesupport_introspection_c.dir/rosidl_typesupport_introspection_c/hunter_msgs/msg/detail/hunter_light_state__type_support.c.o[0m
[ 67%] Built target hunter_msgs__rosidl_typesupport_c
[ 68%] [32mBuilding C object CMakeFiles/hunter_msgs__rosidl_typesupport_introspection_c.dir/rosidl_typesupport_introspection_c/hunter_msgs/msg/detail/hunter_status__type_support.c.o[0m
[ 71%] [32mBuilding CXX object CMakeFiles/hunter_msgs__rosidl_typesupport_fastrtps_c.dir/rosidl_typesupport_fastrtps_c/hunter_msgs/msg/detail/hunter_rc_state__type_support_c.cpp.o[0m
[ 71%] [32mBuilding CXX object CMakeFiles/hunter_msgs__rosidl_typesupport_fastrtps_c.dir/rosidl_typesupport_fastrtps_c/hunter_msgs/msg/detail/hunter_status__type_support_c.cpp.o[0m
[ 73%] [32mBuilding C object CMakeFiles/hunter_msgs__rosidl_typesupport_introspection_c.dir/rosidl_typesupport_introspection_c/hunter_msgs/msg/detail/hunter_rc_state__type_support.c.o[0m
[ 75%] [32m[1mLinking CXX shared library libhunter_msgs__rosidl_typesupport_introspection_cpp.so[0m
[ 76%] [32m[1mLinking C shared library libhunter_msgs__rosidl_typesupport_introspection_c.so[0m
[ 76%] Built target hunter_msgs__rosidl_typesupport_introspection_c
[ 76%] Built target hunter_msgs__rosidl_typesupport_introspection_cpp
[ 78%] [32m[1mLinking CXX shared library libhunter_msgs__rosidl_typesupport_fastrtps_cpp.so[0m
[ 79%] [32m[1mLinking CXX shared library libhunter_msgs__rosidl_typesupport_fastrtps_c.so[0m
[ 79%] Built target hunter_msgs__rosidl_typesupport_fastrtps_cpp
[ 79%] Built target hunter_msgs__rosidl_typesupport_fastrtps_c
[ 79%] Built target hunter_msgs
[ 81%] [34m[1mGenerating Python code for ROS interfaces[0m
[ 81%] Built target hunter_msgs__py
[ 84%] [32mBuilding C object CMakeFiles/hunter_msgs__rosidl_generator_py.dir/rosidl_generator_py/hunter_msgs/msg/_hunter_light_cmd_s.c.o[0m
[ 84%] [32mBuilding C object CMakeFiles/hunter_msgs__rosidl_generator_py.dir/rosidl_generator_py/hunter_msgs/msg/_hunter_actuator_state_s.c.o[0m
[ 85%] [32mBuilding C object CMakeFiles/hunter_msgs__rosidl_generator_py.dir/rosidl_generator_py/hunter_msgs/msg/_hunter_rc_state_s.c.o[0m
[ 87%] [32mBuilding C object CMakeFiles/hunter_msgs__rosidl_generator_py.dir/rosidl_generator_py/hunter_msgs/msg/_hunter_light_state_s.c.o[0m
[ 89%] [32mBuilding C object CMakeFiles/hunter_msgs__rosidl_generator_py.dir/rosidl_generator_py/hunter_msgs/msg/_hunter_status_s.c.o[0m
[ 90%] [32m[1mLinking C shared library rosidl_generator_py/hunter_msgs/libhunter_msgs__rosidl_generator_py.so[0m
[ 90%] Built target hunter_msgs__rosidl_generator_py
[ 92%] [32mBuilding C object CMakeFiles/hunter_msgs__rosidl_typesupport_introspection_c__pyext.dir/rosidl_generator_py/hunter_msgs/_hunter_msgs_s.ep.rosidl_typesupport_introspection_c.c.o[0m
[ 93%] [32mBuilding C object CMakeFiles/hunter_msgs__rosidl_typesupport_fastrtps_c__pyext.dir/rosidl_generator_py/hunter_msgs/_hunter_msgs_s.ep.rosidl_typesupport_fastrtps_c.c.o[0m
[ 95%] [32mBuilding C object CMakeFiles/hunter_msgs__rosidl_typesupport_c__pyext.dir/rosidl_generator_py/hunter_msgs/_hunter_msgs_s.ep.rosidl_typesupport_c.c.o[0m
[ 96%] [32m[1mLinking C shared library rosidl_generator_py/hunter_msgs/hunter_msgs_s__rosidl_typesupport_fastrtps_c.cpython-310-x86_64-linux-gnu.so[0m
[ 98%] [32m[1mLinking C shared library rosidl_generator_py/hunter_msgs/hunter_msgs_s__rosidl_typesupport_c.cpython-310-x86_64-linux-gnu.so[0m
[100%] [32m[1mLinking C shared library rosidl_generator_py/hunter_msgs/hunter_msgs_s__rosidl_typesupport_introspection_c.cpython-310-x86_64-linux-gnu.so[0m
[100%] Built target hunter_msgs__rosidl_typesupport_c__pyext
[100%] Built target hunter_msgs__rosidl_typesupport_fastrtps_c__pyext
[100%] Built target hunter_msgs__rosidl_typesupport_introspection_c__pyext
-- Install configuration: ""
-- Installing: /home/feroj/ros2_ws/install/hunter_msgs/share/ament_index/resource_index/rosidl_interfaces/hunter_msgs
-- Installing: /home/feroj/ros2_ws/install/hunter_msgs/include/hunter_msgs/hunter_msgs
-- Installing: /home/feroj/ros2_ws/install/hunter_msgs/include/hunter_msgs/hunter_msgs/msg
-- Installing: /home/feroj/ros2_ws/install/hunter_msgs/include/hunter_msgs/hunter_msgs/msg/hunter_light_cmd.h
-- Installing: /home/feroj/ros2_ws/install/hunter_msgs/include/hunter_msgs/hunter_msgs/msg/hunter_status.h
-- Installing: /home/feroj/ros2_ws/install/hunter_msgs/include/hunter_msgs/hunter_msgs/msg/hunter_actuator_state.h
-- Installing: /home/feroj/ros2_ws/install/hunter_msgs/include/hunter_msgs/hunter_msgs/msg/rosidl_generator_c__visibility_control.h
-- Installing: /home/feroj/ros2_ws/install/hunter_msgs/include/hunter_msgs/hunter_msgs/msg/hunter_light_state.h
-- Installing: /home/feroj/ros2_ws/install/hunter_msgs/include/hunter_msgs/hunter_msgs/msg/detail
-- Installing: /home/feroj/ros2_ws/install/hunter_msgs/include/hunter_msgs/hunter_msgs/msg/detail/hunter_rc_state__type_support.h
-- Installing: /home/feroj/ros2_ws/install/hunter_msgs/include/hunter_msgs/hunter_msgs/msg/detail/hunter_actuator_state__type_support.h
-- Installing: /home/feroj/ros2_ws/install/hunter_msgs/include/hunter_msgs/hunter_msgs/msg/detail/hunter_light_state__functions.c
-- Installing: /home/feroj/ros2_ws/install/hunter_msgs/include/hunter_msgs/hunter_msgs/msg/detail/hunter_light_cmd__type_support.h
-- Installing: /home/feroj/ros2_ws/install/hunter_msgs/include/hunter_msgs/hunter_msgs/msg/detail/hunter_actuator_state__functions.c
-- Installing: /home/feroj/ros2_ws/install/hunter_msgs/include/hunter_msgs/hunter_msgs/msg/detail/hunter_rc_state__functions.h
-- Installing: /home/feroj/ros2_ws/install/hunter_msgs/include/hunter_msgs/hunter_msgs/msg/detail/hunter_light_cmd__functions.h
-- Installing: /home/feroj/ros2_ws/install/hunter_msgs/include/hunter_msgs/hunter_msgs/msg/detail/hunter_light_cmd__struct.h
-- Installing: /home/feroj/ros2_ws/install/hunter_msgs/include/hunter_msgs/hunter_msgs/msg/detail/hunter_status__functions.c
-- Installing: /home/feroj/ros2_ws/install/hunter_msgs/include/hunter_msgs/hunter_msgs/msg/detail/hunter_actuator_state__struct.h
-- Installing: /home/feroj/ros2_ws/install/hunter_msgs/include/hunter_msgs/hunter_msgs/msg/detail/hunter_status__functions.h
-- Installing: /home/feroj/ros2_ws/install/hunter_msgs/include/hunter_msgs/hunter_msgs/msg/detail/hunter_rc_state__struct.h
-- Installing: /home/feroj/ros2_ws/install/hunter_msgs/include/hunter_msgs/hunter_msgs/msg/detail/hunter_light_state__struct.h
-- Installing: /home/feroj/ros2_ws/install/hunter_msgs/include/hunter_msgs/hunter_msgs/msg/detail/hunter_light_state__type_support.h
-- Installing: /home/feroj/ros2_ws/install/hunter_msgs/include/hunter_msgs/hunter_msgs/msg/detail/hunter_status__type_support.h
-- Installing: /home/feroj/ros2_ws/install/hunter_msgs/include/hunter_msgs/hunter_msgs/msg/detail/hunter_light_state__functions.h
-- Installing: /home/feroj/ros2_ws/install/hunter_msgs/include/hunter_msgs/hunter_msgs/msg/detail/hunter_status__struct.h
-- Installing: /home/feroj/ros2_ws/install/hunter_msgs/include/hunter_msgs/hunter_msgs/msg/detail/hunter_light_cmd__functions.c
-- Installing: /home/feroj/ros2_ws/install/hunter_msgs/include/hunter_msgs/hunter_msgs/msg/detail/hunter_rc_state__functions.c
-- Installing: /home/feroj/ros2_ws/install/hunter_msgs/include/hunter_msgs/hunter_msgs/msg/detail/hunter_actuator_state__functions.h
-- Installing: /home/feroj/ros2_ws/install/hunter_msgs/include/hunter_msgs/hunter_msgs/msg/hunter_rc_state.h
-- Installing: /home/feroj/ros2_ws/install/hunter_msgs/share/hunter_msgs/environment/library_path.sh
-- Installing: /home/feroj/ros2_ws/install/hunter_msgs/share/hunter_msgs/environment/library_path.dsv
-- Installing: /home/feroj/ros2_ws/install/hunter_msgs/lib/libhunter_msgs__rosidl_generator_c.so
-- Set runtime path of "/home/feroj/ros2_ws/install/hunter_msgs/lib/libhunter_msgs__rosidl_generator_c.so" to ""
-- Up-to-date: /home/feroj/ros2_ws/install/hunter_msgs/include/hunter_msgs/hunter_msgs
-- Up-to-date: /home/feroj/ros2_ws/install/hunter_msgs/include/hunter_msgs/hunter_msgs/msg
-- Up-to-date: /home/feroj/ros2_ws/install/hunter_msgs/include/hunter_msgs/hunter_msgs/msg/detail
-- Installing: /home/feroj/ros2_ws/install/hunter_msgs/include/hunter_msgs/hunter_msgs/msg/detail/hunter_actuator_state__rosidl_typesupport_fastrtps_c.h
-- Installing: /home/feroj/ros2_ws/install/hunter_msgs/include/hunter_msgs/hunter_msgs/msg/detail/hunter_status__rosidl_typesupport_fastrtps_c.h
-- Installing: /home/feroj/ros2_ws/install/hunter_msgs/include/hunter_msgs/hunter_msgs/msg/detail/hunter_rc_state__rosidl_typesupport_fastrtps_c.h
-- Installing: /home/feroj/ros2_ws/install/hunter_msgs/include/hunter_msgs/hunter_msgs/msg/detail/hunter_light_cmd__rosidl_typesupport_fastrtps_c.h
-- Installing: /home/feroj/ros2_ws/install/hunter_msgs/include/hunter_msgs/hunter_msgs/msg/detail/hunter_light_state__rosidl_typesupport_fastrtps_c.h
-- Installing: /home/feroj/ros2_ws/install/hunter_msgs/include/hunter_msgs/hunter_msgs/msg/rosidl_typesupport_fastrtps_c__visibility_control.h
-- Installing: /home/feroj/ros2_ws/install/hunter_msgs/lib/libhunter_msgs__rosidl_typesupport_fastrtps_c.so
-- Set runtime path of "/home/feroj/ros2_ws/install/hunter_msgs/lib/libhunter_msgs__rosidl_typesupport_fastrtps_c.so" to ""
-- Up-to-date: /home/feroj/ros2_ws/install/hunter_msgs/include/hunter_msgs/hunter_msgs
-- Up-to-date: /home/feroj/ros2_ws/install/hunter_msgs/include/hunter_msgs/hunter_msgs/msg
-- Installing: /home/feroj/ros2_ws/install/hunter_msgs/include/hunter_msgs/hunter_msgs/msg/hunter_light_state.hpp
-- Installing: /home/feroj/ros2_ws/install/hunter_msgs/include/hunter_msgs/hunter_msgs/msg/hunter_rc_state.hpp
-- Installing: /home/feroj/ros2_ws/install/hunter_msgs/include/hunter_msgs/hunter_msgs/msg/hunter_actuator_state.hpp
-- Installing: /home/feroj/ros2_ws/install/hunter_msgs/include/hunter_msgs/hunter_msgs/msg/hunter_status.hpp
-- Up-to-date: /home/feroj/ros2_ws/install/hunter_msgs/include/hunter_msgs/hunter_msgs/msg/detail
-- Installing: /home/feroj/ros2_ws/install/hunter_msgs/include/hunter_msgs/hunter_msgs/msg/detail/hunter_actuator_state__type_support.hpp
-- Installing: /home/feroj/ros2_ws/install/hunter_msgs/include/hunter_msgs/hunter_msgs/msg/detail/hunter_light_cmd__builder.hpp
-- Installing: /home/feroj/ros2_ws/install/hunter_msgs/include/hunter_msgs/hunter_msgs/msg/detail/hunter_status__struct.hpp
-- Installing: /home/feroj/ros2_ws/install/hunter_msgs/include/hunter_msgs/hunter_msgs/msg/detail/hunter_light_state__traits.hpp
-- Installing: /home/feroj/ros2_ws/install/hunter_msgs/include/hunter_msgs/hunter_msgs/msg/detail/hunter_rc_state__type_support.hpp
-- Installing: /home/feroj/ros2_ws/install/hunter_msgs/include/hunter_msgs/hunter_msgs/msg/detail/hunter_rc_state__builder.hpp
-- Installing: /home/feroj/ros2_ws/install/hunter_msgs/include/hunter_msgs/hunter_msgs/msg/detail/hunter_status__builder.hpp
-- Installing: /home/feroj/ros2_ws/install/hunter_msgs/include/hunter_msgs/hunter_msgs/msg/detail/hunter_light_state__struct.hpp
-- Installing: /home/feroj/ros2_ws/install/hunter_msgs/include/hunter_msgs/hunter_msgs/msg/detail/hunter_light_cmd__struct.hpp
-- Installing: /home/feroj/ros2_ws/install/hunter_msgs/include/hunter_msgs/hunter_msgs/msg/detail/hunter_light_state__builder.hpp
-- Installing: /home/feroj/ros2_ws/install/hunter_msgs/include/hunter_msgs/hunter_msgs/msg/detail/hunter_status__type_support.hpp
-- Installing: /home/feroj/ros2_ws/install/hunter_msgs/include/hunter_msgs/hunter_msgs/msg/detail/hunter_light_state__type_support.hpp
-- Installing: /home/feroj/ros2_ws/install/hunter_msgs/include/hunter_msgs/hunter_msgs/msg/detail/hunter_rc_state__struct.hpp
-- Installing: /home/feroj/ros2_ws/install/hunter_msgs/include/hunter_msgs/hunter_msgs/msg/detail/hunter_rc_state__traits.hpp
-- Installing: /home/feroj/ros2_ws/install/hunter_msgs/include/hunter_msgs/hunter_msgs/msg/detail/hunter_actuator_state__traits.hpp
-- Installing: /home/feroj/ros2_ws/install/hunter_msgs/include/hunter_msgs/hunter_msgs/msg/detail/hunter_actuator_state__struct.hpp
-- Installing: /home/feroj/ros2_ws/install/hunter_msgs/include/hunter_msgs/hunter_msgs/msg/detail/hunter_light_cmd__type_support.hpp
-- Installing: /home/feroj/ros2_ws/install/hunter_msgs/include/hunter_msgs/hunter_msgs/msg/detail/hunter_light_cmd__traits.hpp
-- Installing: /home/feroj/ros2_ws/install/hunter_msgs/include/hunter_msgs/hunter_msgs/msg/detail/hunter_status__traits.hpp
-- Installing: /home/feroj/ros2_ws/install/hunter_msgs/include/hunter_msgs/hunter_msgs/msg/detail/hunter_actuator_state__builder.hpp
-- Installing: /home/feroj/ros2_ws/install/hunter_msgs/include/hunter_msgs/hunter_msgs/msg/rosidl_generator_cpp__visibility_control.hpp
-- Installing: /home/feroj/ros2_ws/install/hunter_msgs/include/hunter_msgs/hunter_msgs/msg/hunter_light_cmd.hpp
-- Up-to-date: /home/feroj/ros2_ws/install/hunter_msgs/include/hunter_msgs/hunter_msgs
-- Up-to-date: /home/feroj/ros2_ws/install/hunter_msgs/include/hunter_msgs/hunter_msgs/msg
-- Up-to-date: /home/feroj/ros2_ws/install/hunter_msgs/include/hunter_msgs/hunter_msgs/msg/detail
-- Installing: /home/feroj/ros2_ws/install/hunter_msgs/include/hunter_msgs/hunter_msgs/msg/detail/hunter_status__rosidl_typesupport_fastrtps_cpp.hpp
-- Installing: /home/feroj/ros2_ws/install/hunter_msgs/include/hunter_msgs/hunter_msgs/msg/detail/hunter_light_cmd__rosidl_typesupport_fastrtps_cpp.hpp
-- Installing: /home/feroj/ros2_ws/install/hunter_msgs/include/hunter_msgs/hunter_msgs/msg/detail/hunter_rc_state__rosidl_typesupport_fastrtps_cpp.hpp
-- Installing: /home/feroj/ros2_ws/install/hunter_msgs/include/hunter_msgs/hunter_msgs/msg/detail/hunter_actuator_state__rosidl_typesupport_fastrtps_cpp.hpp
-- Installing: /home/feroj/ros2_ws/install/hunter_msgs/include/hunter_msgs/hunter_msgs/msg/detail/dds_fastrtps
-- Installing: /home/feroj/ros2_ws/install/hunter_msgs/include/hunter_msgs/hunter_msgs/msg/detail/hunter_light_state__rosidl_typesupport_fastrtps_cpp.hpp
-- Installing: /home/feroj/ros2_ws/install/hunter_msgs/include/hunter_msgs/hunter_msgs/msg/rosidl_typesupport_fastrtps_cpp__visibility_control.h
-- Installing: /home/feroj/ros2_ws/install/hunter_msgs/lib/libhunter_msgs__rosidl_typesupport_fastrtps_cpp.so
-- Set runtime path of "/home/feroj/ros2_ws/install/hunter_msgs/lib/libhunter_msgs__rosidl_typesupport_fastrtps_cpp.so" to ""
-- Up-to-date: /home/feroj/ros2_ws/install/hunter_msgs/include/hunter_msgs/hunter_msgs
-- Up-to-date: /home/feroj/ros2_ws/install/hunter_msgs/include/hunter_msgs/hunter_msgs/msg
-- Installing: /home/feroj/ros2_ws/install/hunter_msgs/include/hunter_msgs/hunter_msgs/msg/rosidl_typesupport_introspection_c__visibility_control.h
-- Up-to-date: /home/feroj/ros2_ws/install/hunter_msgs/include/hunter_msgs/hunter_msgs/msg/detail
-- Installing: /home/feroj/ros2_ws/install/hunter_msgs/include/hunter_msgs/hunter_msgs/msg/detail/hunter_light_cmd__type_support.c
-- Installing: /home/feroj/ros2_ws/install/hunter_msgs/include/hunter_msgs/hunter_msgs/msg/detail/hunter_light_cmd__rosidl_typesupport_introspection_c.h
-- Installing: /home/feroj/ros2_ws/install/hunter_msgs/include/hunter_msgs/hunter_msgs/msg/detail/hunter_actuator_state__rosidl_typesupport_introspection_c.h
-- Installing: /home/feroj/ros2_ws/install/hunter_msgs/include/hunter_msgs/hunter_msgs/msg/detail/hunter_status__type_support.c
-- Installing: /home/feroj/ros2_ws/install/hunter_msgs/include/hunter_msgs/hunter_msgs/msg/detail/hunter_rc_state__rosidl_typesupport_introspection_c.h
-- Installing: /home/feroj/ros2_ws/install/hunter_msgs/include/hunter_msgs/hunter_msgs/msg/detail/hunter_light_state__type_support.c
-- Installing: /home/feroj/ros2_ws/install/hunter_msgs/include/hunter_msgs/hunter_msgs/msg/detail/hunter_light_state__rosidl_typesupport_introspection_c.h
-- Installing: /home/feroj/ros2_ws/install/hunter_msgs/include/hunter_msgs/hunter_msgs/msg/detail/hunter_rc_state__type_support.c
-- Installing: /home/feroj/ros2_ws/install/hunter_msgs/include/hunter_msgs/hunter_msgs/msg/detail/hunter_status__rosidl_typesupport_introspection_c.h
-- Installing: /home/feroj/ros2_ws/install/hunter_msgs/include/hunter_msgs/hunter_msgs/msg/detail/hunter_actuator_state__type_support.c
-- Installing: /home/feroj/ros2_ws/install/hunter_msgs/lib/libhunter_msgs__rosidl_typesupport_introspection_c.so
-- Set runtime path of "/home/feroj/ros2_ws/install/hunter_msgs/lib/libhunter_msgs__rosidl_typesupport_introspection_c.so" to ""
-- Installing: /home/feroj/ros2_ws/install/hunter_msgs/lib/libhunter_msgs__rosidl_typesupport_c.so
-- Set runtime path of "/home/feroj/ros2_ws/install/hunter_msgs/lib/libhunter_msgs__rosidl_typesupport_c.so" to ""
-- Up-to-date: /home/feroj/ros2_ws/install/hunter_msgs/include/hunter_msgs/hunter_msgs
-- Up-to-date: /home/feroj/ros2_ws/install/hunter_msgs/include/hunter_msgs/hunter_msgs/msg
-- Up-to-date: /home/feroj/ros2_ws/install/hunter_msgs/include/hunter_msgs/hunter_msgs/msg/detail
-- Installing: /home/feroj/ros2_ws/install/hunter_msgs/include/hunter_msgs/hunter_msgs/msg/detail/hunter_status__type_support.cpp
-- Installing: /home/feroj/ros2_ws/install/hunter_msgs/include/hunter_msgs/hunter_msgs/msg/detail/hunter_rc_state__rosidl_typesupport_introspection_cpp.hpp
-- Installing: /home/feroj/ros2_ws/install/hunter_msgs/include/hunter_msgs/hunter_msgs/msg/detail/hunter_status__rosidl_typesupport_introspection_cpp.hpp
-- Installing: /home/feroj/ros2_ws/install/hunter_msgs/include/hunter_msgs/hunter_msgs/msg/detail/hunter_light_state__type_support.cpp
-- Installing: /home/feroj/ros2_ws/install/hunter_msgs/include/hunter_msgs/hunter_msgs/msg/detail/hunter_actuator_state__rosidl_typesupport_introspection_cpp.hpp
-- Installing: /home/feroj/ros2_ws/install/hunter_msgs/include/hunter_msgs/hunter_msgs/msg/detail/hunter_rc_state__type_support.cpp
-- Installing: /home/feroj/ros2_ws/install/hunter_msgs/include/hunter_msgs/hunter_msgs/msg/detail/hunter_light_state__rosidl_typesupport_introspection_cpp.hpp
-- Installing: /home/feroj/ros2_ws/install/hunter_msgs/include/hunter_msgs/hunter_msgs/msg/detail/hunter_light_cmd__type_support.cpp
-- Installing: /home/feroj/ros2_ws/install/hunter_msgs/include/hunter_msgs/hunter_msgs/msg/detail/hunter_actuator_state__type_support.cpp
-- Installing: /home/feroj/ros2_ws/install/hunter_msgs/include/hunter_msgs/hunter_msgs/msg/detail/hunter_light_cmd__rosidl_typesupport_introspection_cpp.hpp
-- Installing: /home/feroj/ros2_ws/install/hunter_msgs/lib/libhunter_msgs__rosidl_typesupport_introspection_cpp.so
-- Set runtime path of "/home/feroj/ros2_ws/install/hunter_msgs/lib/libhunter_msgs__rosidl_typesupport_introspection_cpp.so" to ""
-- Installing: /home/feroj/ros2_ws/install/hunter_msgs/lib/libhunter_msgs__rosidl_typesupport_cpp.so
-- Set runtime path of "/home/feroj/ros2_ws/install/hunter_msgs/lib/libhunter_msgs__rosidl_typesupport_cpp.so" to ""
-- Installing: /home/feroj/ros2_ws/install/hunter_msgs/share/hunter_msgs/environment/pythonpath.sh
-- Installing: /home/feroj/ros2_ws/install/hunter_msgs/share/hunter_msgs/environment/pythonpath.dsv
-- Installing: /home/feroj/ros2_ws/install/hunter_msgs/local/lib/python3.10/dist-packages/hunter_msgs-0.0.1-py3.10.egg-info
-- Installing: /home/feroj/ros2_ws/install/hunter_msgs/local/lib/python3.10/dist-packages/hunter_msgs-0.0.1-py3.10.egg-info/PKG-INFO
-- Installing: /home/feroj/ros2_ws/install/hunter_msgs/local/lib/python3.10/dist-packages/hunter_msgs-0.0.1-py3.10.egg-info/dependency_links.txt
-- Installing: /home/feroj/ros2_ws/install/hunter_msgs/local/lib/python3.10/dist-packages/hunter_msgs-0.0.1-py3.10.egg-info/top_level.txt
-- Installing: /home/feroj/ros2_ws/install/hunter_msgs/local/lib/python3.10/dist-packages/hunter_msgs-0.0.1-py3.10.egg-info/SOURCES.txt
-- Installing: /home/feroj/ros2_ws/install/hunter_msgs/local/lib/python3.10/dist-packages/hunter_msgs
-- Installing: /home/feroj/ros2_ws/install/hunter_msgs/local/lib/python3.10/dist-packages/hunter_msgs/_hunter_msgs_s.ep.rosidl_typesupport_c.c
-- Installing: /home/feroj/ros2_ws/install/hunter_msgs/local/lib/python3.10/dist-packages/hunter_msgs/hunter_msgs_s__rosidl_typesupport_fastrtps_c.cpython-310-x86_64-linux-gnu.so
-- Installing: /home/feroj/ros2_ws/install/hunter_msgs/local/lib/python3.10/dist-packages/hunter_msgs/hunter_msgs_s__rosidl_typesupport_c.cpython-310-x86_64-linux-gnu.so
-- Installing: /home/feroj/ros2_ws/install/hunter_msgs/local/lib/python3.10/dist-packages/hunter_msgs/_hunter_msgs_s.ep.rosidl_typesupport_introspection_c.c
-- Installing: /home/feroj/ros2_ws/install/hunter_msgs/local/lib/python3.10/dist-packages/hunter_msgs/__init__.py
-- Installing: /home/feroj/ros2_ws/install/hunter_msgs/local/lib/python3.10/dist-packages/hunter_msgs/hunter_msgs_s__rosidl_typesupport_introspection_c.cpython-310-x86_64-linux-gnu.so
-- Installing: /home/feroj/ros2_ws/install/hunter_msgs/local/lib/python3.10/dist-packages/hunter_msgs/msg
-- Installing: /home/feroj/ros2_ws/install/hunter_msgs/local/lib/python3.10/dist-packages/hunter_msgs/msg/_hunter_rc_state_s.c
-- Installing: /home/feroj/ros2_ws/install/hunter_msgs/local/lib/python3.10/dist-packages/hunter_msgs/msg/_hunter_light_cmd_s.c
-- Installing: /home/feroj/ros2_ws/install/hunter_msgs/local/lib/python3.10/dist-packages/hunter_msgs/msg/_hunter_status.py
-- Installing: /home/feroj/ros2_ws/install/hunter_msgs/local/lib/python3.10/dist-packages/hunter_msgs/msg/_hunter_light_state.py
-- Installing: /home/feroj/ros2_ws/install/hunter_msgs/local/lib/python3.10/dist-packages/hunter_msgs/msg/_hunter_status_s.c
-- Installing: /home/feroj/ros2_ws/install/hunter_msgs/local/lib/python3.10/dist-packages/hunter_msgs/msg/__init__.py
-- Installing: /home/feroj/ros2_ws/install/hunter_msgs/local/lib/python3.10/dist-packages/hunter_msgs/msg/_hunter_rc_state.py
-- Installing: /home/feroj/ros2_ws/install/hunter_msgs/local/lib/python3.10/dist-packages/hunter_msgs/msg/_hunter_light_cmd.py
-- Installing: /home/feroj/ros2_ws/install/hunter_msgs/local/lib/python3.10/dist-packages/hunter_msgs/msg/_hunter_actuator_state_s.c
-- Installing: /home/feroj/ros2_ws/install/hunter_msgs/local/lib/python3.10/dist-packages/hunter_msgs/msg/_hunter_light_state_s.c
-- Installing: /home/feroj/ros2_ws/install/hunter_msgs/local/lib/python3.10/dist-packages/hunter_msgs/msg/_hunter_actuator_state.py
-- Installing: /home/feroj/ros2_ws/install/hunter_msgs/local/lib/python3.10/dist-packages/hunter_msgs/libhunter_msgs__rosidl_generator_py.so
-- Installing: /home/feroj/ros2_ws/install/hunter_msgs/local/lib/python3.10/dist-packages/hunter_msgs/_hunter_msgs_s.ep.rosidl_typesupport_fastrtps_c.c
Listing '/home/feroj/ros2_ws/install/hunter_msgs/local/lib/python3.10/dist-packages/hunter_msgs'...
Compiling '/home/feroj/ros2_ws/install/hunter_msgs/local/lib/python3.10/dist-packages/hunter_msgs/__init__.py'...
Listing '/home/feroj/ros2_ws/install/hunter_msgs/local/lib/python3.10/dist-packages/hunter_msgs/msg'...
Compiling '/home/feroj/ros2_ws/install/hunter_msgs/local/lib/python3.10/dist-packages/hunter_msgs/msg/__init__.py'...
Compiling '/home/feroj/ros2_ws/install/hunter_msgs/local/lib/python3.10/dist-packages/hunter_msgs/msg/_hunter_actuator_state.py'...
Compiling '/home/feroj/ros2_ws/install/hunter_msgs/local/lib/python3.10/dist-packages/hunter_msgs/msg/_hunter_light_cmd.py'...
Compiling '/home/feroj/ros2_ws/install/hunter_msgs/local/lib/python3.10/dist-packages/hunter_msgs/msg/_hunter_light_state.py'...
Compiling '/home/feroj/ros2_ws/install/hunter_msgs/local/lib/python3.10/dist-packages/hunter_msgs/msg/_hunter_rc_state.py'...
Compiling '/home/feroj/ros2_ws/install/hunter_msgs/local/lib/python3.10/dist-packages/hunter_msgs/msg/_hunter_status.py'...
-- Installing: /home/feroj/ros2_ws/install/hunter_msgs/local/lib/python3.10/dist-packages/hunter_msgs/hunter_msgs_s__rosidl_typesupport_fastrtps_c.cpython-310-x86_64-linux-gnu.so
-- Set runtime path of "/home/feroj/ros2_ws/install/hunter_msgs/local/lib/python3.10/dist-packages/hunter_msgs/hunter_msgs_s__rosidl_typesupport_fastrtps_c.cpython-310-x86_64-linux-gnu.so" to ""
-- Installing: /home/feroj/ros2_ws/install/hunter_msgs/local/lib/python3.10/dist-packages/hunter_msgs/hunter_msgs_s__rosidl_typesupport_introspection_c.cpython-310-x86_64-linux-gnu.so
-- Set runtime path of "/home/feroj/ros2_ws/install/hunter_msgs/local/lib/python3.10/dist-packages/hunter_msgs/hunter_msgs_s__rosidl_typesupport_introspection_c.cpython-310-x86_64-linux-gnu.so" to ""
-- Installing: /home/feroj/ros2_ws/install/hunter_msgs/local/lib/python3.10/dist-packages/hunter_msgs/hunter_msgs_s__rosidl_typesupport_c.cpython-310-x86_64-linux-gnu.so
-- Set runtime path of "/home/feroj/ros2_ws/install/hunter_msgs/local/lib/python3.10/dist-packages/hunter_msgs/hunter_msgs_s__rosidl_typesupport_c.cpython-310-x86_64-linux-gnu.so" to ""
-- Installing: /home/feroj/ros2_ws/install/hunter_msgs/lib/libhunter_msgs__rosidl_generator_py.so
-- Set runtime path of "/home/feroj/ros2_ws/install/hunter_msgs/lib/libhunter_msgs__rosidl_generator_py.so" to ""
-- Installing: /home/feroj/ros2_ws/install/hunter_msgs/share/ament_index/resource_index/rust_packages/hunter_msgs
-- Installing: /home/feroj/ros2_ws/install/hunter_msgs/share/hunter_msgs/rust
-- Installing: /home/feroj/ros2_ws/install/hunter_msgs/share/hunter_msgs/rust/Cargo.toml
-- Installing: /home/feroj/ros2_ws/install/hunter_msgs/share/hunter_msgs/rust/src
-- Installing: /home/feroj/ros2_ws/install/hunter_msgs/share/hunter_msgs/rust/src/msg.rs
-- Installing: /home/feroj/ros2_ws/install/hunter_msgs/share/hunter_msgs/rust/src/lib.rs
-- Installing: /home/feroj/ros2_ws/install/hunter_msgs/share/hunter_msgs/rust/src/msg
-- Installing: /home/feroj/ros2_ws/install/hunter_msgs/share/hunter_msgs/rust/src/msg/rmw.rs
-- Installing: /home/feroj/ros2_ws/install/hunter_msgs/share/hunter_msgs/rust/build.rs
-- Installing: /home/feroj/ros2_ws/install/hunter_msgs/share/hunter_msgs/msg/HunterActuatorState.idl
-- Installing: /home/feroj/ros2_ws/install/hunter_msgs/share/hunter_msgs/msg/HunterLightCmd.idl
-- Installing: /home/feroj/ros2_ws/install/hunter_msgs/share/hunter_msgs/msg/HunterLightState.idl
-- Installing: /home/feroj/ros2_ws/install/hunter_msgs/share/hunter_msgs/msg/HunterRCState.idl
-- Installing: /home/feroj/ros2_ws/install/hunter_msgs/share/hunter_msgs/msg/HunterStatus.idl
-- Installing: /home/feroj/ros2_ws/install/hunter_msgs/share/hunter_msgs/msg/HunterActuatorState.msg
-- Installing: /home/feroj/ros2_ws/install/hunter_msgs/share/hunter_msgs/msg/HunterLightCmd.msg
-- Installing: /home/feroj/ros2_ws/install/hunter_msgs/share/hunter_msgs/msg/HunterLightState.msg
-- Installing: /home/feroj/ros2_ws/install/hunter_msgs/share/hunter_msgs/msg/HunterRCState.msg
-- Installing: /home/feroj/ros2_ws/install/hunter_msgs/share/hunter_msgs/msg/HunterStatus.msg
-- Installing: /home/feroj/ros2_ws/install/hunter_msgs/share/ament_index/resource_index/package_run_dependencies/hunter_msgs
-- Installing: /home/feroj/ros2_ws/install/hunter_msgs/share/ament_index/resource_index/parent_prefix_path/hunter_msgs
-- Installing: /home/feroj/ros2_ws/install/hunter_msgs/share/hunter_msgs/environment/ament_prefix_path.sh
-- Installing: /home/feroj/ros2_ws/install/hunter_msgs/share/hunter_msgs/environment/ament_prefix_path.dsv
-- Installing: /home/feroj/ros2_ws/install/hunter_msgs/share/hunter_msgs/environment/path.sh
-- Installing: /home/feroj/ros2_ws/install/hunter_msgs/share/hunter_msgs/environment/path.dsv
-- Installing: /home/feroj/ros2_ws/install/hunter_msgs/share/hunter_msgs/local_setup.bash
-- Installing: /home/feroj/ros2_ws/install/hunter_msgs/share/hunter_msgs/local_setup.sh
-- Installing: /home/feroj/ros2_ws/install/hunter_msgs/share/hunter_msgs/local_setup.zsh
-- Installing: /home/feroj/ros2_ws/install/hunter_msgs/share/hunter_msgs/local_setup.dsv
-- Installing: /home/feroj/ros2_ws/install/hunter_msgs/share/hunter_msgs/package.dsv
-- Installing: /home/feroj/ros2_ws/install/hunter_msgs/share/ament_index/resource_index/packages/hunter_msgs
-- Installing: /home/feroj/ros2_ws/install/hunter_msgs/share/hunter_msgs/cmake/export_hunter_msgs__rosidl_generator_cExport.cmake
-- Installing: /home/feroj/ros2_ws/install/hunter_msgs/share/hunter_msgs/cmake/export_hunter_msgs__rosidl_generator_cExport-noconfig.cmake
-- Installing: /home/feroj/ros2_ws/install/hunter_msgs/share/hunter_msgs/cmake/export_hunter_msgs__rosidl_typesupport_fastrtps_cExport.cmake
-- Installing: /home/feroj/ros2_ws/install/hunter_msgs/share/hunter_msgs/cmake/export_hunter_msgs__rosidl_typesupport_fastrtps_cExport-noconfig.cmake
-- Installing: /home/feroj/ros2_ws/install/hunter_msgs/share/hunter_msgs/cmake/export_hunter_msgs__rosidl_generator_cppExport.cmake
-- Installing: /home/feroj/ros2_ws/install/hunter_msgs/share/hunter_msgs/cmake/export_hunter_msgs__rosidl_typesupport_fastrtps_cppExport.cmake
-- Installing: /home/feroj/ros2_ws/install/hunter_msgs/share/hunter_msgs/cmake/export_hunter_msgs__rosidl_typesupport_fastrtps_cppExport-noconfig.cmake
-- Installing: /home/feroj/ros2_ws/install/hunter_msgs/share/hunter_msgs/cmake/hunter_msgs__rosidl_typesupport_introspection_cExport.cmake
-- Installing: /home/feroj/ros2_ws/install/hunter_msgs/share/hunter_msgs/cmake/hunter_msgs__rosidl_typesupport_introspection_cExport-noconfig.cmake
-- Installing: /home/feroj/ros2_ws/install/hunter_msgs/share/hunter_msgs/cmake/hunter_msgs__rosidl_typesupport_cExport.cmake
-- Installing: /home/feroj/ros2_ws/install/hunter_msgs/share/hunter_msgs/cmake/hunter_msgs__rosidl_typesupport_cExport-noconfig.cmake
-- Installing: /home/feroj/ros2_ws/install/hunter_msgs/share/hunter_msgs/cmake/hunter_msgs__rosidl_typesupport_introspection_cppExport.cmake
-- Installing: /home/feroj/ros2_ws/install/hunter_msgs/share/hunter_msgs/cmake/hunter_msgs__rosidl_typesupport_introspection_cppExport-noconfig.cmake
-- Installing: /home/feroj/ros2_ws/install/hunter_msgs/share/hunter_msgs/cmake/hunter_msgs__rosidl_typesupport_cppExport.cmake
-- Installing: /home/feroj/ros2_ws/install/hunter_msgs/share/hunter_msgs/cmake/hunter_msgs__rosidl_typesupport_cppExport-noconfig.cmake
-- Installing: /home/feroj/ros2_ws/install/hunter_msgs/share/hunter_msgs/cmake/export_hunter_msgs__rosidl_generator_pyExport.cmake
-- Installing: /home/feroj/ros2_ws/install/hunter_msgs/share/hunter_msgs/cmake/export_hunter_msgs__rosidl_generator_pyExport-noconfig.cmake
-- Installing: /home/feroj/ros2_ws/install/hunter_msgs/share/hunter_msgs/cmake/rosidl_cmake-extras.cmake
-- Installing: /home/feroj/ros2_ws/install/hunter_msgs/share/hunter_msgs/cmake/ament_cmake_export_dependencies-extras.cmake
-- Installing: /home/feroj/ros2_ws/install/hunter_msgs/share/hunter_msgs/cmake/ament_cmake_export_include_directories-extras.cmake
-- Installing: /home/feroj/ros2_ws/install/hunter_msgs/share/hunter_msgs/cmake/ament_cmake_export_libraries-extras.cmake
-- Installing: /home/feroj/ros2_ws/install/hunter_msgs/share/hunter_msgs/cmake/ament_cmake_export_targets-extras.cmake
-- Installing: /home/feroj/ros2_ws/install/hunter_msgs/share/hunter_msgs/cmake/rosidl_cmake_export_typesupport_targets-extras.cmake
-- Installing: /home/feroj/ros2_ws/install/hunter_msgs/share/hunter_msgs/cmake/rosidl_cmake_export_typesupport_libraries-extras.cmake
-- Installing: /home/feroj/ros2_ws/install/hunter_msgs/share/hunter_msgs/cmake/hunter_msgsConfig.cmake
-- Installing: /home/feroj/ros2_ws/install/hunter_msgs/share/hunter_msgs/cmake/hunter_msgsConfig-version.cmake
-- Installing: /home/feroj/ros2_ws/install/hunter_msgs/share/hunter_msgs/package.xml
