[0.030s] Invoking command in '/home/feroj/ros2_ws/build/hunter_msgs': CMAKE_PREFIX_PATH=${CMAKE_PREFIX_PATH}:/opt/ros/humble /usr/bin/cmake /home/feroj/ros2_ws/src/hunter_ros2/hunter_msgs -DCMAKE_INSTALL_PREFIX=/home/feroj/ros2_ws/install/hunter_msgs
[0.106s] -- The C compiler identification is GNU 11.4.0
[0.245s] -- The CXX compiler identification is GNU 11.4.0
[0.330s] -- Detecting C compiler ABI info
[0.415s] -- Detecting C compiler ABI info - done
[0.421s] -- Check for working C compiler: /usr/bin/cc - skipped
[0.421s] -- Detecting C compile features
[0.421s] -- Detecting C compile features - done
[0.424s] -- Detecting CXX compiler ABI info
[0.525s] -- Detecting CXX compiler ABI info - done
[0.534s] -- Check for working CXX compiler: /usr/bin/c++ - skipped
[0.534s] -- Detecting CXX compile features
[0.534s] -- Detecting CXX compile features - done
[0.536s] -- Found ament_cmake: 1.3.14 (/opt/ros/humble/share/ament_cmake/cmake)
[0.640s] -- Found Python3: /usr/bin/python3 (found version "3.10.12") found components: Interpreter 
[0.711s] -- Found builtin_interfaces: 1.2.2 (/opt/ros/humble/share/builtin_interfaces/cmake)
[0.816s] -- Found rosidl_generator_c: 3.1.8 (/opt/ros/humble/share/rosidl_generator_c/cmake)
[0.820s] -- Found rosidl_adapter: 3.1.8 (/opt/ros/humble/share/rosidl_adapter/cmake)
[0.827s] -- Found rosidl_generator_cpp: 3.1.8 (/opt/ros/humble/share/rosidl_generator_cpp/cmake)
[0.853s] -- Using all available rosidl_typesupport_c: rosidl_typesupport_fastrtps_c;rosidl_typesupport_introspection_c
[0.876s] -- Using all available rosidl_typesupport_cpp: rosidl_typesupport_fastrtps_cpp;rosidl_typesupport_introspection_cpp
[0.899s] -- Found rosidl_default_generators: 1.2.1 (/opt/ros/humble/share/rosidl_default_generators/cmake)
[0.920s] -- Found std_msgs: 4.9.1 (/opt/ros/humble/share/std_msgs/cmake)
[1.199s] -- Found ament_cmake_ros: 0.10.0 (/opt/ros/humble/share/ament_cmake_ros/cmake)
[1.627s] -- Using all available rosidl_typesupport_c: rosidl_typesupport_fastrtps_c;rosidl_typesupport_introspection_c
[1.792s] -- Using all available rosidl_typesupport_cpp: rosidl_typesupport_fastrtps_cpp;rosidl_typesupport_introspection_cpp
[1.870s] -- Found PythonInterp: /usr/bin/python3 (found suitable version "3.10.12", minimum required is "3.6") 
[1.874s] -- Found python_cmake_module: 0.10.0 (/opt/ros/humble/share/python_cmake_module/cmake)
[2.085s] -- Found PythonLibs: /usr/lib/x86_64-linux-gnu/libpython3.10.so (found suitable version "3.10.12", minimum required is "3.5") 
[2.086s] -- Using PYTHON_EXECUTABLE: /usr/bin/python3
[2.086s] -- Using PYTHON_INCLUDE_DIRS: /usr/include/python3.10
[2.086s] -- Using PYTHON_LIBRARIES: /usr/lib/x86_64-linux-gnu/libpython3.10.so
[2.110s] -- Found PythonExtra: .so  
[2.271s] -- Found ament_lint_auto: 0.12.15 (/opt/ros/humble/share/ament_lint_auto/cmake)
[2.301s] -- Added test 'copyright' to check source files copyright and LICENSE
[2.304s] -- Added test 'lint_cmake' to check CMake code style
[2.305s] -- Added test 'xmllint' to check XML markup files
[2.309s] -- Configuring done
[2.400s] -- Generating done
[2.417s] -- Build files have been written to: /home/feroj/ros2_ws/build/hunter_msgs
[2.429s] Invoked command in '/home/feroj/ros2_ws/build/hunter_msgs' returned '0': CMAKE_PREFIX_PATH=${CMAKE_PREFIX_PATH}:/opt/ros/humble /usr/bin/cmake /home/feroj/ros2_ws/src/hunter_ros2/hunter_msgs -DCMAKE_INSTALL_PREFIX=/home/feroj/ros2_ws/install/hunter_msgs
[2.432s] Invoking command in '/home/feroj/ros2_ws/build/hunter_msgs': CMAKE_PREFIX_PATH=${CMAKE_PREFIX_PATH}:/opt/ros/humble /usr/bin/cmake --build /home/feroj/ros2_ws/build/hunter_msgs -- -j16 -l16
[2.483s] [  1%] [34m[1mGenerating C code for ROS interfaces[0m
[2.495s] [  3%] [34m[1mGenerating C++ code for ROS interfaces[0m
[2.495s] [  4%] [34m[1mGenerating Rust code for ROS interfaces[0m
[2.504s] [  4%] Built target ament_cmake_python_copy_hunter_msgs
[2.764s] running egg_info
[2.764s] creating hunter_msgs.egg-info
[2.765s] writing hunter_msgs.egg-info/PKG-INFO
[2.766s] writing dependency_links to hunter_msgs.egg-info/dependency_links.txt
[2.766s] writing top-level names to hunter_msgs.egg-info/top_level.txt
[2.766s] writing manifest file 'hunter_msgs.egg-info/SOURCES.txt'
[2.768s] reading manifest file 'hunter_msgs.egg-info/SOURCES.txt'
[2.768s] writing manifest file 'hunter_msgs.egg-info/SOURCES.txt'
[2.789s] [  4%] Built target ament_cmake_python_build_hunter_msgs_egg
[2.835s] [  4%] Built target hunter_msgs__rs
[2.968s] [  6%] [32mBuilding C object CMakeFiles/hunter_msgs__rosidl_generator_c.dir/rosidl_generator_c/hunter_msgs/msg/detail/hunter_light_state__functions.c.o[0m
[2.968s] [  7%] [32mBuilding C object CMakeFiles/hunter_msgs__rosidl_generator_c.dir/rosidl_generator_c/hunter_msgs/msg/detail/hunter_actuator_state__functions.c.o[0m
[2.969s] [  9%] [32mBuilding C object CMakeFiles/hunter_msgs__rosidl_generator_c.dir/rosidl_generator_c/hunter_msgs/msg/detail/hunter_light_cmd__functions.c.o[0m
[2.973s] [ 10%] [32mBuilding C object CMakeFiles/hunter_msgs__rosidl_generator_c.dir/rosidl_generator_c/hunter_msgs/msg/detail/hunter_status__functions.c.o[0m
[2.974s] [ 12%] [32mBuilding C object CMakeFiles/hunter_msgs__rosidl_generator_c.dir/rosidl_generator_c/hunter_msgs/msg/detail/hunter_rc_state__functions.c.o[0m
[2.977s] [ 12%] Built target hunter_msgs__cpp
[2.989s] [ 14%] [34m[1mGenerating C++ type support dispatch for ROS interfaces[0m
[2.989s] [ 15%] [34m[1mGenerating C++ type support for eProsima Fast-RTPS[0m
[2.990s] [ 17%] [34m[1mGenerating C++ introspection for ROS interfaces[0m
[3.027s] [ 18%] [32m[1mLinking C shared library libhunter_msgs__rosidl_generator_c.so[0m
[3.090s] [ 18%] Built target hunter_msgs__rosidl_generator_c
[3.099s] [ 20%] [34m[1mGenerating C type support for eProsima Fast-RTPS[0m
[3.100s] [ 21%] [34m[1mGenerating C type support dispatch for ROS interfaces[0m
[3.102s] [ 23%] [34m[1mGenerating C introspection for ROS interfaces[0m
[3.311s] [ 25%] [32mBuilding CXX object CMakeFiles/hunter_msgs__rosidl_typesupport_cpp.dir/rosidl_typesupport_cpp/hunter_msgs/msg/hunter_actuator_state__type_support.cpp.o[0m
[3.312s] [ 26%] [32mBuilding CXX object CMakeFiles/hunter_msgs__rosidl_typesupport_cpp.dir/rosidl_typesupport_cpp/hunter_msgs/msg/hunter_light_cmd__type_support.cpp.o[0m
[3.312s] [ 28%] [32mBuilding CXX object CMakeFiles/hunter_msgs__rosidl_typesupport_cpp.dir/rosidl_typesupport_cpp/hunter_msgs/msg/hunter_status__type_support.cpp.o[0m
[3.312s] [ 29%] [32mBuilding CXX object CMakeFiles/hunter_msgs__rosidl_typesupport_cpp.dir/rosidl_typesupport_cpp/hunter_msgs/msg/hunter_rc_state__type_support.cpp.o[0m
[3.313s] [ 31%] [32mBuilding CXX object CMakeFiles/hunter_msgs__rosidl_typesupport_cpp.dir/rosidl_typesupport_cpp/hunter_msgs/msg/hunter_light_state__type_support.cpp.o[0m
[3.368s] [ 34%] [32mBuilding CXX object CMakeFiles/hunter_msgs__rosidl_typesupport_introspection_cpp.dir/rosidl_typesupport_introspection_cpp/hunter_msgs/msg/detail/hunter_actuator_state__type_support.cpp.o[0m
[3.369s] [ 34%] [32mBuilding CXX object CMakeFiles/hunter_msgs__rosidl_typesupport_introspection_cpp.dir/rosidl_typesupport_introspection_cpp/hunter_msgs/msg/detail/hunter_light_cmd__type_support.cpp.o[0m
[3.371s] [ 35%] [32mBuilding CXX object CMakeFiles/hunter_msgs__rosidl_typesupport_introspection_cpp.dir/rosidl_typesupport_introspection_cpp/hunter_msgs/msg/detail/hunter_status__type_support.cpp.o[0m
[3.373s] [ 37%] [32mBuilding CXX object CMakeFiles/hunter_msgs__rosidl_typesupport_introspection_cpp.dir/rosidl_typesupport_introspection_cpp/hunter_msgs/msg/detail/hunter_rc_state__type_support.cpp.o[0m
[3.377s] [ 39%] [32mBuilding CXX object CMakeFiles/hunter_msgs__rosidl_typesupport_introspection_cpp.dir/rosidl_typesupport_introspection_cpp/hunter_msgs/msg/detail/hunter_light_state__type_support.cpp.o[0m
[3.492s] [ 40%] [32mBuilding CXX object CMakeFiles/hunter_msgs__rosidl_typesupport_fastrtps_cpp.dir/rosidl_typesupport_fastrtps_cpp/hunter_msgs/msg/detail/dds_fastrtps/hunter_actuator_state__type_support.cpp.o[0m
[3.507s] [ 43%] [32mBuilding CXX object CMakeFiles/hunter_msgs__rosidl_typesupport_fastrtps_cpp.dir/rosidl_typesupport_fastrtps_cpp/hunter_msgs/msg/detail/dds_fastrtps/hunter_light_state__type_support.cpp.o[0m
[3.508s] [ 43%] [32mBuilding CXX object CMakeFiles/hunter_msgs__rosidl_typesupport_fastrtps_cpp.dir/rosidl_typesupport_fastrtps_cpp/hunter_msgs/msg/detail/dds_fastrtps/hunter_light_cmd__type_support.cpp.o[0m
[3.528s] [ 45%] [32mBuilding CXX object CMakeFiles/hunter_msgs__rosidl_typesupport_c.dir/rosidl_typesupport_c/hunter_msgs/msg/hunter_actuator_state__type_support.cpp.o[0m
[3.604s] [ 46%] [32mBuilding CXX object CMakeFiles/hunter_msgs__rosidl_typesupport_c.dir/rosidl_typesupport_c/hunter_msgs/msg/hunter_light_cmd__type_support.cpp.o[0m
[3.624s] [ 48%] [32mBuilding CXX object CMakeFiles/hunter_msgs__rosidl_typesupport_fastrtps_cpp.dir/rosidl_typesupport_fastrtps_cpp/hunter_msgs/msg/detail/dds_fastrtps/hunter_rc_state__type_support.cpp.o[0m
[3.625s] [ 50%] [32mBuilding CXX object CMakeFiles/hunter_msgs__rosidl_typesupport_c.dir/rosidl_typesupport_c/hunter_msgs/msg/hunter_rc_state__type_support.cpp.o[0m
[3.625s] [ 51%] [32mBuilding CXX object CMakeFiles/hunter_msgs__rosidl_typesupport_c.dir/rosidl_typesupport_c/hunter_msgs/msg/hunter_light_state__type_support.cpp.o[0m
[3.631s] [ 53%] [32mBuilding CXX object CMakeFiles/hunter_msgs__rosidl_typesupport_c.dir/rosidl_typesupport_c/hunter_msgs/msg/hunter_status__type_support.cpp.o[0m
[3.645s] [ 54%] [32m[1mLinking CXX shared library libhunter_msgs__rosidl_typesupport_cpp.so[0m
[3.661s] [ 56%] [32mBuilding CXX object CMakeFiles/hunter_msgs__rosidl_typesupport_fastrtps_cpp.dir/rosidl_typesupport_fastrtps_cpp/hunter_msgs/msg/detail/dds_fastrtps/hunter_status__type_support.cpp.o[0m
[3.663s] [ 57%] [32mBuilding CXX object CMakeFiles/hunter_msgs__rosidl_typesupport_fastrtps_c.dir/rosidl_typesupport_fastrtps_c/hunter_msgs/msg/detail/hunter_actuator_state__type_support_c.cpp.o[0m
[3.676s] [ 59%] [32mBuilding CXX object CMakeFiles/hunter_msgs__rosidl_typesupport_fastrtps_c.dir/rosidl_typesupport_fastrtps_c/hunter_msgs/msg/detail/hunter_light_state__type_support_c.cpp.o[0m
[3.677s] [ 60%] [32mBuilding CXX object CMakeFiles/hunter_msgs__rosidl_typesupport_fastrtps_c.dir/rosidl_typesupport_fastrtps_c/hunter_msgs/msg/detail/hunter_light_cmd__type_support_c.cpp.o[0m
[3.681s] [ 62%] [32m[1mLinking CXX shared library libhunter_msgs__rosidl_typesupport_c.so[0m
[3.697s] [ 64%] [32mBuilding C object CMakeFiles/hunter_msgs__rosidl_typesupport_introspection_c.dir/rosidl_typesupport_introspection_c/hunter_msgs/msg/detail/hunter_actuator_state__type_support.c.o[0m
[3.746s] [ 64%] Built target hunter_msgs__rosidl_typesupport_cpp
[3.752s] [ 65%] [32mBuilding C object CMakeFiles/hunter_msgs__rosidl_typesupport_introspection_c.dir/rosidl_typesupport_introspection_c/hunter_msgs/msg/detail/hunter_light_cmd__type_support.c.o[0m
[3.773s] [ 67%] [32mBuilding C object CMakeFiles/hunter_msgs__rosidl_typesupport_introspection_c.dir/rosidl_typesupport_introspection_c/hunter_msgs/msg/detail/hunter_light_state__type_support.c.o[0m
[3.795s] [ 67%] Built target hunter_msgs__rosidl_typesupport_c
[3.806s] [ 68%] [32mBuilding C object CMakeFiles/hunter_msgs__rosidl_typesupport_introspection_c.dir/rosidl_typesupport_introspection_c/hunter_msgs/msg/detail/hunter_status__type_support.c.o[0m
[3.813s] [ 71%] [32mBuilding CXX object CMakeFiles/hunter_msgs__rosidl_typesupport_fastrtps_c.dir/rosidl_typesupport_fastrtps_c/hunter_msgs/msg/detail/hunter_rc_state__type_support_c.cpp.o[0m
[3.813s] [ 71%] [32mBuilding CXX object CMakeFiles/hunter_msgs__rosidl_typesupport_fastrtps_c.dir/rosidl_typesupport_fastrtps_c/hunter_msgs/msg/detail/hunter_status__type_support_c.cpp.o[0m
[3.818s] [ 73%] [32mBuilding C object CMakeFiles/hunter_msgs__rosidl_typesupport_introspection_c.dir/rosidl_typesupport_introspection_c/hunter_msgs/msg/detail/hunter_rc_state__type_support.c.o[0m
[3.851s] [ 75%] [32m[1mLinking CXX shared library libhunter_msgs__rosidl_typesupport_introspection_cpp.so[0m
[3.861s] [ 76%] [32m[1mLinking C shared library libhunter_msgs__rosidl_typesupport_introspection_c.so[0m
[3.949s] [ 76%] Built target hunter_msgs__rosidl_typesupport_introspection_c
[4.018s] [ 76%] Built target hunter_msgs__rosidl_typesupport_introspection_cpp
[4.058s] [ 78%] [32m[1mLinking CXX shared library libhunter_msgs__rosidl_typesupport_fastrtps_cpp.so[0m
[4.143s] [ 79%] [32m[1mLinking CXX shared library libhunter_msgs__rosidl_typesupport_fastrtps_c.so[0m
[4.161s] [ 79%] Built target hunter_msgs__rosidl_typesupport_fastrtps_cpp
[4.245s] [ 79%] Built target hunter_msgs__rosidl_typesupport_fastrtps_c
[4.268s] [ 79%] Built target hunter_msgs
[4.289s] [ 81%] [34m[1mGenerating Python code for ROS interfaces[0m
[4.846s] [ 81%] Built target hunter_msgs__py
[4.866s] [ 84%] [32mBuilding C object CMakeFiles/hunter_msgs__rosidl_generator_py.dir/rosidl_generator_py/hunter_msgs/msg/_hunter_light_cmd_s.c.o[0m
[4.866s] [ 84%] [32mBuilding C object CMakeFiles/hunter_msgs__rosidl_generator_py.dir/rosidl_generator_py/hunter_msgs/msg/_hunter_actuator_state_s.c.o[0m
[4.866s] [ 85%] [32mBuilding C object CMakeFiles/hunter_msgs__rosidl_generator_py.dir/rosidl_generator_py/hunter_msgs/msg/_hunter_rc_state_s.c.o[0m
[4.867s] [ 87%] [32mBuilding C object CMakeFiles/hunter_msgs__rosidl_generator_py.dir/rosidl_generator_py/hunter_msgs/msg/_hunter_light_state_s.c.o[0m
[4.867s] [ 89%] [32mBuilding C object CMakeFiles/hunter_msgs__rosidl_generator_py.dir/rosidl_generator_py/hunter_msgs/msg/_hunter_status_s.c.o[0m
[4.990s] [ 90%] [32m[1mLinking C shared library rosidl_generator_py/hunter_msgs/libhunter_msgs__rosidl_generator_py.so[0m
[5.056s] [ 90%] Built target hunter_msgs__rosidl_generator_py
[5.073s] [ 92%] [32mBuilding C object CMakeFiles/hunter_msgs__rosidl_typesupport_introspection_c__pyext.dir/rosidl_generator_py/hunter_msgs/_hunter_msgs_s.ep.rosidl_typesupport_introspection_c.c.o[0m
[5.075s] [ 93%] [32mBuilding C object CMakeFiles/hunter_msgs__rosidl_typesupport_fastrtps_c__pyext.dir/rosidl_generator_py/hunter_msgs/_hunter_msgs_s.ep.rosidl_typesupport_fastrtps_c.c.o[0m
[5.075s] [ 95%] [32mBuilding C object CMakeFiles/hunter_msgs__rosidl_typesupport_c__pyext.dir/rosidl_generator_py/hunter_msgs/_hunter_msgs_s.ep.rosidl_typesupport_c.c.o[0m
[5.171s] [ 96%] [32m[1mLinking C shared library rosidl_generator_py/hunter_msgs/hunter_msgs_s__rosidl_typesupport_fastrtps_c.cpython-310-x86_64-linux-gnu.so[0m
[5.171s] [ 98%] [32m[1mLinking C shared library rosidl_generator_py/hunter_msgs/hunter_msgs_s__rosidl_typesupport_c.cpython-310-x86_64-linux-gnu.so[0m
[5.177s] [100%] [32m[1mLinking C shared library rosidl_generator_py/hunter_msgs/hunter_msgs_s__rosidl_typesupport_introspection_c.cpython-310-x86_64-linux-gnu.so[0m
[5.217s] [100%] Built target hunter_msgs__rosidl_typesupport_c__pyext
[5.218s] [100%] Built target hunter_msgs__rosidl_typesupport_fastrtps_c__pyext
[5.227s] [100%] Built target hunter_msgs__rosidl_typesupport_introspection_c__pyext
[5.238s] Invoked command in '/home/feroj/ros2_ws/build/hunter_msgs' returned '0': CMAKE_PREFIX_PATH=${CMAKE_PREFIX_PATH}:/opt/ros/humble /usr/bin/cmake --build /home/feroj/ros2_ws/build/hunter_msgs -- -j16 -l16
[5.240s] Invoking command in '/home/feroj/ros2_ws/build/hunter_msgs': CMAKE_PREFIX_PATH=${CMAKE_PREFIX_PATH}:/opt/ros/humble /usr/bin/cmake --install /home/feroj/ros2_ws/build/hunter_msgs
[5.245s] -- Install configuration: ""
[5.247s] -- Installing: /home/feroj/ros2_ws/install/hunter_msgs/share/ament_index/resource_index/rosidl_interfaces/hunter_msgs
[5.247s] -- Installing: /home/feroj/ros2_ws/install/hunter_msgs/include/hunter_msgs/hunter_msgs
[5.248s] -- Installing: /home/feroj/ros2_ws/install/hunter_msgs/include/hunter_msgs/hunter_msgs/msg
[5.249s] -- Installing: /home/feroj/ros2_ws/install/hunter_msgs/include/hunter_msgs/hunter_msgs/msg/hunter_light_cmd.h
[5.249s] -- Installing: /home/feroj/ros2_ws/install/hunter_msgs/include/hunter_msgs/hunter_msgs/msg/hunter_status.h
[5.249s] -- Installing: /home/feroj/ros2_ws/install/hunter_msgs/include/hunter_msgs/hunter_msgs/msg/hunter_actuator_state.h
[5.249s] -- Installing: /home/feroj/ros2_ws/install/hunter_msgs/include/hunter_msgs/hunter_msgs/msg/rosidl_generator_c__visibility_control.h
[5.250s] -- Installing: /home/feroj/ros2_ws/install/hunter_msgs/include/hunter_msgs/hunter_msgs/msg/hunter_light_state.h
[5.250s] -- Installing: /home/feroj/ros2_ws/install/hunter_msgs/include/hunter_msgs/hunter_msgs/msg/detail
[5.250s] -- Installing: /home/feroj/ros2_ws/install/hunter_msgs/include/hunter_msgs/hunter_msgs/msg/detail/hunter_rc_state__type_support.h
[5.250s] -- Installing: /home/feroj/ros2_ws/install/hunter_msgs/include/hunter_msgs/hunter_msgs/msg/detail/hunter_actuator_state__type_support.h
[5.251s] -- Installing: /home/feroj/ros2_ws/install/hunter_msgs/include/hunter_msgs/hunter_msgs/msg/detail/hunter_light_state__functions.c
[5.251s] -- Installing: /home/feroj/ros2_ws/install/hunter_msgs/include/hunter_msgs/hunter_msgs/msg/detail/hunter_light_cmd__type_support.h
[5.251s] -- Installing: /home/feroj/ros2_ws/install/hunter_msgs/include/hunter_msgs/hunter_msgs/msg/detail/hunter_actuator_state__functions.c
[5.252s] -- Installing: /home/feroj/ros2_ws/install/hunter_msgs/include/hunter_msgs/hunter_msgs/msg/detail/hunter_rc_state__functions.h
[5.252s] -- Installing: /home/feroj/ros2_ws/install/hunter_msgs/include/hunter_msgs/hunter_msgs/msg/detail/hunter_light_cmd__functions.h
[5.252s] -- Installing: /home/feroj/ros2_ws/install/hunter_msgs/include/hunter_msgs/hunter_msgs/msg/detail/hunter_light_cmd__struct.h
[5.253s] -- Installing: /home/feroj/ros2_ws/install/hunter_msgs/include/hunter_msgs/hunter_msgs/msg/detail/hunter_status__functions.c
[5.254s] -- Installing: /home/feroj/ros2_ws/install/hunter_msgs/include/hunter_msgs/hunter_msgs/msg/detail/hunter_actuator_state__struct.h
[5.254s] -- Installing: /home/feroj/ros2_ws/install/hunter_msgs/include/hunter_msgs/hunter_msgs/msg/detail/hunter_status__functions.h
[5.254s] -- Installing: /home/feroj/ros2_ws/install/hunter_msgs/include/hunter_msgs/hunter_msgs/msg/detail/hunter_rc_state__struct.h
[5.255s] -- Installing: /home/feroj/ros2_ws/install/hunter_msgs/include/hunter_msgs/hunter_msgs/msg/detail/hunter_light_state__struct.h
[5.255s] -- Installing: /home/feroj/ros2_ws/install/hunter_msgs/include/hunter_msgs/hunter_msgs/msg/detail/hunter_light_state__type_support.h
[5.257s] -- Installing: /home/feroj/ros2_ws/install/hunter_msgs/include/hunter_msgs/hunter_msgs/msg/detail/hunter_status__type_support.h
[5.258s] -- Installing: /home/feroj/ros2_ws/install/hunter_msgs/include/hunter_msgs/hunter_msgs/msg/detail/hunter_light_state__functions.h
[5.258s] -- Installing: /home/feroj/ros2_ws/install/hunter_msgs/include/hunter_msgs/hunter_msgs/msg/detail/hunter_status__struct.h
[5.258s] -- Installing: /home/feroj/ros2_ws/install/hunter_msgs/include/hunter_msgs/hunter_msgs/msg/detail/hunter_light_cmd__functions.c
[5.259s] -- Installing: /home/feroj/ros2_ws/install/hunter_msgs/include/hunter_msgs/hunter_msgs/msg/detail/hunter_rc_state__functions.c
[5.259s] -- Installing: /home/feroj/ros2_ws/install/hunter_msgs/include/hunter_msgs/hunter_msgs/msg/detail/hunter_actuator_state__functions.h
[5.259s] -- Installing: /home/feroj/ros2_ws/install/hunter_msgs/include/hunter_msgs/hunter_msgs/msg/hunter_rc_state.h
[5.259s] -- Installing: /home/feroj/ros2_ws/install/hunter_msgs/share/hunter_msgs/environment/library_path.sh
[5.259s] -- Installing: /home/feroj/ros2_ws/install/hunter_msgs/share/hunter_msgs/environment/library_path.dsv
[5.259s] -- Installing: /home/feroj/ros2_ws/install/hunter_msgs/lib/libhunter_msgs__rosidl_generator_c.so
[5.259s] -- Set runtime path of "/home/feroj/ros2_ws/install/hunter_msgs/lib/libhunter_msgs__rosidl_generator_c.so" to ""
[5.259s] -- Up-to-date: /home/feroj/ros2_ws/install/hunter_msgs/include/hunter_msgs/hunter_msgs
[5.259s] -- Up-to-date: /home/feroj/ros2_ws/install/hunter_msgs/include/hunter_msgs/hunter_msgs/msg
[5.259s] -- Up-to-date: /home/feroj/ros2_ws/install/hunter_msgs/include/hunter_msgs/hunter_msgs/msg/detail
[5.259s] -- Installing: /home/feroj/ros2_ws/install/hunter_msgs/include/hunter_msgs/hunter_msgs/msg/detail/hunter_actuator_state__rosidl_typesupport_fastrtps_c.h
[5.260s] -- Installing: /home/feroj/ros2_ws/install/hunter_msgs/include/hunter_msgs/hunter_msgs/msg/detail/hunter_status__rosidl_typesupport_fastrtps_c.h
[5.260s] -- Installing: /home/feroj/ros2_ws/install/hunter_msgs/include/hunter_msgs/hunter_msgs/msg/detail/hunter_rc_state__rosidl_typesupport_fastrtps_c.h
[5.260s] -- Installing: /home/feroj/ros2_ws/install/hunter_msgs/include/hunter_msgs/hunter_msgs/msg/detail/hunter_light_cmd__rosidl_typesupport_fastrtps_c.h
[5.260s] -- Installing: /home/feroj/ros2_ws/install/hunter_msgs/include/hunter_msgs/hunter_msgs/msg/detail/hunter_light_state__rosidl_typesupport_fastrtps_c.h
[5.260s] -- Installing: /home/feroj/ros2_ws/install/hunter_msgs/include/hunter_msgs/hunter_msgs/msg/rosidl_typesupport_fastrtps_c__visibility_control.h
[5.260s] -- Installing: /home/feroj/ros2_ws/install/hunter_msgs/lib/libhunter_msgs__rosidl_typesupport_fastrtps_c.so
[5.260s] -- Set runtime path of "/home/feroj/ros2_ws/install/hunter_msgs/lib/libhunter_msgs__rosidl_typesupport_fastrtps_c.so" to ""
[5.260s] -- Up-to-date: /home/feroj/ros2_ws/install/hunter_msgs/include/hunter_msgs/hunter_msgs
[5.260s] -- Up-to-date: /home/feroj/ros2_ws/install/hunter_msgs/include/hunter_msgs/hunter_msgs/msg
[5.261s] -- Installing: /home/feroj/ros2_ws/install/hunter_msgs/include/hunter_msgs/hunter_msgs/msg/hunter_light_state.hpp
[5.261s] -- Installing: /home/feroj/ros2_ws/install/hunter_msgs/include/hunter_msgs/hunter_msgs/msg/hunter_rc_state.hpp
[5.261s] -- Installing: /home/feroj/ros2_ws/install/hunter_msgs/include/hunter_msgs/hunter_msgs/msg/hunter_actuator_state.hpp
[5.261s] -- Installing: /home/feroj/ros2_ws/install/hunter_msgs/include/hunter_msgs/hunter_msgs/msg/hunter_status.hpp
[5.261s] -- Up-to-date: /home/feroj/ros2_ws/install/hunter_msgs/include/hunter_msgs/hunter_msgs/msg/detail
[5.261s] -- Installing: /home/feroj/ros2_ws/install/hunter_msgs/include/hunter_msgs/hunter_msgs/msg/detail/hunter_actuator_state__type_support.hpp
[5.261s] -- Installing: /home/feroj/ros2_ws/install/hunter_msgs/include/hunter_msgs/hunter_msgs/msg/detail/hunter_light_cmd__builder.hpp
[5.261s] -- Installing: /home/feroj/ros2_ws/install/hunter_msgs/include/hunter_msgs/hunter_msgs/msg/detail/hunter_status__struct.hpp
[5.262s] -- Installing: /home/feroj/ros2_ws/install/hunter_msgs/include/hunter_msgs/hunter_msgs/msg/detail/hunter_light_state__traits.hpp
[5.262s] -- Installing: /home/feroj/ros2_ws/install/hunter_msgs/include/hunter_msgs/hunter_msgs/msg/detail/hunter_rc_state__type_support.hpp
[5.262s] -- Installing: /home/feroj/ros2_ws/install/hunter_msgs/include/hunter_msgs/hunter_msgs/msg/detail/hunter_rc_state__builder.hpp
[5.262s] -- Installing: /home/feroj/ros2_ws/install/hunter_msgs/include/hunter_msgs/hunter_msgs/msg/detail/hunter_status__builder.hpp
[5.262s] -- Installing: /home/feroj/ros2_ws/install/hunter_msgs/include/hunter_msgs/hunter_msgs/msg/detail/hunter_light_state__struct.hpp
[5.263s] -- Installing: /home/feroj/ros2_ws/install/hunter_msgs/include/hunter_msgs/hunter_msgs/msg/detail/hunter_light_cmd__struct.hpp
[5.263s] -- Installing: /home/feroj/ros2_ws/install/hunter_msgs/include/hunter_msgs/hunter_msgs/msg/detail/hunter_light_state__builder.hpp
[5.263s] -- Installing: /home/feroj/ros2_ws/install/hunter_msgs/include/hunter_msgs/hunter_msgs/msg/detail/hunter_status__type_support.hpp
[5.263s] -- Installing: /home/feroj/ros2_ws/install/hunter_msgs/include/hunter_msgs/hunter_msgs/msg/detail/hunter_light_state__type_support.hpp
[5.263s] -- Installing: /home/feroj/ros2_ws/install/hunter_msgs/include/hunter_msgs/hunter_msgs/msg/detail/hunter_rc_state__struct.hpp
[5.264s] -- Installing: /home/feroj/ros2_ws/install/hunter_msgs/include/hunter_msgs/hunter_msgs/msg/detail/hunter_rc_state__traits.hpp
[5.264s] -- Installing: /home/feroj/ros2_ws/install/hunter_msgs/include/hunter_msgs/hunter_msgs/msg/detail/hunter_actuator_state__traits.hpp
[5.264s] -- Installing: /home/feroj/ros2_ws/install/hunter_msgs/include/hunter_msgs/hunter_msgs/msg/detail/hunter_actuator_state__struct.hpp
[5.264s] -- Installing: /home/feroj/ros2_ws/install/hunter_msgs/include/hunter_msgs/hunter_msgs/msg/detail/hunter_light_cmd__type_support.hpp
[5.265s] -- Installing: /home/feroj/ros2_ws/install/hunter_msgs/include/hunter_msgs/hunter_msgs/msg/detail/hunter_light_cmd__traits.hpp
[5.265s] -- Installing: /home/feroj/ros2_ws/install/hunter_msgs/include/hunter_msgs/hunter_msgs/msg/detail/hunter_status__traits.hpp
[5.265s] -- Installing: /home/feroj/ros2_ws/install/hunter_msgs/include/hunter_msgs/hunter_msgs/msg/detail/hunter_actuator_state__builder.hpp
[5.265s] -- Installing: /home/feroj/ros2_ws/install/hunter_msgs/include/hunter_msgs/hunter_msgs/msg/rosidl_generator_cpp__visibility_control.hpp
[5.268s] -- Installing: /home/feroj/ros2_ws/install/hunter_msgs/include/hunter_msgs/hunter_msgs/msg/hunter_light_cmd.hpp
[5.268s] -- Up-to-date: /home/feroj/ros2_ws/install/hunter_msgs/include/hunter_msgs/hunter_msgs
[5.272s] -- Up-to-date: /home/feroj/ros2_ws/install/hunter_msgs/include/hunter_msgs/hunter_msgs/msg
[5.273s] -- Up-to-date: /home/feroj/ros2_ws/install/hunter_msgs/include/hunter_msgs/hunter_msgs/msg/detail
[5.273s] -- Installing: /home/feroj/ros2_ws/install/hunter_msgs/include/hunter_msgs/hunter_msgs/msg/detail/hunter_status__rosidl_typesupport_fastrtps_cpp.hpp
[5.273s] -- Installing: /home/feroj/ros2_ws/install/hunter_msgs/include/hunter_msgs/hunter_msgs/msg/detail/hunter_light_cmd__rosidl_typesupport_fastrtps_cpp.hpp
[5.273s] -- Installing: /home/feroj/ros2_ws/install/hunter_msgs/include/hunter_msgs/hunter_msgs/msg/detail/hunter_rc_state__rosidl_typesupport_fastrtps_cpp.hpp
[5.274s] -- Installing: /home/feroj/ros2_ws/install/hunter_msgs/include/hunter_msgs/hunter_msgs/msg/detail/hunter_actuator_state__rosidl_typesupport_fastrtps_cpp.hpp
[5.274s] -- Installing: /home/feroj/ros2_ws/install/hunter_msgs/include/hunter_msgs/hunter_msgs/msg/detail/dds_fastrtps
[5.276s] -- Installing: /home/feroj/ros2_ws/install/hunter_msgs/include/hunter_msgs/hunter_msgs/msg/detail/hunter_light_state__rosidl_typesupport_fastrtps_cpp.hpp
[5.276s] -- Installing: /home/feroj/ros2_ws/install/hunter_msgs/include/hunter_msgs/hunter_msgs/msg/rosidl_typesupport_fastrtps_cpp__visibility_control.h
[5.276s] -- Installing: /home/feroj/ros2_ws/install/hunter_msgs/lib/libhunter_msgs__rosidl_typesupport_fastrtps_cpp.so
[5.277s] -- Set runtime path of "/home/feroj/ros2_ws/install/hunter_msgs/lib/libhunter_msgs__rosidl_typesupport_fastrtps_cpp.so" to ""
[5.277s] -- Up-to-date: /home/feroj/ros2_ws/install/hunter_msgs/include/hunter_msgs/hunter_msgs
[5.277s] -- Up-to-date: /home/feroj/ros2_ws/install/hunter_msgs/include/hunter_msgs/hunter_msgs/msg
[5.278s] -- Installing: /home/feroj/ros2_ws/install/hunter_msgs/include/hunter_msgs/hunter_msgs/msg/rosidl_typesupport_introspection_c__visibility_control.h
[5.278s] -- Up-to-date: /home/feroj/ros2_ws/install/hunter_msgs/include/hunter_msgs/hunter_msgs/msg/detail
[5.278s] -- Installing: /home/feroj/ros2_ws/install/hunter_msgs/include/hunter_msgs/hunter_msgs/msg/detail/hunter_light_cmd__type_support.c
[5.279s] -- Installing: /home/feroj/ros2_ws/install/hunter_msgs/include/hunter_msgs/hunter_msgs/msg/detail/hunter_light_cmd__rosidl_typesupport_introspection_c.h
[5.279s] -- Installing: /home/feroj/ros2_ws/install/hunter_msgs/include/hunter_msgs/hunter_msgs/msg/detail/hunter_actuator_state__rosidl_typesupport_introspection_c.h
[5.279s] -- Installing: /home/feroj/ros2_ws/install/hunter_msgs/include/hunter_msgs/hunter_msgs/msg/detail/hunter_status__type_support.c
[5.280s] -- Installing: /home/feroj/ros2_ws/install/hunter_msgs/include/hunter_msgs/hunter_msgs/msg/detail/hunter_rc_state__rosidl_typesupport_introspection_c.h
[5.280s] -- Installing: /home/feroj/ros2_ws/install/hunter_msgs/include/hunter_msgs/hunter_msgs/msg/detail/hunter_light_state__type_support.c
[5.280s] -- Installing: /home/feroj/ros2_ws/install/hunter_msgs/include/hunter_msgs/hunter_msgs/msg/detail/hunter_light_state__rosidl_typesupport_introspection_c.h
[5.280s] -- Installing: /home/feroj/ros2_ws/install/hunter_msgs/include/hunter_msgs/hunter_msgs/msg/detail/hunter_rc_state__type_support.c
[5.280s] -- Installing: /home/feroj/ros2_ws/install/hunter_msgs/include/hunter_msgs/hunter_msgs/msg/detail/hunter_status__rosidl_typesupport_introspection_c.h
[5.280s] -- Installing: /home/feroj/ros2_ws/install/hunter_msgs/include/hunter_msgs/hunter_msgs/msg/detail/hunter_actuator_state__type_support.c
[5.281s] -- Installing: /home/feroj/ros2_ws/install/hunter_msgs/lib/libhunter_msgs__rosidl_typesupport_introspection_c.so
[5.281s] -- Set runtime path of "/home/feroj/ros2_ws/install/hunter_msgs/lib/libhunter_msgs__rosidl_typesupport_introspection_c.so" to ""
[5.281s] -- Installing: /home/feroj/ros2_ws/install/hunter_msgs/lib/libhunter_msgs__rosidl_typesupport_c.so
[5.281s] -- Set runtime path of "/home/feroj/ros2_ws/install/hunter_msgs/lib/libhunter_msgs__rosidl_typesupport_c.so" to ""
[5.281s] -- Up-to-date: /home/feroj/ros2_ws/install/hunter_msgs/include/hunter_msgs/hunter_msgs
[5.282s] -- Up-to-date: /home/feroj/ros2_ws/install/hunter_msgs/include/hunter_msgs/hunter_msgs/msg
[5.282s] -- Up-to-date: /home/feroj/ros2_ws/install/hunter_msgs/include/hunter_msgs/hunter_msgs/msg/detail
[5.282s] -- Installing: /home/feroj/ros2_ws/install/hunter_msgs/include/hunter_msgs/hunter_msgs/msg/detail/hunter_status__type_support.cpp
[5.282s] -- Installing: /home/feroj/ros2_ws/install/hunter_msgs/include/hunter_msgs/hunter_msgs/msg/detail/hunter_rc_state__rosidl_typesupport_introspection_cpp.hpp
[5.282s] -- Installing: /home/feroj/ros2_ws/install/hunter_msgs/include/hunter_msgs/hunter_msgs/msg/detail/hunter_status__rosidl_typesupport_introspection_cpp.hpp
[5.282s] -- Installing: /home/feroj/ros2_ws/install/hunter_msgs/include/hunter_msgs/hunter_msgs/msg/detail/hunter_light_state__type_support.cpp
[5.282s] -- Installing: /home/feroj/ros2_ws/install/hunter_msgs/include/hunter_msgs/hunter_msgs/msg/detail/hunter_actuator_state__rosidl_typesupport_introspection_cpp.hpp
[5.282s] -- Installing: /home/feroj/ros2_ws/install/hunter_msgs/include/hunter_msgs/hunter_msgs/msg/detail/hunter_rc_state__type_support.cpp
[5.283s] -- Installing: /home/feroj/ros2_ws/install/hunter_msgs/include/hunter_msgs/hunter_msgs/msg/detail/hunter_light_state__rosidl_typesupport_introspection_cpp.hpp
[5.283s] -- Installing: /home/feroj/ros2_ws/install/hunter_msgs/include/hunter_msgs/hunter_msgs/msg/detail/hunter_light_cmd__type_support.cpp
[5.283s] -- Installing: /home/feroj/ros2_ws/install/hunter_msgs/include/hunter_msgs/hunter_msgs/msg/detail/hunter_actuator_state__type_support.cpp
[5.284s] -- Installing: /home/feroj/ros2_ws/install/hunter_msgs/include/hunter_msgs/hunter_msgs/msg/detail/hunter_light_cmd__rosidl_typesupport_introspection_cpp.hpp
[5.285s] -- Installing: /home/feroj/ros2_ws/install/hunter_msgs/lib/libhunter_msgs__rosidl_typesupport_introspection_cpp.so
[5.286s] -- Set runtime path of "/home/feroj/ros2_ws/install/hunter_msgs/lib/libhunter_msgs__rosidl_typesupport_introspection_cpp.so" to ""
[5.286s] -- Installing: /home/feroj/ros2_ws/install/hunter_msgs/lib/libhunter_msgs__rosidl_typesupport_cpp.so
[5.286s] -- Set runtime path of "/home/feroj/ros2_ws/install/hunter_msgs/lib/libhunter_msgs__rosidl_typesupport_cpp.so" to ""
[5.287s] -- Installing: /home/feroj/ros2_ws/install/hunter_msgs/share/hunter_msgs/environment/pythonpath.sh
[5.287s] -- Installing: /home/feroj/ros2_ws/install/hunter_msgs/share/hunter_msgs/environment/pythonpath.dsv
[5.288s] -- Installing: /home/feroj/ros2_ws/install/hunter_msgs/local/lib/python3.10/dist-packages/hunter_msgs-0.0.1-py3.10.egg-info
[5.289s] -- Installing: /home/feroj/ros2_ws/install/hunter_msgs/local/lib/python3.10/dist-packages/hunter_msgs-0.0.1-py3.10.egg-info/PKG-INFO
[5.290s] -- Installing: /home/feroj/ros2_ws/install/hunter_msgs/local/lib/python3.10/dist-packages/hunter_msgs-0.0.1-py3.10.egg-info/dependency_links.txt
[5.290s] -- Installing: /home/feroj/ros2_ws/install/hunter_msgs/local/lib/python3.10/dist-packages/hunter_msgs-0.0.1-py3.10.egg-info/top_level.txt
[5.290s] -- Installing: /home/feroj/ros2_ws/install/hunter_msgs/local/lib/python3.10/dist-packages/hunter_msgs-0.0.1-py3.10.egg-info/SOURCES.txt
[5.290s] -- Installing: /home/feroj/ros2_ws/install/hunter_msgs/local/lib/python3.10/dist-packages/hunter_msgs
[5.290s] -- Installing: /home/feroj/ros2_ws/install/hunter_msgs/local/lib/python3.10/dist-packages/hunter_msgs/_hunter_msgs_s.ep.rosidl_typesupport_c.c
[5.290s] -- Installing: /home/feroj/ros2_ws/install/hunter_msgs/local/lib/python3.10/dist-packages/hunter_msgs/hunter_msgs_s__rosidl_typesupport_fastrtps_c.cpython-310-x86_64-linux-gnu.so
[5.290s] -- Installing: /home/feroj/ros2_ws/install/hunter_msgs/local/lib/python3.10/dist-packages/hunter_msgs/hunter_msgs_s__rosidl_typesupport_c.cpython-310-x86_64-linux-gnu.so
[5.290s] -- Installing: /home/feroj/ros2_ws/install/hunter_msgs/local/lib/python3.10/dist-packages/hunter_msgs/_hunter_msgs_s.ep.rosidl_typesupport_introspection_c.c
[5.290s] -- Installing: /home/feroj/ros2_ws/install/hunter_msgs/local/lib/python3.10/dist-packages/hunter_msgs/__init__.py
[5.291s] -- Installing: /home/feroj/ros2_ws/install/hunter_msgs/local/lib/python3.10/dist-packages/hunter_msgs/hunter_msgs_s__rosidl_typesupport_introspection_c.cpython-310-x86_64-linux-gnu.so
[5.291s] -- Installing: /home/feroj/ros2_ws/install/hunter_msgs/local/lib/python3.10/dist-packages/hunter_msgs/msg
[5.291s] -- Installing: /home/feroj/ros2_ws/install/hunter_msgs/local/lib/python3.10/dist-packages/hunter_msgs/msg/_hunter_rc_state_s.c
[5.291s] -- Installing: /home/feroj/ros2_ws/install/hunter_msgs/local/lib/python3.10/dist-packages/hunter_msgs/msg/_hunter_light_cmd_s.c
[5.291s] -- Installing: /home/feroj/ros2_ws/install/hunter_msgs/local/lib/python3.10/dist-packages/hunter_msgs/msg/_hunter_status.py
[5.291s] -- Installing: /home/feroj/ros2_ws/install/hunter_msgs/local/lib/python3.10/dist-packages/hunter_msgs/msg/_hunter_light_state.py
[5.291s] -- Installing: /home/feroj/ros2_ws/install/hunter_msgs/local/lib/python3.10/dist-packages/hunter_msgs/msg/_hunter_status_s.c
[5.291s] -- Installing: /home/feroj/ros2_ws/install/hunter_msgs/local/lib/python3.10/dist-packages/hunter_msgs/msg/__init__.py
[5.291s] -- Installing: /home/feroj/ros2_ws/install/hunter_msgs/local/lib/python3.10/dist-packages/hunter_msgs/msg/_hunter_rc_state.py
[5.291s] -- Installing: /home/feroj/ros2_ws/install/hunter_msgs/local/lib/python3.10/dist-packages/hunter_msgs/msg/_hunter_light_cmd.py
[5.291s] -- Installing: /home/feroj/ros2_ws/install/hunter_msgs/local/lib/python3.10/dist-packages/hunter_msgs/msg/_hunter_actuator_state_s.c
[5.291s] -- Installing: /home/feroj/ros2_ws/install/hunter_msgs/local/lib/python3.10/dist-packages/hunter_msgs/msg/_hunter_light_state_s.c
[5.292s] -- Installing: /home/feroj/ros2_ws/install/hunter_msgs/local/lib/python3.10/dist-packages/hunter_msgs/msg/_hunter_actuator_state.py
[5.292s] -- Installing: /home/feroj/ros2_ws/install/hunter_msgs/local/lib/python3.10/dist-packages/hunter_msgs/libhunter_msgs__rosidl_generator_py.so
[5.292s] -- Installing: /home/feroj/ros2_ws/install/hunter_msgs/local/lib/python3.10/dist-packages/hunter_msgs/_hunter_msgs_s.ep.rosidl_typesupport_fastrtps_c.c
[5.322s] Listing '/home/feroj/ros2_ws/install/hunter_msgs/local/lib/python3.10/dist-packages/hunter_msgs'...
[5.322s] Compiling '/home/feroj/ros2_ws/install/hunter_msgs/local/lib/python3.10/dist-packages/hunter_msgs/__init__.py'...
[5.322s] Listing '/home/feroj/ros2_ws/install/hunter_msgs/local/lib/python3.10/dist-packages/hunter_msgs/msg'...
[5.322s] Compiling '/home/feroj/ros2_ws/install/hunter_msgs/local/lib/python3.10/dist-packages/hunter_msgs/msg/__init__.py'...
[5.322s] Compiling '/home/feroj/ros2_ws/install/hunter_msgs/local/lib/python3.10/dist-packages/hunter_msgs/msg/_hunter_actuator_state.py'...
[5.322s] Compiling '/home/feroj/ros2_ws/install/hunter_msgs/local/lib/python3.10/dist-packages/hunter_msgs/msg/_hunter_light_cmd.py'...
[5.322s] Compiling '/home/feroj/ros2_ws/install/hunter_msgs/local/lib/python3.10/dist-packages/hunter_msgs/msg/_hunter_light_state.py'...
[5.322s] Compiling '/home/feroj/ros2_ws/install/hunter_msgs/local/lib/python3.10/dist-packages/hunter_msgs/msg/_hunter_rc_state.py'...
[5.322s] Compiling '/home/feroj/ros2_ws/install/hunter_msgs/local/lib/python3.10/dist-packages/hunter_msgs/msg/_hunter_status.py'...
[5.325s] -- Installing: /home/feroj/ros2_ws/install/hunter_msgs/local/lib/python3.10/dist-packages/hunter_msgs/hunter_msgs_s__rosidl_typesupport_fastrtps_c.cpython-310-x86_64-linux-gnu.so
[5.326s] -- Set runtime path of "/home/feroj/ros2_ws/install/hunter_msgs/local/lib/python3.10/dist-packages/hunter_msgs/hunter_msgs_s__rosidl_typesupport_fastrtps_c.cpython-310-x86_64-linux-gnu.so" to ""
[5.326s] -- Installing: /home/feroj/ros2_ws/install/hunter_msgs/local/lib/python3.10/dist-packages/hunter_msgs/hunter_msgs_s__rosidl_typesupport_introspection_c.cpython-310-x86_64-linux-gnu.so
[5.326s] -- Set runtime path of "/home/feroj/ros2_ws/install/hunter_msgs/local/lib/python3.10/dist-packages/hunter_msgs/hunter_msgs_s__rosidl_typesupport_introspection_c.cpython-310-x86_64-linux-gnu.so" to ""
[5.327s] -- Installing: /home/feroj/ros2_ws/install/hunter_msgs/local/lib/python3.10/dist-packages/hunter_msgs/hunter_msgs_s__rosidl_typesupport_c.cpython-310-x86_64-linux-gnu.so
[5.327s] -- Set runtime path of "/home/feroj/ros2_ws/install/hunter_msgs/local/lib/python3.10/dist-packages/hunter_msgs/hunter_msgs_s__rosidl_typesupport_c.cpython-310-x86_64-linux-gnu.so" to ""
[5.327s] -- Installing: /home/feroj/ros2_ws/install/hunter_msgs/lib/libhunter_msgs__rosidl_generator_py.so
[5.328s] -- Set runtime path of "/home/feroj/ros2_ws/install/hunter_msgs/lib/libhunter_msgs__rosidl_generator_py.so" to ""
[5.328s] -- Installing: /home/feroj/ros2_ws/install/hunter_msgs/share/ament_index/resource_index/rust_packages/hunter_msgs
[5.328s] -- Installing: /home/feroj/ros2_ws/install/hunter_msgs/share/hunter_msgs/rust
[5.329s] -- Installing: /home/feroj/ros2_ws/install/hunter_msgs/share/hunter_msgs/rust/Cargo.toml
[5.329s] -- Installing: /home/feroj/ros2_ws/install/hunter_msgs/share/hunter_msgs/rust/src
[5.330s] -- Installing: /home/feroj/ros2_ws/install/hunter_msgs/share/hunter_msgs/rust/src/msg.rs
[5.330s] -- Installing: /home/feroj/ros2_ws/install/hunter_msgs/share/hunter_msgs/rust/src/lib.rs
[5.330s] -- Installing: /home/feroj/ros2_ws/install/hunter_msgs/share/hunter_msgs/rust/src/msg
[5.330s] -- Installing: /home/feroj/ros2_ws/install/hunter_msgs/share/hunter_msgs/rust/src/msg/rmw.rs
[5.331s] -- Installing: /home/feroj/ros2_ws/install/hunter_msgs/share/hunter_msgs/rust/build.rs
[5.331s] -- Installing: /home/feroj/ros2_ws/install/hunter_msgs/share/hunter_msgs/msg/HunterActuatorState.idl
[5.331s] -- Installing: /home/feroj/ros2_ws/install/hunter_msgs/share/hunter_msgs/msg/HunterLightCmd.idl
[5.331s] -- Installing: /home/feroj/ros2_ws/install/hunter_msgs/share/hunter_msgs/msg/HunterLightState.idl
[5.332s] -- Installing: /home/feroj/ros2_ws/install/hunter_msgs/share/hunter_msgs/msg/HunterRCState.idl
[5.332s] -- Installing: /home/feroj/ros2_ws/install/hunter_msgs/share/hunter_msgs/msg/HunterStatus.idl
[5.332s] -- Installing: /home/feroj/ros2_ws/install/hunter_msgs/share/hunter_msgs/msg/HunterActuatorState.msg
[5.332s] -- Installing: /home/feroj/ros2_ws/install/hunter_msgs/share/hunter_msgs/msg/HunterLightCmd.msg
[5.332s] -- Installing: /home/feroj/ros2_ws/install/hunter_msgs/share/hunter_msgs/msg/HunterLightState.msg
[5.333s] -- Installing: /home/feroj/ros2_ws/install/hunter_msgs/share/hunter_msgs/msg/HunterRCState.msg
[5.333s] -- Installing: /home/feroj/ros2_ws/install/hunter_msgs/share/hunter_msgs/msg/HunterStatus.msg
[5.333s] -- Installing: /home/feroj/ros2_ws/install/hunter_msgs/share/ament_index/resource_index/package_run_dependencies/hunter_msgs
[5.334s] -- Installing: /home/feroj/ros2_ws/install/hunter_msgs/share/ament_index/resource_index/parent_prefix_path/hunter_msgs
[5.334s] -- Installing: /home/feroj/ros2_ws/install/hunter_msgs/share/hunter_msgs/environment/ament_prefix_path.sh
[5.334s] -- Installing: /home/feroj/ros2_ws/install/hunter_msgs/share/hunter_msgs/environment/ament_prefix_path.dsv
[5.335s] -- Installing: /home/feroj/ros2_ws/install/hunter_msgs/share/hunter_msgs/environment/path.sh
[5.335s] -- Installing: /home/feroj/ros2_ws/install/hunter_msgs/share/hunter_msgs/environment/path.dsv
[5.335s] -- Installing: /home/feroj/ros2_ws/install/hunter_msgs/share/hunter_msgs/local_setup.bash
[5.335s] -- Installing: /home/feroj/ros2_ws/install/hunter_msgs/share/hunter_msgs/local_setup.sh
[5.335s] -- Installing: /home/feroj/ros2_ws/install/hunter_msgs/share/hunter_msgs/local_setup.zsh
[5.336s] -- Installing: /home/feroj/ros2_ws/install/hunter_msgs/share/hunter_msgs/local_setup.dsv
[5.336s] -- Installing: /home/feroj/ros2_ws/install/hunter_msgs/share/hunter_msgs/package.dsv
[5.336s] -- Installing: /home/feroj/ros2_ws/install/hunter_msgs/share/ament_index/resource_index/packages/hunter_msgs
[5.337s] -- Installing: /home/feroj/ros2_ws/install/hunter_msgs/share/hunter_msgs/cmake/export_hunter_msgs__rosidl_generator_cExport.cmake
[5.337s] -- Installing: /home/feroj/ros2_ws/install/hunter_msgs/share/hunter_msgs/cmake/export_hunter_msgs__rosidl_generator_cExport-noconfig.cmake
[5.337s] -- Installing: /home/feroj/ros2_ws/install/hunter_msgs/share/hunter_msgs/cmake/export_hunter_msgs__rosidl_typesupport_fastrtps_cExport.cmake
[5.338s] -- Installing: /home/feroj/ros2_ws/install/hunter_msgs/share/hunter_msgs/cmake/export_hunter_msgs__rosidl_typesupport_fastrtps_cExport-noconfig.cmake
[5.338s] -- Installing: /home/feroj/ros2_ws/install/hunter_msgs/share/hunter_msgs/cmake/export_hunter_msgs__rosidl_generator_cppExport.cmake
[5.338s] -- Installing: /home/feroj/ros2_ws/install/hunter_msgs/share/hunter_msgs/cmake/export_hunter_msgs__rosidl_typesupport_fastrtps_cppExport.cmake
[5.338s] -- Installing: /home/feroj/ros2_ws/install/hunter_msgs/share/hunter_msgs/cmake/export_hunter_msgs__rosidl_typesupport_fastrtps_cppExport-noconfig.cmake
[5.338s] -- Installing: /home/feroj/ros2_ws/install/hunter_msgs/share/hunter_msgs/cmake/hunter_msgs__rosidl_typesupport_introspection_cExport.cmake
[5.339s] -- Installing: /home/feroj/ros2_ws/install/hunter_msgs/share/hunter_msgs/cmake/hunter_msgs__rosidl_typesupport_introspection_cExport-noconfig.cmake
[5.339s] -- Installing: /home/feroj/ros2_ws/install/hunter_msgs/share/hunter_msgs/cmake/hunter_msgs__rosidl_typesupport_cExport.cmake
[5.339s] -- Installing: /home/feroj/ros2_ws/install/hunter_msgs/share/hunter_msgs/cmake/hunter_msgs__rosidl_typesupport_cExport-noconfig.cmake
[5.339s] -- Installing: /home/feroj/ros2_ws/install/hunter_msgs/share/hunter_msgs/cmake/hunter_msgs__rosidl_typesupport_introspection_cppExport.cmake
[5.340s] -- Installing: /home/feroj/ros2_ws/install/hunter_msgs/share/hunter_msgs/cmake/hunter_msgs__rosidl_typesupport_introspection_cppExport-noconfig.cmake
[5.340s] -- Installing: /home/feroj/ros2_ws/install/hunter_msgs/share/hunter_msgs/cmake/hunter_msgs__rosidl_typesupport_cppExport.cmake
[5.340s] -- Installing: /home/feroj/ros2_ws/install/hunter_msgs/share/hunter_msgs/cmake/hunter_msgs__rosidl_typesupport_cppExport-noconfig.cmake
[5.340s] -- Installing: /home/feroj/ros2_ws/install/hunter_msgs/share/hunter_msgs/cmake/export_hunter_msgs__rosidl_generator_pyExport.cmake
[5.340s] -- Installing: /home/feroj/ros2_ws/install/hunter_msgs/share/hunter_msgs/cmake/export_hunter_msgs__rosidl_generator_pyExport-noconfig.cmake
[5.341s] -- Installing: /home/feroj/ros2_ws/install/hunter_msgs/share/hunter_msgs/cmake/rosidl_cmake-extras.cmake
[5.341s] -- Installing: /home/feroj/ros2_ws/install/hunter_msgs/share/hunter_msgs/cmake/ament_cmake_export_dependencies-extras.cmake
[5.341s] -- Installing: /home/feroj/ros2_ws/install/hunter_msgs/share/hunter_msgs/cmake/ament_cmake_export_include_directories-extras.cmake
[5.341s] -- Installing: /home/feroj/ros2_ws/install/hunter_msgs/share/hunter_msgs/cmake/ament_cmake_export_libraries-extras.cmake
[5.342s] -- Installing: /home/feroj/ros2_ws/install/hunter_msgs/share/hunter_msgs/cmake/ament_cmake_export_targets-extras.cmake
[5.342s] -- Installing: /home/feroj/ros2_ws/install/hunter_msgs/share/hunter_msgs/cmake/rosidl_cmake_export_typesupport_targets-extras.cmake
[5.342s] -- Installing: /home/feroj/ros2_ws/install/hunter_msgs/share/hunter_msgs/cmake/rosidl_cmake_export_typesupport_libraries-extras.cmake
[5.342s] -- Installing: /home/feroj/ros2_ws/install/hunter_msgs/share/hunter_msgs/cmake/hunter_msgsConfig.cmake
[5.342s] -- Installing: /home/feroj/ros2_ws/install/hunter_msgs/share/hunter_msgs/cmake/hunter_msgsConfig-version.cmake
[5.343s] -- Installing: /home/feroj/ros2_ws/install/hunter_msgs/share/hunter_msgs/package.xml
[5.345s] Invoked command in '/home/feroj/ros2_ws/build/hunter_msgs' returned '0': CMAKE_PREFIX_PATH=${CMAKE_PREFIX_PATH}:/opt/ros/humble /usr/bin/cmake --install /home/feroj/ros2_ws/build/hunter_msgs
