[0.013s] Invoking command in '/home/feroj/ros2_ws/build/capstone_robot': CMAKE_PREFIX_PATH=/opt/ros/humble /usr/bin/cmake /home/feroj/ros2_ws/src/capstone_robot -DCMAKE_INSTALL_PREFIX=/home/feroj/ros2_ws/install/capstone_robot
[0.171s] -- The C compiler identification is GNU 11.4.0
[0.376s] -- The CXX compiler identification is GNU 11.4.0
[0.476s] -- Detecting C compiler ABI info
[0.563s] -- Detecting C compiler ABI info - done
[0.568s] -- Check for working C compiler: /usr/bin/cc - skipped
[0.568s] -- Detecting C compile features
[0.569s] -- Detecting C compile features - done
[0.572s] -- Detecting CXX compiler ABI info
[0.660s] -- Detecting CXX compiler ABI info - done
[0.664s] -- Check for working CXX compiler: /usr/bin/c++ - skipped
[0.665s] -- Detecting CXX compile features
[0.665s] -- Detecting CXX compile features - done
[0.678s] -- Found ament_cmake: 1.3.14 (/opt/ros/humble/share/ament_cmake/cmake)
[0.787s] -- Found Python3: /usr/bin/python3 (found version "3.10.12") found components: Interpreter 
[0.871s] -- Found ament_lint_auto: 0.12.15 (/opt/ros/humble/share/ament_lint_auto/cmake)
[0.933s] -- Added test 'flake8' to check Python code syntax and style conventions
[0.934s] -- Added test 'lint_cmake' to check CMake code style
[0.935s] -- Added test 'pep257' to check Python code against some of the docstring style conventions in PEP 257
[0.937s] -- Added test 'xmllint' to check XML markup files
[0.939s] -- Configuring done
[0.945s] -- Generating done
[0.947s] -- Build files have been written to: /home/feroj/ros2_ws/build/capstone_robot
[0.950s] Invoked command in '/home/feroj/ros2_ws/build/capstone_robot' returned '0': CMAKE_PREFIX_PATH=/opt/ros/humble /usr/bin/cmake /home/feroj/ros2_ws/src/capstone_robot -DCMAKE_INSTALL_PREFIX=/home/feroj/ros2_ws/install/capstone_robot
[0.952s] Invoking command in '/home/feroj/ros2_ws/build/capstone_robot': CMAKE_PREFIX_PATH=/opt/ros/humble /usr/bin/cmake --build /home/feroj/ros2_ws/build/capstone_robot -- -j16 -l16
[0.982s] Invoked command in '/home/feroj/ros2_ws/build/capstone_robot' returned '0': CMAKE_PREFIX_PATH=/opt/ros/humble /usr/bin/cmake --build /home/feroj/ros2_ws/build/capstone_robot -- -j16 -l16
[0.990s] Invoking command in '/home/feroj/ros2_ws/build/capstone_robot': CMAKE_PREFIX_PATH=/opt/ros/humble /usr/bin/cmake --install /home/feroj/ros2_ws/build/capstone_robot
[0.994s] -- Install configuration: ""
[0.996s] -- Installing: /home/feroj/ros2_ws/install/capstone_robot/lib/capstone_robot/wasd_teleop.py
[0.996s] -- Installing: /home/feroj/ros2_ws/install/capstone_robot/lib/capstone_robot/obstacle_detector.py
[0.996s] -- Installing: /home/feroj/ros2_ws/install/capstone_robot/lib/capstone_robot/object_distance_viewer.py
[0.996s] -- Installing: /home/feroj/ros2_ws/install/capstone_robot/share/capstone_robot/models
[0.997s] -- Installing: /home/feroj/ros2_ws/install/capstone_robot/share/capstone_robot/models/coco.names
[0.998s] -- Installing: /home/feroj/ros2_ws/install/capstone_robot/share/capstone_robot/models/yolov4-tiny.weights
[1.034s] -- Installing: /home/feroj/ros2_ws/install/capstone_robot/share/capstone_robot/models/yolov4-tiny.cfg
[1.036s] -- Installing: /home/feroj/ros2_ws/install/capstone_robot/share/ament_index/resource_index/package_run_dependencies/capstone_robot
[1.036s] -- Installing: /home/feroj/ros2_ws/install/capstone_robot/share/ament_index/resource_index/parent_prefix_path/capstone_robot
[1.037s] -- Installing: /home/feroj/ros2_ws/install/capstone_robot/share/capstone_robot/environment/ament_prefix_path.sh
[1.037s] -- Installing: /home/feroj/ros2_ws/install/capstone_robot/share/capstone_robot/environment/ament_prefix_path.dsv
[1.037s] -- Installing: /home/feroj/ros2_ws/install/capstone_robot/share/capstone_robot/environment/path.sh
[1.037s] -- Installing: /home/feroj/ros2_ws/install/capstone_robot/share/capstone_robot/environment/path.dsv
[1.038s] -- Installing: /home/feroj/ros2_ws/install/capstone_robot/share/capstone_robot/local_setup.bash
[1.038s] -- Installing: /home/feroj/ros2_ws/install/capstone_robot/share/capstone_robot/local_setup.sh
[1.038s] -- Installing: /home/feroj/ros2_ws/install/capstone_robot/share/capstone_robot/local_setup.zsh
[1.038s] -- Installing: /home/feroj/ros2_ws/install/capstone_robot/share/capstone_robot/local_setup.dsv
[1.038s] -- Installing: /home/feroj/ros2_ws/install/capstone_robot/share/capstone_robot/package.dsv
[1.039s] -- Installing: /home/feroj/ros2_ws/install/capstone_robot/share/ament_index/resource_index/packages/capstone_robot
[1.040s] -- Installing: /home/feroj/ros2_ws/install/capstone_robot/share/capstone_robot/cmake/capstone_robotConfig.cmake
[1.040s] -- Installing: /home/feroj/ros2_ws/install/capstone_robot/share/capstone_robot/cmake/capstone_robotConfig-version.cmake
[1.040s] -- Installing: /home/feroj/ros2_ws/install/capstone_robot/share/capstone_robot/package.xml
[1.042s] Invoked command in '/home/feroj/ros2_ws/build/capstone_robot' returned '0': CMAKE_PREFIX_PATH=/opt/ros/humble /usr/bin/cmake --install /home/feroj/ros2_ws/build/capstone_robot
