-- Install configuration: ""
-- Up-to-date: /home/feroj/ros2_ws/install/hunter_gazebo/share/hunter_gazebo/launch
-- Up-to-date: /home/feroj/ros2_ws/install/hunter_gazebo/share/hunter_gazebo/launch/spawn_robot_description.launch (copy).py
-- Up-to-date: /home/feroj/ros2_ws/install/hunter_gazebo/share/hunter_gazebo/launch/spawn_robot_description.launch.py
-- Up-to-date: /home/feroj/ros2_ws/install/hunter_gazebo/share/hunter_gazebo/launch/spawn_robot_ros2.launch.xml
-- Up-to-date: /home/feroj/ros2_ws/install/hunter_gazebo/share/hunter_gazebo/launch/start_world.launch.py
-- Up-to-date: /home/feroj/ros2_ws/install/hunter_gazebo/share/hunter_gazebo/rviz
-- Up-to-date: /home/feroj/ros2_ws/install/hunter_gazebo/share/hunter_gazebo/rviz/config.rviz
-- Up-to-date: /home/feroj/ros2_ws/install/hunter_gazebo/share/hunter_gazebo/worlds
-- Up-to-date: /home/feroj/ros2_ws/install/hunter_gazebo/share/hunter_gazebo/worlds/empty.world
-- Up-to-date: /home/feroj/ros2_ws/install/hunter_gazebo/share/ament_index/resource_index/package_run_dependencies/hunter_gazebo
-- Up-to-date: /home/feroj/ros2_ws/install/hunter_gazebo/share/ament_index/resource_index/parent_prefix_path/hunter_gazebo
-- Up-to-date: /home/feroj/ros2_ws/install/hunter_gazebo/share/hunter_gazebo/environment/ament_prefix_path.sh
-- Up-to-date: /home/feroj/ros2_ws/install/hunter_gazebo/share/hunter_gazebo/environment/ament_prefix_path.dsv
-- Up-to-date: /home/feroj/ros2_ws/install/hunter_gazebo/share/hunter_gazebo/environment/path.sh
-- Up-to-date: /home/feroj/ros2_ws/install/hunter_gazebo/share/hunter_gazebo/environment/path.dsv
-- Up-to-date: /home/feroj/ros2_ws/install/hunter_gazebo/share/hunter_gazebo/local_setup.bash
-- Up-to-date: /home/feroj/ros2_ws/install/hunter_gazebo/share/hunter_gazebo/local_setup.sh
-- Up-to-date: /home/feroj/ros2_ws/install/hunter_gazebo/share/hunter_gazebo/local_setup.zsh
-- Up-to-date: /home/feroj/ros2_ws/install/hunter_gazebo/share/hunter_gazebo/local_setup.dsv
-- Up-to-date: /home/feroj/ros2_ws/install/hunter_gazebo/share/hunter_gazebo/package.dsv
-- Up-to-date: /home/feroj/ros2_ws/install/hunter_gazebo/share/ament_index/resource_index/packages/hunter_gazebo
-- Up-to-date: /home/feroj/ros2_ws/install/hunter_gazebo/share/hunter_gazebo/cmake/hunter_gazeboConfig.cmake
-- Up-to-date: /home/feroj/ros2_ws/install/hunter_gazebo/share/hunter_gazebo/cmake/hunter_gazeboConfig-version.cmake
-- Up-to-date: /home/feroj/ros2_ws/install/hunter_gazebo/share/hunter_gazebo/package.xml
