[0.031s] Invoking command in '/home/feroj/ros2_ws/build/hunter_gazebo': CMAKE_PREFIX_PATH=${CMAKE_PREFIX_PATH}:/opt/ros/humble /usr/bin/cmake --build /home/feroj/ros2_ws/build/hunter_gazebo -- -j16 -l16
[0.223s] Invoked command in '/home/feroj/ros2_ws/build/hunter_gazebo' returned '0': CMAKE_PREFIX_PATH=${CMAKE_PREFIX_PATH}:/opt/ros/humble /usr/bin/cmake --build /home/feroj/ros2_ws/build/hunter_gazebo -- -j16 -l16
[0.225s] Invoking command in '/home/feroj/ros2_ws/build/hunter_gazebo': CMAKE_PREFIX_PATH=${CMAKE_PREFIX_PATH}:/opt/ros/humble /usr/bin/cmake --install /home/feroj/ros2_ws/build/hunter_gazebo
[0.237s] -- Install configuration: ""
[0.237s] -- Up-to-date: /home/feroj/ros2_ws/install/hunter_gazebo/share/hunter_gazebo/launch
[0.237s] -- Up-to-date: /home/feroj/ros2_ws/install/hunter_gazebo/share/hunter_gazebo/launch/spawn_robot_description.launch (copy).py
[0.237s] -- Up-to-date: /home/feroj/ros2_ws/install/hunter_gazebo/share/hunter_gazebo/launch/spawn_robot_description.launch.py
[0.238s] -- Up-to-date: /home/feroj/ros2_ws/install/hunter_gazebo/share/hunter_gazebo/launch/spawn_robot_ros2.launch.xml
[0.238s] -- Up-to-date: /home/feroj/ros2_ws/install/hunter_gazebo/share/hunter_gazebo/launch/start_world.launch.py
[0.238s] -- Up-to-date: /home/feroj/ros2_ws/install/hunter_gazebo/share/hunter_gazebo/rviz
[0.238s] -- Up-to-date: /home/feroj/ros2_ws/install/hunter_gazebo/share/hunter_gazebo/rviz/config.rviz
[0.239s] -- Up-to-date: /home/feroj/ros2_ws/install/hunter_gazebo/share/hunter_gazebo/worlds
[0.239s] -- Up-to-date: /home/feroj/ros2_ws/install/hunter_gazebo/share/hunter_gazebo/worlds/empty.world
[0.239s] -- Up-to-date: /home/feroj/ros2_ws/install/hunter_gazebo/share/ament_index/resource_index/package_run_dependencies/hunter_gazebo
[0.242s] -- Up-to-date: /home/feroj/ros2_ws/install/hunter_gazebo/share/ament_index/resource_index/parent_prefix_path/hunter_gazebo
[0.243s] -- Up-to-date: /home/feroj/ros2_ws/install/hunter_gazebo/share/hunter_gazebo/environment/ament_prefix_path.sh
[0.243s] -- Up-to-date: /home/feroj/ros2_ws/install/hunter_gazebo/share/hunter_gazebo/environment/ament_prefix_path.dsv
[0.244s] -- Up-to-date: /home/feroj/ros2_ws/install/hunter_gazebo/share/hunter_gazebo/environment/path.sh
[0.244s] -- Up-to-date: /home/feroj/ros2_ws/install/hunter_gazebo/share/hunter_gazebo/environment/path.dsv
[0.244s] -- Up-to-date: /home/feroj/ros2_ws/install/hunter_gazebo/share/hunter_gazebo/local_setup.bash
[0.245s] -- Up-to-date: /home/feroj/ros2_ws/install/hunter_gazebo/share/hunter_gazebo/local_setup.sh
[0.245s] -- Up-to-date: /home/feroj/ros2_ws/install/hunter_gazebo/share/hunter_gazebo/local_setup.zsh
[0.246s] -- Up-to-date: /home/feroj/ros2_ws/install/hunter_gazebo/share/hunter_gazebo/local_setup.dsv
[0.246s] -- Up-to-date: /home/feroj/ros2_ws/install/hunter_gazebo/share/hunter_gazebo/package.dsv
[0.246s] -- Up-to-date: /home/feroj/ros2_ws/install/hunter_gazebo/share/ament_index/resource_index/packages/hunter_gazebo
[0.246s] -- Up-to-date: /home/feroj/ros2_ws/install/hunter_gazebo/share/hunter_gazebo/cmake/hunter_gazeboConfig.cmake
[0.247s] -- Up-to-date: /home/feroj/ros2_ws/install/hunter_gazebo/share/hunter_gazebo/cmake/hunter_gazeboConfig-version.cmake
[0.247s] -- Up-to-date: /home/feroj/ros2_ws/install/hunter_gazebo/share/hunter_gazebo/package.xml
[0.262s] Invoked command in '/home/feroj/ros2_ws/build/hunter_gazebo' returned '0': CMAKE_PREFIX_PATH=${CMAKE_PREFIX_PATH}:/opt/ros/humble /usr/bin/cmake --install /home/feroj/ros2_ws/build/hunter_gazebo
