[0.029s] Invoking command in '/home/feroj/ros2_ws/build/hunter_control': CMAKE_PREFIX_PATH=${CMAKE_PREFIX_PATH}:/opt/ros/humble /usr/bin/cmake /home/feroj/ros2_ws/src/Hunter_ROS2/hunter_control -DCMAKE_INSTALL_PREFIX=/home/feroj/ros2_ws/install/hunter_control
[0.096s] -- The C compiler identification is GNU 11.4.0
[0.253s] -- The CXX compiler identification is GNU 11.4.0
[0.352s] -- Detecting C compiler ABI info
[0.448s] -- Detecting C compiler ABI info - done
[0.455s] -- Check for working C compiler: /usr/bin/cc - skipped
[0.455s] -- Detecting C compile features
[0.455s] -- Detecting C compile features - done
[0.458s] -- Detecting CXX compiler ABI info
[0.556s] -- Detecting CXX compiler ABI info - done
[0.561s] -- Check for working CXX compiler: /usr/bin/c++ - skipped
[0.561s] -- Detecting CXX compile features
[0.562s] -- Detecting CXX compile features - done
[0.564s] -- Found ament_cmake: 1.3.14 (/opt/ros/humble/share/ament_cmake/cmake)
[0.668s] -- Found Python3: /usr/bin/python3 (found version "3.10.12") found components: Interpreter 
[0.732s] -- Found ament_lint_auto: 0.12.15 (/opt/ros/humble/share/ament_lint_auto/cmake)
[0.785s] -- Added test 'lint_cmake' to check CMake code style
[0.786s] -- Added test 'xmllint' to check XML markup files
[0.787s] -- Configuring done
[0.793s] -- Generating done
[0.798s] -- Build files have been written to: /home/feroj/ros2_ws/build/hunter_control
[0.808s] Invoked command in '/home/feroj/ros2_ws/build/hunter_control' returned '0': CMAKE_PREFIX_PATH=${CMAKE_PREFIX_PATH}:/opt/ros/humble /usr/bin/cmake /home/feroj/ros2_ws/src/Hunter_ROS2/hunter_control -DCMAKE_INSTALL_PREFIX=/home/feroj/ros2_ws/install/hunter_control
[0.809s] Invoking command in '/home/feroj/ros2_ws/build/hunter_control': CMAKE_PREFIX_PATH=${CMAKE_PREFIX_PATH}:/opt/ros/humble /usr/bin/cmake --build /home/feroj/ros2_ws/build/hunter_control -- -j16 -l16
[0.834s] Invoked command in '/home/feroj/ros2_ws/build/hunter_control' returned '0': CMAKE_PREFIX_PATH=${CMAKE_PREFIX_PATH}:/opt/ros/humble /usr/bin/cmake --build /home/feroj/ros2_ws/build/hunter_control -- -j16 -l16
[0.835s] Invoking command in '/home/feroj/ros2_ws/build/hunter_control': CMAKE_PREFIX_PATH=${CMAKE_PREFIX_PATH}:/opt/ros/humble /usr/bin/cmake --install /home/feroj/ros2_ws/build/hunter_control
[0.842s] -- Install configuration: ""
[0.843s] -- Installing: /home/feroj/ros2_ws/install/hunter_control/share/hunter_control/config
[0.849s] -- Installing: /home/feroj/ros2_ws/install/hunter_control/share/hunter_control/config/ackermann_steering_controller_params.yaml
[0.849s] -- Installing: /home/feroj/ros2_ws/install/hunter_control/share/ament_index/resource_index/package_run_dependencies/hunter_control
[0.849s] -- Installing: /home/feroj/ros2_ws/install/hunter_control/share/ament_index/resource_index/parent_prefix_path/hunter_control
[0.849s] -- Installing: /home/feroj/ros2_ws/install/hunter_control/share/hunter_control/environment/ament_prefix_path.sh
[0.849s] -- Installing: /home/feroj/ros2_ws/install/hunter_control/share/hunter_control/environment/ament_prefix_path.dsv
[0.849s] -- Installing: /home/feroj/ros2_ws/install/hunter_control/share/hunter_control/environment/path.sh
[0.849s] -- Installing: /home/feroj/ros2_ws/install/hunter_control/share/hunter_control/environment/path.dsv
[0.849s] -- Installing: /home/feroj/ros2_ws/install/hunter_control/share/hunter_control/local_setup.bash
[0.850s] -- Installing: /home/feroj/ros2_ws/install/hunter_control/share/hunter_control/local_setup.sh
[0.850s] -- Installing: /home/feroj/ros2_ws/install/hunter_control/share/hunter_control/local_setup.zsh
[0.850s] -- Installing: /home/feroj/ros2_ws/install/hunter_control/share/hunter_control/local_setup.dsv
[0.850s] -- Installing: /home/feroj/ros2_ws/install/hunter_control/share/hunter_control/package.dsv
[0.851s] -- Installing: /home/feroj/ros2_ws/install/hunter_control/share/ament_index/resource_index/packages/hunter_control
[0.851s] -- Installing: /home/feroj/ros2_ws/install/hunter_control/share/hunter_control/cmake/hunter_controlConfig.cmake
[0.851s] -- Installing: /home/feroj/ros2_ws/install/hunter_control/share/hunter_control/cmake/hunter_controlConfig-version.cmake
[0.852s] -- Installing: /home/feroj/ros2_ws/install/hunter_control/share/hunter_control/package.xml
[0.871s] Invoked command in '/home/feroj/ros2_ws/build/hunter_control' returned '0': CMAKE_PREFIX_PATH=${CMAKE_PREFIX_PATH}:/opt/ros/humble /usr/bin/cmake --install /home/feroj/ros2_ws/build/hunter_control
