-- Install configuration: ""
-- Up-to-date: /home/feroj/ros2_ws/install/hunter_description/share/hunter_description/launch
-- Up-to-date: /home/feroj/ros2_ws/install/hunter_description/share/hunter_description/launch/publish_urdf.launch.py
-- Up-to-date: /home/feroj/ros2_ws/install/hunter_description/share/hunter_description/launch/description.launch.py
-- Up-to-date: /home/feroj/ros2_ws/install/hunter_description/share/hunter_description/rviz
-- Up-to-date: /home/feroj/ros2_ws/install/hunter_description/share/hunter_description/rviz/config.rviz
-- Up-to-date: /home/feroj/ros2_ws/install/hunter_description/share/hunter_description/meshes
-- Up-to-date: /home/feroj/ros2_ws/install/hunter_description/share/hunter_description/meshes/fr_left_link.STL
-- Up-to-date: /home/feroj/ros2_ws/install/hunter_description/share/hunter_description/meshes/fr_steer_left_link.STL
-- Up-to-date: /home/feroj/ros2_ws/install/hunter_description/share/hunter_description/meshes/fr_right_link.STL
-- Up-to-date: /home/feroj/ros2_ws/install/hunter_description/share/hunter_description/meshes/fr_steer_right_link.STL
-- Up-to-date: /home/feroj/ros2_ws/install/hunter_description/share/hunter_description/meshes/base_link.STL
-- Up-to-date: /home/feroj/ros2_ws/install/hunter_description/share/hunter_description/meshes/re_right_link.STL
-- Up-to-date: /home/feroj/ros2_ws/install/hunter_description/share/hunter_description/meshes/realsense.dae
-- Up-to-date: /home/feroj/ros2_ws/install/hunter_description/share/hunter_description/meshes/re_left_link.STL
-- Up-to-date: /home/feroj/ros2_ws/install/hunter_description/share/hunter_description/urdf
-- Up-to-date: /home/feroj/ros2_ws/install/hunter_description/share/hunter_description/urdf/hunter_se_description1.xacro
-- Up-to-date: /home/feroj/ros2_ws/install/hunter_description/share/hunter_description/urdf/hunter_se_description2.xacro
-- Up-to-date: /home/feroj/ros2_ws/install/hunter_description/share/hunter_description/urdf/robot.xacro
-- Installing: /home/feroj/ros2_ws/install/hunter_description/share/hunter_description/urdf/hunter.gazebo.xacro
-- Up-to-date: /home/feroj/ros2_ws/install/hunter_description/share/hunter_description/urdf/hunter_se_description2 (copy).xacro
-- Up-to-date: /home/feroj/ros2_ws/install/hunter_description/share/hunter_description/urdf/hunter_se_description.csv
-- Up-to-date: /home/feroj/ros2_ws/install/hunter_description/share/hunter_description/urdf/hunter_se_description.xacro
-- Up-to-date: /home/feroj/ros2_ws/install/hunter_description/share/ament_index/resource_index/package_run_dependencies/hunter_description
-- Up-to-date: /home/feroj/ros2_ws/install/hunter_description/share/ament_index/resource_index/parent_prefix_path/hunter_description
-- Up-to-date: /home/feroj/ros2_ws/install/hunter_description/share/hunter_description/environment/ament_prefix_path.sh
-- Up-to-date: /home/feroj/ros2_ws/install/hunter_description/share/hunter_description/environment/ament_prefix_path.dsv
-- Up-to-date: /home/feroj/ros2_ws/install/hunter_description/share/hunter_description/environment/path.sh
-- Up-to-date: /home/feroj/ros2_ws/install/hunter_description/share/hunter_description/environment/path.dsv
-- Up-to-date: /home/feroj/ros2_ws/install/hunter_description/share/hunter_description/local_setup.bash
-- Up-to-date: /home/feroj/ros2_ws/install/hunter_description/share/hunter_description/local_setup.sh
-- Up-to-date: /home/feroj/ros2_ws/install/hunter_description/share/hunter_description/local_setup.zsh
-- Up-to-date: /home/feroj/ros2_ws/install/hunter_description/share/hunter_description/local_setup.dsv
-- Up-to-date: /home/feroj/ros2_ws/install/hunter_description/share/hunter_description/package.dsv
-- Up-to-date: /home/feroj/ros2_ws/install/hunter_description/share/ament_index/resource_index/packages/hunter_description
-- Up-to-date: /home/feroj/ros2_ws/install/hunter_description/share/hunter_description/cmake/hunter_descriptionConfig.cmake
-- Up-to-date: /home/feroj/ros2_ws/install/hunter_description/share/hunter_description/cmake/hunter_descriptionConfig-version.cmake
-- Up-to-date: /home/feroj/ros2_ws/install/hunter_description/share/hunter_description/package.xml
