[0.008s] Invoking command in '/home/feroj/ros2_ws/build/hunter_description': CMAKE_PREFIX_PATH=/opt/ros/humble /usr/bin/cmake --build /home/feroj/ros2_ws/build/hunter_description -- -j16 -l16
[0.041s] Invoked command in '/home/feroj/ros2_ws/build/hunter_description' returned '0': CMAKE_PREFIX_PATH=/opt/ros/humble /usr/bin/cmake --build /home/feroj/ros2_ws/build/hunter_description -- -j16 -l16
[0.048s] Invoking command in '/home/feroj/ros2_ws/build/hunter_description': CMAKE_PREFIX_PATH=/opt/ros/humble /usr/bin/cmake --install /home/feroj/ros2_ws/build/hunter_description
[0.055s] -- Install configuration: ""
[0.055s] -- Up-to-date: /home/feroj/ros2_ws/install/hunter_description/share/hunter_description/launch
[0.055s] -- Up-to-date: /home/feroj/ros2_ws/install/hunter_description/share/hunter_description/launch/publish_urdf.launch.py
[0.055s] -- Up-to-date: /home/feroj/ros2_ws/install/hunter_description/share/hunter_description/launch/description.launch.py
[0.055s] -- Up-to-date: /home/feroj/ros2_ws/install/hunter_description/share/hunter_description/rviz
[0.056s] -- Up-to-date: /home/feroj/ros2_ws/install/hunter_description/share/hunter_description/rviz/config.rviz
[0.056s] -- Up-to-date: /home/feroj/ros2_ws/install/hunter_description/share/hunter_description/meshes
[0.056s] -- Up-to-date: /home/feroj/ros2_ws/install/hunter_description/share/hunter_description/meshes/fr_left_link.STL
[0.056s] -- Up-to-date: /home/feroj/ros2_ws/install/hunter_description/share/hunter_description/meshes/fr_steer_left_link.STL
[0.056s] -- Up-to-date: /home/feroj/ros2_ws/install/hunter_description/share/hunter_description/meshes/fr_right_link.STL
[0.056s] -- Up-to-date: /home/feroj/ros2_ws/install/hunter_description/share/hunter_description/meshes/fr_steer_right_link.STL
[0.056s] -- Up-to-date: /home/feroj/ros2_ws/install/hunter_description/share/hunter_description/meshes/base_link.STL
[0.056s] -- Up-to-date: /home/feroj/ros2_ws/install/hunter_description/share/hunter_description/meshes/re_right_link.STL
[0.057s] -- Up-to-date: /home/feroj/ros2_ws/install/hunter_description/share/hunter_description/meshes/realsense.dae
[0.057s] -- Up-to-date: /home/feroj/ros2_ws/install/hunter_description/share/hunter_description/meshes/re_left_link.STL
[0.058s] -- Up-to-date: /home/feroj/ros2_ws/install/hunter_description/share/hunter_description/urdf
[0.058s] -- Up-to-date: /home/feroj/ros2_ws/install/hunter_description/share/hunter_description/urdf/hunter_se_description1.xacro
[0.058s] -- Up-to-date: /home/feroj/ros2_ws/install/hunter_description/share/hunter_description/urdf/hunter_se_description2.xacro
[0.058s] -- Up-to-date: /home/feroj/ros2_ws/install/hunter_description/share/hunter_description/urdf/robot.xacro
[0.059s] -- Installing: /home/feroj/ros2_ws/install/hunter_description/share/hunter_description/urdf/hunter.gazebo.xacro
[0.059s] -- Up-to-date: /home/feroj/ros2_ws/install/hunter_description/share/hunter_description/urdf/hunter_se_description2 (copy).xacro
[0.059s] -- Up-to-date: /home/feroj/ros2_ws/install/hunter_description/share/hunter_description/urdf/hunter_se_description.csv
[0.059s] -- Up-to-date: /home/feroj/ros2_ws/install/hunter_description/share/hunter_description/urdf/hunter_se_description.xacro
[0.060s] -- Up-to-date: /home/feroj/ros2_ws/install/hunter_description/share/ament_index/resource_index/package_run_dependencies/hunter_description
[0.060s] -- Up-to-date: /home/feroj/ros2_ws/install/hunter_description/share/ament_index/resource_index/parent_prefix_path/hunter_description
[0.061s] -- Up-to-date: /home/feroj/ros2_ws/install/hunter_description/share/hunter_description/environment/ament_prefix_path.sh
[0.061s] -- Up-to-date: /home/feroj/ros2_ws/install/hunter_description/share/hunter_description/environment/ament_prefix_path.dsv
[0.061s] -- Up-to-date: /home/feroj/ros2_ws/install/hunter_description/share/hunter_description/environment/path.sh
[0.061s] -- Up-to-date: /home/feroj/ros2_ws/install/hunter_description/share/hunter_description/environment/path.dsv
[0.062s] -- Up-to-date: /home/feroj/ros2_ws/install/hunter_description/share/hunter_description/local_setup.bash
[0.062s] -- Up-to-date: /home/feroj/ros2_ws/install/hunter_description/share/hunter_description/local_setup.sh
[0.062s] -- Up-to-date: /home/feroj/ros2_ws/install/hunter_description/share/hunter_description/local_setup.zsh
[0.063s] -- Up-to-date: /home/feroj/ros2_ws/install/hunter_description/share/hunter_description/local_setup.dsv
[0.063s] -- Up-to-date: /home/feroj/ros2_ws/install/hunter_description/share/hunter_description/package.dsv
[0.063s] -- Up-to-date: /home/feroj/ros2_ws/install/hunter_description/share/ament_index/resource_index/packages/hunter_description
[0.064s] -- Up-to-date: /home/feroj/ros2_ws/install/hunter_description/share/hunter_description/cmake/hunter_descriptionConfig.cmake
[0.064s] -- Up-to-date: /home/feroj/ros2_ws/install/hunter_description/share/hunter_description/cmake/hunter_descriptionConfig-version.cmake
[0.064s] -- Up-to-date: /home/feroj/ros2_ws/install/hunter_description/share/hunter_description/package.xml
[0.065s] Invoked command in '/home/feroj/ros2_ws/build/hunter_description' returned '0': CMAKE_PREFIX_PATH=/opt/ros/humble /usr/bin/cmake --install /home/feroj/ros2_ws/build/hunter_description
